### 1.使用 GCLogAnalysis.java 自己演练一遍串行 / 并行 /CMS/G1 的案例

#### SerialGC

##### SerialGC -Xmx1g -Xms1g GCDetailLog

```Bash
huyang@ubuntu:/home/huyang$ java -XX:+UseSerialGC -Xmx1g -Xms1g -XX:+PrintGCDetails -XX:+PrintGCDateStamps -jar gateway-server-0.0.1-SNAPSHOT.jar
# wrk -c 500
2021-03-29T00:48:07.050+0800: [GC (Allocation Failure) 2021-03-29T00:48:07.050+0800: [DefNew: 280384K->805K(314560K), 0.0044046 secs] 329673K->50094K(1013632K), 0.0045348 secs] [Times: user=0.00 sys=0.00, real=0.01 secs] 
2021-03-29T00:48:07.419+0800: [GC (Allocation Failure) 2021-03-29T00:48:07.420+0800: [DefNew: 280421K->1070K(314560K), 0.0038246 secs] 329710K->50360K(1013632K), 0.0040208 secs] [Times: user=0.01 sys=0.00, real=0.01 secs] 
2021-03-29T00:48:07.755+0800: [GC (Allocation Failure) 2021-03-29T00:48:07.755+0800: [DefNew: 280686K->1257K(314560K), 0.0037962 secs] 329976K->50547K(1013632K), 0.0039932 secs] [Times: user=0.00 sys=0.00, real=0.00 secs] 
2021-03-29T00:48:08.188+0800: [GC (Allocation Failure) 2021-03-29T00:48:08.188+0800: [DefNew: 280873K->1541K(314560K), 0.0057732 secs] 330163K->50831K(1013632K), 0.0059182 secs] [Times: user=0.01 sys=0.00, real=0.01 secs] 
2021-03-29T00:48:08.598+0800: [GC (Allocation Failure) 2021-03-29T00:48:08.598+0800: [DefNew: 281157K->1708K(314560K), 0.0042687 secs] 330447K->51003K(1013632K), 0.0044147 secs] [Times: user=0.01 sys=0.00, real=0.00 secs] 
2021-03-29T00:48:08.977+0800: [GC (Allocation Failure) 2021-03-29T00:48:08.977+0800: [DefNew: 281324K->1981K(314560K), 0.0070930 secs] 330619K->51277K(1013632K), 0.0072419 secs] [Times: user=0.02 sys=0.00, real=0.01 secs] 
2021-03-29T00:48:09.376+0800: [GC (Allocation Failure) 2021-03-29T00:48:09.377+0800: [DefNew: 281597K->2309K(314560K), 0.0068779 secs] 330893K->51605K(1013632K), 0.0070403 secs] [Times: user=0.00 sys=0.01, real=0.01 secs] 
2021-03-29T00:48:09.695+0800: [GC (Allocation Failure) 2021-03-29T00:48:09.695+0800: [DefNew: 281925K->2282K(314560K), 0.0057708 secs] 331221K->51578K(1013632K), 0.0059924 secs] [Times: user=0.01 sys=0.01, real=0.00 secs] 
2021-03-29T00:48:09.977+0800: [GC (Allocation Failure) 2021-03-29T00:48:09.977+0800: [DefNew: 281898K->2228K(314560K), 0.0086062 secs] 331194K->51524K(1013632K), 0.0088030 secs] [Times: user=0.02 sys=0.00, real=0.01 secs] 
2021-03-29T00:48:10.284+0800: [GC (Allocation Failure) 2021-03-29T00:48:10.284+0800: [DefNew: 281844K->2281K(314560K), 0.0056957 secs] 331140K->51578K(1013632K), 0.0058311 secs] [Times: user=0.01 sys=0.01, real=0.00 secs] 
2021-03-29T00:48:10.587+0800: [GC (Allocation Failure) 2021-03-29T00:48:10.588+0800: [DefNew: 281897K->2894K(314560K), 0.0063956 secs] 331194K->52192K(1013632K), 0.0065488 secs] [Times: user=0.01 sys=0.00, real=0.01 secs] 
2021-03-29T00:48:10.900+0800: [GC (Allocation Failure) 2021-03-29T00:48:10.900+0800: [DefNew: 282510K->2156K(314560K), 0.0054575 secs] 331808K->51455K(1013632K), 0.0056290 secs] [Times: user=0.00 sys=0.00, real=0.01 secs] 
2021-03-29T00:48:11.198+0800: [GC (Allocation Failure) 2021-03-29T00:48:11.198+0800: [DefNew: 281772K->2618K(314560K), 0.0066675 secs] 331071K->51921K(1013632K), 0.0069159 secs] [Times: user=0.01 sys=0.00, real=0.01 secs] 
2021-03-29T00:48:11.496+0800: [GC (Allocation Failure) 2021-03-29T00:48:11.496+0800: [DefNew: 282234K->2154K(314560K), 0.0078403 secs] 331537K->51458K(1013632K), 0.0082097 secs] [Times: user=0.01 sys=0.01, real=0.01 secs] 
2021-03-29T00:48:11.782+0800: [GC (Allocation Failure) 2021-03-29T00:48:11.782+0800: [DefNew: 281770K->2014K(314560K), 0.0044946 secs] 331074K->51319K(1013632K), 0.0046518 secs] [Times: user=0.00 sys=0.00, real=0.01 secs] 
2021-03-29T00:48:12.039+0800: [GC (Allocation Failure) 2021-03-29T00:48:12.039+0800: [DefNew: 281630K->1690K(314560K), 0.0041266 secs] 330935K->51260K(1013632K), 0.0042926 secs] [Times: user=0.00 sys=0.00, real=0.00 secs] 
2021-03-29T00:48:12.312+0800: [GC (Allocation Failure) 2021-03-29T00:48:12.312+0800: [DefNew: 281306K->1530K(314560K), 0.0052161 secs] 330876K->51301K(1013632K), 0.0054165 secs] [Times: user=0.00 sys=0.00, real=0.00 secs] 
2021-03-29T00:48:12.588+0800: [GC (Allocation Failure) 2021-03-29T00:48:12.588+0800: [DefNew: 281146K->1476K(314560K), 0.0045685 secs] 330917K->51433K(1013632K), 0.0047193 secs] [Times: user=0.01 sys=0.00, real=0.01 secs] 
2021-03-29T00:48:12.881+0800: [GC (Allocation Failure) 2021-03-29T00:48:12.881+0800: [DefNew: 281092K->1448K(314560K), 0.0061001 secs] 331049K->51646K(1013632K), 0.0063089 secs] [Times: user=0.01 sys=0.00, real=0.01 secs] 
2021-03-29T00:48:13.175+0800: [GC (Allocation Failure) 2021-03-29T00:48:13.175+0800: [DefNew: 281064K->1149K(314560K), 0.0081431 secs] 331262K->51533K(1013632K), 0.0083293 secs] [Times: user=0.01 sys=0.00, real=0.01 secs] 
2021-03-29T00:48:13.476+0800: [GC (Allocation Failure) 2021-03-29T00:48:13.476+0800: [DefNew: 280765K->845K(314560K), 0.0066155 secs] 331149K->51434K(1013632K), 0.0067618 secs] [Times: user=0.01 sys=0.01, real=0.00 secs] 
2021-03-29T00:48:13.763+0800: [GC (Allocation Failure) 2021-03-29T00:48:13.763+0800: [DefNew: 280461K->793K(314560K), 0.0050704 secs] 331050K->51503K(1013632K), 0.0053371 secs] [Times: user=0.01 sys=0.00, real=0.01 secs] 
2021-03-29T00:48:14.048+0800: [GC (Allocation Failure) 2021-03-29T00:48:14.048+0800: [DefNew: 280409K->852K(314560K), 0.0049191 secs] 331119K->51562K(1013632K), 0.0050731 secs] [Times: user=0.00 sys=0.00, real=0.01 secs] 
2021-03-29T00:48:14.327+0800: [GC (Allocation Failure) 2021-03-29T00:48:14.327+0800: [DefNew: 280468K->1054K(314560K), 0.0051240 secs] 331178K->51765K(1013632K), 0.0053404 secs] [Times: user=0.00 sys=0.00, real=0.01 secs] 
2021-03-29T00:48:14.608+0800: [GC (Allocation Failure) 2021-03-29T00:48:14.608+0800: [DefNew: 280670K->669K(314560K), 0.0052598 secs] 331381K->51385K(1013632K), 0.0054232 secs] [Times: user=0.01 sys=0.01, real=0.01 secs] 
2021-03-29T00:48:14.889+0800: [GC (Allocation Failure) 2021-03-29T00:48:14.889+0800: [DefNew: 280281K->858K(314560K), 0.0042270 secs] 330997K->51575K(1013632K), 0.0043801 secs] [Times: user=0.01 sys=0.00, real=0.01 secs] 
2021-03-29T00:48:15.164+0800: [GC (Allocation Failure) 2021-03-29T00:48:15.164+0800: [DefNew: 280474K->810K(314560K), 0.0041043 secs] 331191K->51527K(1013632K), 0.0042340 secs] [Times: user=0.00 sys=0.00, real=0.00 secs] 
2021-03-29T00:48:15.433+0800: [GC (Allocation Failure) 2021-03-29T00:48:15.433+0800: [DefNew: 280426K->736K(314560K), 0.0039958 secs] 331143K->51453K(1013632K), 0.0041809 secs] [Times: user=0.01 sys=0.00, real=0.00 secs] 
2021-03-29T00:48:15.703+0800: [GC (Allocation Failure) 2021-03-29T00:48:15.703+0800: [DefNew: 280352K->705K(314560K), 0.0043441 secs] 331069K->51425K(1013632K), 0.0045384 secs] [Times: user=0.00 sys=0.00, real=0.01 secs] 
2021-03-29T00:48:15.965+0800: [GC (Allocation Failure) 2021-03-29T00:48:15.965+0800: [DefNew: 280321K->946K(314560K), 0.0042722 secs] 331041K->51667K(1013632K), 0.0044170 secs] [Times: user=0.01 sys=0.00, real=0.00 secs] 
2021-03-29T00:48:16.232+0800: [GC (Allocation Failure) 2021-03-29T00:48:16.232+0800: [DefNew: 280562K->627K(314560K), 0.0037871 secs] 331283K->51351K(1013632K), 0.0039098 secs] [Times: user=0.00 sys=0.00, real=0.00 secs] 
2021-03-29T00:48:16.523+0800: [GC (Allocation Failure) 2021-03-29T00:48:16.524+0800: [DefNew: 280243K->682K(314560K), 0.0044055 secs] 330967K->51407K(1013632K), 0.0045528 secs] [Times: user=0.00 sys=0.00, real=0.00 secs] 
2021-03-29T00:48:16.798+0800: [GC (Allocation Failure) 2021-03-29T00:48:16.799+0800: [DefNew: 280298K->797K(314560K), 0.0047282 secs] 331023K->51523K(1013632K), 0.0048614 secs] [Times: user=0.01 sys=0.00, real=0.01 secs] 
2021-03-29T00:48:17.071+0800: [GC (Allocation Failure) 2021-03-29T00:48:17.071+0800: [DefNew: 280413K->1113K(314560K), 0.0045912 secs] 331139K->51839K(1013632K), 0.0047352 secs] [Times: user=0.01 sys=0.00, real=0.01 secs] 
2021-03-29T00:48:17.349+0800: [GC (Allocation Failure) 2021-03-29T00:48:17.349+0800: [DefNew: 280729K->662K(314560K), 0.0037549 secs] 331455K->51389K(1013632K), 0.0039707 secs] [Times: user=0.00 sys=0.00, real=0.01 secs] 
2021-03-29T00:48:17.618+0800: [GC (Allocation Failure) 2021-03-29T00:48:17.619+0800: [DefNew: 280278K->944K(314560K), 0.0040040 secs] 331005K->51676K(1013632K), 0.0042212 secs] [Times: user=0.01 sys=0.00, real=0.00 secs] 
2021-03-29T00:48:17.899+0800: [GC (Allocation Failure) 2021-03-29T00:48:17.899+0800: [DefNew: 280560K->832K(314560K), 0.0050793 secs] 331292K->51564K(1013632K), 0.0053246 secs] [Times: user=0.00 sys=0.00, real=0.01 secs] 
2021-03-29T00:48:18.184+0800: [GC (Allocation Failure) 2021-03-29T00:48:18.184+0800: [DefNew: 280448K->870K(314560K), 0.0044147 secs] 331180K->51603K(1013632K), 0.0045845 secs] [Times: user=0.00 sys=0.00, real=0.00 secs] 
2021-03-29T00:48:18.470+0800: [GC (Allocation Failure) 2021-03-29T00:48:18.470+0800: [DefNew: 280486K->962K(314560K), 0.0041024 secs] 331219K->51695K(1013632K), 0.0042281 secs] [Times: user=0.00 sys=0.00, real=0.01 secs] 
2021-03-29T00:48:18.763+0800: [GC (Allocation Failure) 2021-03-29T00:48:18.764+0800: [DefNew: 280578K->772K(314560K), 0.0037006 secs] 331311K->51505K(1013632K), 0.0038255 secs] [Times: user=0.00 sys=0.00, real=0.00 secs] 
2021-03-29T00:48:19.034+0800: [GC (Allocation Failure) 2021-03-29T00:48:19.034+0800: [DefNew: 280388K->800K(314560K), 0.0041591 secs] 331121K->51533K(1013632K), 0.0043232 secs] [Times: user=0.00 sys=0.00, real=0.00 secs] 
2021-03-29T00:48:19.312+0800: [GC (Allocation Failure) 2021-03-29T00:48:19.312+0800: [DefNew: 280416K->743K(314560K), 0.0037485 secs] 331149K->51476K(1013632K), 0.0039471 secs] [Times: user=0.01 sys=0.00, real=0.00 secs] 
2021-03-29T00:48:19.589+0800: [GC (Allocation Failure) 2021-03-29T00:48:19.589+0800: [DefNew: 280359K->805K(314560K), 0.0039177 secs] 331092K->51540K(1013632K), 0.0040557 secs] [Times: user=0.00 sys=0.00, real=0.01 secs] 
2021-03-29T00:48:19.850+0800: [GC (Allocation Failure) 2021-03-29T00:48:19.850+0800: [DefNew: 280421K->1381K(314560K), 0.0054900 secs] 331156K->52115K(1013632K), 0.0056971 secs] [Times: user=0.01 sys=0.00, real=0.01 secs] 
2021-03-29T00:48:20.120+0800: [GC (Allocation Failure) 2021-03-29T00:48:20.120+0800: [DefNew: 280997K->1282K(314560K), 0.0043438 secs] 331731K->52017K(1013632K), 0.0044823 secs] [Times: user=0.00 sys=0.00, real=0.01 secs] 
2021-03-29T00:48:20.388+0800: [GC (Allocation Failure) 2021-03-29T00:48:20.388+0800: [DefNew: 280898K->860K(314560K), 0.0041488 secs] 331633K->51595K(1013632K), 0.0043040 secs] [Times: user=0.01 sys=0.00, real=0.01 secs] 
2021-03-29T00:48:20.656+0800: [GC (Allocation Failure) 2021-03-29T00:48:20.656+0800: [DefNew: 280476K->953K(314560K), 0.0047692 secs] 331210K->51687K(1013632K), 0.0049139 secs] [Times: user=0.00 sys=0.00, real=0.00 secs] 
2021-03-29T00:48:20.941+0800: [GC (Allocation Failure) 2021-03-29T00:48:20.941+0800: [DefNew: 280569K->642K(314560K), 0.0045819 secs] 331303K->51378K(1013632K), 0.0047934 secs] [Times: user=0.00 sys=0.00, real=0.01 secs] 
2021-03-29T00:48:21.217+0800: [GC (Allocation Failure) 2021-03-29T00:48:21.217+0800: [DefNew: 280258K->761K(314560K), 0.0041147 secs] 330994K->51497K(1013632K), 0.0042510 secs] [Times: user=0.00 sys=0.00, real=0.00 secs] 
2021-03-29T00:48:21.532+0800: [GC (Allocation Failure) 2021-03-29T00:48:21.533+0800: [DefNew: 280377K->640K(314560K), 0.0047349 secs] 331113K->51376K(1013632K), 0.0050296 secs] [Times: user=0.01 sys=0.00, real=0.00 secs] 
2021-03-29T00:48:21.868+0800: [GC (Allocation Failure) 2021-03-29T00:48:21.868+0800: [DefNew: 280256K->600K(314560K), 0.0044177 secs] 330992K->51336K(1013632K), 0.0047035 secs] [Times: user=0.01 sys=0.00, real=0.01 secs] 
2021-03-29T00:48:22.168+0800: [GC (Allocation Failure) 2021-03-29T00:48:22.169+0800: [DefNew: 280216K->830K(314560K), 0.0054410 secs] 330952K->51567K(1013632K), 0.0058054 secs] [Times: user=0.01 sys=0.00, real=0.01 secs] 
2021-03-29T00:48:22.470+0800: [GC (Allocation Failure) 2021-03-29T00:48:22.470+0800: [DefNew: 280446K->782K(314560K), 0.0066965 secs] 331183K->51524K(1013632K), 0.0070937 secs] [Times: user=0.01 sys=0.00, real=0.01 secs] 
2021-03-29T00:48:22.780+0800: [GC (Allocation Failure) 2021-03-29T00:48:22.780+0800: [DefNew: 280398K->828K(314560K), 0.0050824 secs] 331140K->51570K(1013632K), 0.0053539 secs] [Times: user=0.00 sys=0.00, real=0.01 secs] 
2021-03-29T00:48:23.097+0800: [GC (Allocation Failure) 2021-03-29T00:48:23.098+0800: [DefNew: 280444K->932K(314560K), 0.0061935 secs] 331186K->51674K(1013632K), 0.0071120 secs] [Times: user=0.01 sys=0.00, real=0.01 secs] 
2021-03-29T00:48:23.415+0800: [GC (Allocation Failure) 2021-03-29T00:48:23.415+0800: [DefNew: 280548K->879K(314560K), 0.0049950 secs] 331290K->51621K(1013632K), 0.0052715 secs] [Times: user=0.00 sys=0.00, real=0.00 secs] 
2021-03-29T00:48:23.754+0800: [GC (Allocation Failure) 2021-03-29T00:48:23.754+0800: [DefNew: 280495K->626K(314560K), 0.0050186 secs] 331237K->51369K(1013632K), 0.0053033 secs] [Times: user=0.01 sys=0.00, real=0.00 secs] 
2021-03-29T00:48:24.069+0800: [GC (Allocation Failure) 2021-03-29T00:48:24.069+0800: [DefNew: 280242K->918K(314560K), 0.0062071 secs] 330985K->51661K(1013632K), 0.0065019 secs] [Times: user=0.01 sys=0.00, real=0.01 secs] 
2021-03-29T00:48:24.380+0800: [GC (Allocation Failure) 2021-03-29T00:48:24.380+0800: [DefNew: 280534K->815K(314560K), 0.0046958 secs] 331277K->51559K(1013632K), 0.0050075 secs] [Times: user=0.00 sys=0.00, real=0.01 secs] 
2021-03-29T00:48:24.712+0800: [GC (Allocation Failure) 2021-03-29T00:48:24.712+0800: [DefNew: 280431K->897K(314560K), 0.0050094 secs] 331175K->51641K(1013632K), 0.0052725 secs] [Times: user=0.01 sys=0.00, real=0.00 secs] 
2021-03-29T00:48:25.033+0800: [GC (Allocation Failure) 2021-03-29T00:48:25.033+0800: [DefNew: 280513K->821K(314560K), 0.0049881 secs] 331257K->51565K(1013632K), 0.0053489 secs] [Times: user=0.00 sys=0.00, real=0.00 secs] 
2021-03-29T00:48:25.362+0800: [GC (Allocation Failure) 2021-03-29T00:48:25.362+0800: [DefNew: 280437K->712K(314560K), 0.0048484 secs] 331181K->51457K(1013632K), 0.0051058 secs] [Times: user=0.01 sys=0.00, real=0.01 secs] 
2021-03-29T00:48:25.674+0800: [GC (Allocation Failure) 2021-03-29T00:48:25.675+0800: [DefNew: 280328K->637K(314560K), 0.0053502 secs] 331073K->51383K(1013632K), 0.0058754 secs] [Times: user=0.01 sys=0.00, real=0.00 secs] 
2021-03-29T00:48:25.980+0800: [GC (Allocation Failure) 2021-03-29T00:48:25.980+0800: [DefNew: 280253K->776K(314560K), 0.0048992 secs] 330999K->51523K(1013632K), 0.0052610 secs] [Times: user=0.00 sys=0.00, real=0.01 secs] 
2021-03-29T00:48:26.300+0800: [GC (Allocation Failure) 2021-03-29T00:48:26.301+0800: [DefNew: 280392K->761K(314560K), 0.0069225 secs] 331139K->51507K(1013632K), 0.0071202 secs] [Times: user=0.01 sys=0.00, real=0.01 secs] 
2021-03-29T00:48:26.624+0800: [GC (Allocation Failure) 2021-03-29T00:48:26.624+0800: [DefNew: 280377K->675K(314560K), 0.0048084 secs] 331123K->51422K(1013632K), 0.0049691 secs] [Times: user=0.01 sys=0.00, real=0.00 secs] 
2021-03-29T00:48:26.949+0800: [GC (Allocation Failure) 2021-03-29T00:48:26.949+0800: [DefNew: 280291K->828K(314560K), 0.0049452 secs] 331038K->51575K(1013632K), 0.0051028 secs] [Times: user=0.00 sys=0.00, real=0.01 secs] 
2021-03-29T00:48:27.281+0800: [GC (Allocation Failure) 2021-03-29T00:48:27.281+0800: [DefNew: 280444K->824K(314560K), 0.0050275 secs] 331191K->51571K(1013632K), 0.0052067 secs] [Times: user=0.01 sys=0.00, real=0.01 secs] 
2021-03-29T00:48:27.588+0800: [GC (Allocation Failure) 2021-03-29T00:48:27.588+0800: [DefNew: 280440K->833K(314560K), 0.0046940 secs] 331187K->51580K(1013632K), 0.0048642 secs] [Times: user=0.01 sys=0.00, real=0.01 secs] 
2021-03-29T00:48:27.905+0800: [GC (Allocation Failure) 2021-03-29T00:48:27.905+0800: [DefNew: 280449K->619K(314560K), 0.0049175 secs] 331196K->51366K(1013632K), 0.0051941 secs] [Times: user=0.00 sys=0.00, real=0.00 secs] 
2021-03-29T00:48:28.216+0800: [GC (Allocation Failure) 2021-03-29T00:48:28.217+0800: [DefNew: 280235K->741K(314560K), 0.0047608 secs] 330982K->51488K(1013632K), 0.0049295 secs] [Times: user=0.00 sys=0.00, real=0.00 secs] 
2021-03-29T00:48:28.525+0800: [GC (Allocation Failure) 2021-03-29T00:48:28.526+0800: [DefNew: 280357K->747K(314560K), 0.0049809 secs] 331104K->51496K(1013632K), 0.0051482 secs] [Times: user=0.01 sys=0.00, real=0.00 secs] 
2021-03-29T00:48:28.848+0800: [GC (Allocation Failure) 2021-03-29T00:48:28.848+0800: [DefNew: 280363K->769K(314560K), 0.0047697 secs] 331112K->51520K(1013632K), 0.0049631 secs] [Times: user=0.00 sys=0.00, real=0.01 secs] 
2021-03-29T00:48:29.173+0800: [GC (Allocation Failure) 2021-03-29T00:48:29.173+0800: [DefNew: 280385K->660K(314560K), 0.0047399 secs] 331136K->51411K(1013632K), 0.0049056 secs] [Times: user=0.00 sys=0.00, real=0.00 secs] 
2021-03-29T00:48:29.489+0800: [GC (Allocation Failure) 2021-03-29T00:48:29.489+0800: [DefNew: 280276K->737K(314560K), 0.0046652 secs] 331027K->51487K(1013632K), 0.0048038 secs] [Times: user=0.00 sys=0.00, real=0.01 secs] 
2021-03-29T00:48:29.812+0800: [GC (Allocation Failure) 2021-03-29T00:48:29.812+0800: [DefNew: 280353K->643K(314560K), 0.0046116 secs] 331103K->51393K(1013632K), 0.0047637 secs] [Times: user=0.00 sys=0.00, real=0.00 secs] 
2021-03-29T00:48:30.139+0800: [GC (Allocation Failure) 2021-03-29T00:48:30.139+0800: [DefNew: 280259K->817K(314560K), 0.0048307 secs] 331009K->51568K(1013632K), 0.0050032 secs] [Times: user=0.00 sys=0.00, real=0.01 secs] 
2021-03-29T00:48:30.445+0800: [GC (Allocation Failure) 2021-03-29T00:48:30.445+0800: [DefNew: 280433K->659K(314560K), 0.0044926 secs] 331184K->51410K(1013632K), 0.0046226 secs] [Times: user=0.01 sys=0.00, real=0.00 secs] 
2021-03-29T00:48:30.766+0800: [GC (Allocation Failure) 2021-03-29T00:48:30.767+0800: [DefNew: 280275K->734K(314560K), 0.0057510 secs] 331026K->51488K(1013632K), 0.0059951 secs] [Times: user=0.01 sys=0.00, real=0.01 secs] 
2021-03-29T00:48:31.080+0800: [GC (Allocation Failure) 2021-03-29T00:48:31.080+0800: [DefNew: 280350K->879K(314560K), 0.0054825 secs] 331104K->51633K(1013632K), 0.0056717 secs] [Times: user=0.00 sys=0.00, real=0.01 secs] 
2021-03-29T00:48:31.417+0800: [GC (Allocation Failure) 2021-03-29T00:48:31.417+0800: [DefNew: 280495K->733K(314560K), 0.0049066 secs] 331249K->51488K(1013632K), 0.0050663 secs] [Times: user=0.01 sys=0.00, real=0.00 secs] 
2021-03-29T00:48:31.746+0800: [GC (Allocation Failure) 2021-03-29T00:48:31.746+0800: [DefNew: 280349K->701K(314560K), 0.0044362 secs] 331104K->51457K(1013632K), 0.0046072 secs] [Times: user=0.01 sys=0.00, real=0.00 secs] 
2021-03-29T00:48:32.056+0800: [GC (Allocation Failure) 2021-03-29T00:48:32.056+0800: [DefNew: 280317K->1024K(314560K), 0.0057636 secs] 331073K->51781K(1013632K), 0.0060153 secs] [Times: user=0.00 sys=0.01, real=0.00 secs] 
2021-03-29T00:48:32.372+0800: [GC (Allocation Failure) 2021-03-29T00:48:32.373+0800: [DefNew: 280640K->789K(314560K), 0.0053699 secs] 331397K->51546K(1013632K), 0.0056370 secs] [Times: user=0.00 sys=0.00, real=0.00 secs] 
2021-03-29T00:48:32.693+0800: [GC (Allocation Failure) 2021-03-29T00:48:32.694+0800: [DefNew: 280405K->796K(314560K), 0.0046641 secs] 331162K->51553K(1013632K), 0.0047925 secs] [Times: user=0.01 sys=0.00, real=0.00 secs] 
2021-03-29T00:48:33.016+0800: [GC (Allocation Failure) 2021-03-29T00:48:33.016+0800: [DefNew: 280412K->806K(314560K), 0.0053100 secs] 331169K->51562K(1013632K), 0.0054615 secs] [Times: user=0.01 sys=0.00, real=0.00 secs] 
2021-03-29T00:48:33.338+0800: [GC (Allocation Failure) 2021-03-29T00:48:33.338+0800: [DefNew: 280422K->861K(314560K), 0.0048275 secs] 331178K->51618K(1013632K), 0.0049753 secs] [Times: user=0.01 sys=0.00, real=0.00 secs] 
2021-03-29T00:48:33.674+0800: [GC (Allocation Failure) 2021-03-29T00:48:33.674+0800: [DefNew: 280477K->966K(314560K), 0.0046233 secs] 331234K->51722K(1013632K), 0.0047532 secs] [Times: user=0.00 sys=0.00, real=0.00 secs] 
2021-03-29T00:48:33.987+0800: [GC (Allocation Failure) 2021-03-29T00:48:33.987+0800: [DefNew: 280582K->857K(314560K), 0.0056117 secs] 331338K->51629K(1013632K), 0.0057836 secs] [Times: user=0.01 sys=0.00, real=0.01 secs] 
2021-03-29T00:48:34.308+0800: [GC (Allocation Failure) 2021-03-29T00:48:34.308+0800: [DefNew: 280473K->592K(314560K), 0.0044893 secs] 331245K->51365K(1013632K), 0.0046252 secs] [Times: user=0.00 sys=0.00, real=0.01 secs] 
2021-03-29T00:48:34.630+0800: [GC (Allocation Failure) 2021-03-29T00:48:34.630+0800: [DefNew: 280208K->926K(314560K), 0.0050734 secs] 330981K->51699K(1013632K), 0.0052582 secs] [Times: user=0.01 sys=0.00, real=0.01 secs] 
2021-03-29T00:48:34.954+0800: [GC (Allocation Failure) 2021-03-29T00:48:34.954+0800: [DefNew: 280542K->924K(314560K), 0.0054955 secs] 331315K->51697K(1013632K), 0.0057482 secs] [Times: user=0.01 sys=0.00, real=0.00 secs] 
2021-03-29T00:48:35.274+0800: [GC (Allocation Failure) 2021-03-29T00:48:35.274+0800: [DefNew: 280540K->776K(314560K), 0.0054708 secs] 331313K->51550K(1013632K), 0.0057164 secs] [Times: user=0.01 sys=0.00, real=0.00 secs] 
2021-03-29T00:48:35.608+0800: [GC (Allocation Failure) 2021-03-29T00:48:35.609+0800: [DefNew: 280392K->737K(314560K), 0.0045363 secs] 331166K->51512K(1013632K), 0.0046852 secs] [Times: user=0.00 sys=0.00, real=0.01 secs] 
2021-03-29T00:48:35.920+0800: [GC (Allocation Failure) 2021-03-29T00:48:35.920+0800: [DefNew: 280353K->834K(314560K), 0.0055160 secs] 331128K->51609K(1013632K), 0.0057229 secs] [Times: user=0.01 sys=0.00, real=0.01 secs] 
2021-03-29T00:48:36.237+0800: [GC (Allocation Failure) 2021-03-29T00:48:36.237+0800: [DefNew: 280450K->788K(314560K), 0.0048523 secs] 331225K->51563K(1013632K), 0.0050076 secs] [Times: user=0.01 sys=0.00, real=0.00 secs] 
2021-03-29T00:48:36.538+0800: [GC (Allocation Failure) 2021-03-29T00:48:36.538+0800: [DefNew: 280403K->721K(314560K), 0.0044551 secs] 331178K->51496K(1013632K), 0.0046036 secs] [Times: user=0.01 sys=0.00, real=0.00 secs] 
2021-03-29T00:48:36.864+0800: [GC (Allocation Failure) 2021-03-29T00:48:36.864+0800: [DefNew: 280337K->621K(314560K), 0.0047254 secs] 331112K->51396K(1013632K), 0.0048796 secs] [Times: user=0.00 sys=0.00, real=0.00 secs] 

# wrk -c 1000
2021-03-28T23:49:29.256+0800: [GC (Allocation Failure) 2021-03-28T23:49:29.256+0800: [DefNew: 282540K->5783K(314560K), 0.0098571 secs] 330394K->53643K(1013632K), 0.0100865 secs] [Times: user=0.02 sys=0.00, real=0.01 secs] 
2021-03-28T23:49:29.860+0800: [GC (Allocation Failure) 2021-03-28T23:49:29.860+0800: [DefNew: 285399K->6285K(314560K), 0.0065958 secs] 333259K->54148K(1013632K), 0.0067410 secs] [Times: user=0.02 sys=0.01, real=0.01 secs] 
2021-03-28T23:49:30.354+0800: [GC (Allocation Failure) 2021-03-28T23:49:30.354+0800: [DefNew: 285901K->11696K(314560K), 0.0117290 secs] 333764K->59591K(1013632K), 0.0118616 secs] [Times: user=0.03 sys=0.00, real=0.01 secs] 
2021-03-28T23:49:30.808+0800: [GC (Allocation Failure) 2021-03-28T23:49:30.808+0800: [DefNew: 291312K->12655K(314560K), 0.0097199 secs] 339207K->60581K(1013632K), 0.0098767 secs] [Times: user=0.02 sys=0.00, real=0.01 secs] 
2021-03-28T23:49:31.277+0800: [GC (Allocation Failure) 2021-03-28T23:49:31.278+0800: [DefNew: 292271K->12037K(314560K), 0.0078293 secs] 340197K->60070K(1013632K), 0.0079560 secs] [Times: user=0.01 sys=0.00, real=0.01 secs] 
2021-03-28T23:49:31.751+0800: [GC (Allocation Failure) 2021-03-28T23:49:31.751+0800: [DefNew: 291653K->12499K(314560K), 0.0102777 secs] 339686K->60637K(1013632K), 0.0104390 secs] [Times: user=0.02 sys=0.00, real=0.02 secs] 
2021-03-28T23:49:32.202+0800: [GC (Allocation Failure) 2021-03-28T23:49:32.203+0800: [DefNew: 292115K->12158K(314560K), 0.0109638 secs] 340253K->60440K(1013632K), 0.0111393 secs] [Times: user=0.02 sys=0.00, real=0.01 secs] 
2021-03-28T23:49:32.639+0800: [GC (Allocation Failure) 2021-03-28T23:49:32.640+0800: [DefNew: 291774K->12101K(314560K), 0.0088106 secs] 340056K->60462K(1013632K), 0.0090612 secs] [Times: user=0.02 sys=0.00, real=0.01 secs] 
2021-03-28T23:49:33.049+0800: [GC (Allocation Failure) 2021-03-28T23:49:33.049+0800: [DefNew: 291717K->12017K(314560K), 0.0098150 secs] 340078K->60441K(1013632K), 0.0099706 secs] [Times: user=0.01 sys=0.01, real=0.01 secs] 
2021-03-28T23:49:33.483+0800: [GC (Allocation Failure) 2021-03-28T23:49:33.483+0800: [DefNew: 291633K->11631K(314560K), 0.0094326 secs] 340057K->60081K(1013632K), 0.0095953 secs] [Times: user=0.02 sys=0.00, real=0.01 secs] 
2021-03-28T23:49:33.894+0800: [GC (Allocation Failure) 2021-03-28T23:49:33.894+0800: [DefNew: 291247K->12007K(314560K), 0.0100190 secs] 339697K->60468K(1013632K), 0.0102794 secs] [Times: user=0.02 sys=0.00, real=0.01 secs] 
2021-03-28T23:49:34.352+0800: [GC (Allocation Failure) 2021-03-28T23:49:34.353+0800: [DefNew: 291623K->12213K(314560K), 0.0101220 secs] 340084K->60690K(1013632K), 0.0103637 secs] [Times: user=0.02 sys=0.00, real=0.01 secs] 
2021-03-28T23:49:34.769+0800: [GC (Allocation Failure) 2021-03-28T23:49:34.769+0800: [DefNew: 291829K->11647K(314560K), 0.0093165 secs] 340306K->60137K(1013632K), 0.0094840 secs] [Times: user=0.02 sys=0.00, real=0.01 secs] 
2021-03-28T23:49:35.175+0800: [GC (Allocation Failure) 2021-03-28T23:49:35.175+0800: [DefNew: 291263K->11963K(314560K), 0.0082756 secs] 339753K->60500K(1013632K), 0.0084999 secs] [Times: user=0.01 sys=0.00, real=0.01 secs] 
2021-03-28T23:49:35.597+0800: [GC (Allocation Failure) 2021-03-28T23:49:35.597+0800: [DefNew: 291579K->10897K(314560K), 0.0088122 secs] 340116K->60142K(1013632K), 0.0089700 secs] [Times: user=0.02 sys=0.00, real=0.01 secs] 
2021-03-28T23:49:36.007+0800: [GC (Allocation Failure) 2021-03-28T23:49:36.007+0800: [DefNew: 290513K->7113K(314560K), 0.0107121 secs] 339758K->60422K(1013632K), 0.0108914 secs] [Times: user=0.01 sys=0.00, real=0.01 secs] 
2021-03-28T23:49:36.440+0800: [GC (Allocation Failure) 2021-03-28T23:49:36.440+0800: [DefNew: 286729K->6919K(314560K), 0.0083375 secs] 340038K->60668K(1013632K), 0.0084773 secs] [Times: user=0.01 sys=0.00, real=0.00 secs] 
2021-03-28T23:49:36.846+0800: [GC (Allocation Failure) 2021-03-28T23:49:36.846+0800: [DefNew: 286535K->1343K(314560K), 0.0106684 secs] 340284K->60387K(1013632K), 0.0108998 secs] [Times: user=0.02 sys=0.01, real=0.01 secs] 
2021-03-28T23:49:37.262+0800: [GC (Allocation Failure) 2021-03-28T23:49:37.262+0800: [DefNew: 280959K->1127K(314560K), 0.0064602 secs] 340003K->60402K(1013632K), 0.0066025 secs] [Times: user=0.01 sys=0.00, real=0.00 secs] 
2021-03-28T23:49:37.672+0800: [GC (Allocation Failure) 2021-03-28T23:49:37.672+0800: [DefNew: 280743K->1480K(314560K), 0.0087796 secs] 340018K->60964K(1013632K), 0.0089666 secs] [Times: user=0.02 sys=0.00, real=0.01 secs] 
2021-03-28T23:49:38.159+0800: [GC (Allocation Failure) 2021-03-28T23:49:38.159+0800: [DefNew: 281096K->625K(314560K), 0.0048832 secs] 340580K->60318K(1013632K), 0.0050326 secs] [Times: user=0.01 sys=0.00, real=0.01 secs] 
2021-03-28T23:49:38.602+0800: [GC (Allocation Failure) 2021-03-28T23:49:38.603+0800: [DefNew: 280241K->1097K(314560K), 0.0082318 secs] 339934K->60800K(1013632K), 0.0084043 secs] [Times: user=0.01 sys=0.00, real=0.00 secs] 
2021-03-28T23:49:39.026+0800: [GC (Allocation Failure) 2021-03-28T23:49:39.026+0800: [DefNew: 280713K->982K(314560K), 0.0067924 secs] 340416K->60697K(1013632K), 0.0069416 secs] [Times: user=0.00 sys=0.01, real=0.01 secs] 
2021-03-28T23:49:39.460+0800: [GC (Allocation Failure) 2021-03-28T23:49:39.460+0800: [DefNew: 280598K->996K(314560K), 0.0062868 secs] 340313K->60717K(1013632K), 0.0065656 secs] [Times: user=0.01 sys=0.00, real=0.01 secs] 
2021-03-28T23:49:39.962+0800: [GC (Allocation Failure) 2021-03-28T23:49:39.962+0800: [DefNew: 280612K->1156K(314560K), 0.0132096 secs] 340333K->60887K(1013632K), 0.0139734 secs] [Times: user=0.02 sys=0.00, real=0.01 secs] 
2021-03-28T23:49:40.416+0800: [GC (Allocation Failure) 2021-03-28T23:49:40.416+0800: [DefNew: 280772K->1044K(314560K), 0.0097308 secs] 340503K->60788K(1013632K), 0.0100407 secs] [Times: user=0.01 sys=0.00, real=0.01 secs] 
2021-03-28T23:49:40.850+0800: [GC (Allocation Failure) 2021-03-28T23:49:40.850+0800: [DefNew: 280660K->1017K(314560K), 0.0061819 secs] 340404K->60784K(1013632K), 0.0063316 secs] [Times: user=0.00 sys=0.00, real=0.01 secs] 
2021-03-28T23:49:41.257+0800: [GC (Allocation Failure) 2021-03-28T23:49:41.257+0800: [DefNew: 280633K->1047K(314560K), 0.0084796 secs] 340400K->60819K(1013632K), 0.0086879 secs] [Times: user=0.02 sys=0.00, real=0.01 secs] 
2021-03-28T23:49:41.695+0800: [GC (Allocation Failure) 2021-03-28T23:49:41.695+0800: [DefNew: 280663K->917K(314560K), 0.0074486 secs] 340435K->60695K(1013632K), 0.0076530 secs] [Times: user=0.02 sys=0.00, real=0.01 secs] 
2021-03-28T23:49:42.117+0800: [GC (Allocation Failure) 2021-03-28T23:49:42.117+0800: [DefNew: 280533K->1077K(314560K), 0.0067295 secs] 340311K->60865K(1013632K), 0.0070261 secs] [Times: user=0.01 sys=0.01, real=0.01 secs] 
2021-03-28T23:49:42.546+0800: [GC (Allocation Failure) 2021-03-28T23:49:42.546+0800: [DefNew: 280693K->1583K(314560K), 0.0098288 secs] 340481K->61393K(1013632K), 0.0106383 secs] [Times: user=0.01 sys=0.00, real=0.01 secs] 
2021-03-28T23:49:42.982+0800: [GC (Allocation Failure) 2021-03-28T23:49:42.983+0800: [DefNew: 281199K->1772K(314560K), 0.0080275 secs] 341009K->61602K(1013632K), 0.0084372 secs] [Times: user=0.01 sys=0.00, real=0.00 secs] 
2021-03-28T23:49:43.414+0800: [GC (Allocation Failure) 2021-03-28T23:49:43.414+0800: [DefNew: 281388K->1899K(314560K), 0.0083319 secs] 341218K->61752K(1013632K), 0.0086555 secs] [Times: user=0.02 sys=0.00, real=0.01 secs] 
2021-03-28T23:49:43.840+0800: [GC (Allocation Failure) 2021-03-28T23:49:43.841+0800: [DefNew: 281514K->1537K(314560K), 0.0088105 secs] 341367K->61429K(1013632K), 0.0094407 secs] [Times: user=0.02 sys=0.00, real=0.01 secs] 
2021-03-28T23:49:44.327+0800: [GC (Allocation Failure) 2021-03-28T23:49:44.328+0800: [DefNew: 281153K->1493K(314560K), 0.0094801 secs] 341045K->61413K(1013632K), 0.0098596 secs] [Times: user=0.02 sys=0.00, real=0.01 secs] 
2021-03-28T23:49:44.774+0800: [GC (Allocation Failure) 2021-03-28T23:49:44.774+0800: [DefNew: 281109K->2087K(314560K), 0.0067520 secs] 341029K->62068K(1013632K), 0.0069724 secs] [Times: user=0.02 sys=0.00, real=0.01 secs] 
2021-03-28T23:49:45.231+0800: [GC (Allocation Failure) 2021-03-28T23:49:45.231+0800: [DefNew: 281703K->1671K(314560K), 0.0091029 secs] 341684K->61714K(1013632K), 0.0092619 secs] [Times: user=0.01 sys=0.00, real=0.02 secs] 
2021-03-28T23:49:45.655+0800: [GC (Allocation Failure) 2021-03-28T23:49:45.655+0800: [DefNew: 281278K->1914K(314560K), 0.0099436 secs] 341321K->62016K(1013632K), 0.0101734 secs] [Times: user=0.02 sys=0.00, real=0.01 secs] 
2021-03-28T23:49:46.065+0800: [GC (Allocation Failure) 2021-03-28T23:49:46.065+0800: [DefNew: 281530K->1357K(314560K), 0.0122508 secs] 341632K->61489K(1013632K), 0.0124600 secs] [Times: user=0.01 sys=0.00, real=0.01 secs] 
2021-03-28T23:49:46.453+0800: [GC (Allocation Failure) 2021-03-28T23:49:46.453+0800: [DefNew: 280973K->1567K(314560K), 0.0081375 secs] 341105K->61748K(1013632K), 0.0083520 secs] [Times: user=0.01 sys=0.00, real=0.01 secs] 
2021-03-28T23:49:46.938+0800: [GC (Allocation Failure) 2021-03-28T23:49:46.938+0800: [DefNew: 281183K->1346K(314560K), 0.0105006 secs] 341364K->61590K(1013632K), 0.0107226 secs] [Times: user=0.00 sys=0.01, real=0.01 secs] 
2021-03-28T23:49:47.390+0800: [GC (Allocation Failure) 2021-03-28T23:49:47.390+0800: [DefNew: 280962K->1793K(314560K), 0.0079783 secs] 341206K->62099K(1013632K), 0.0082714 secs] [Times: user=0.01 sys=0.01, real=0.01 secs] 
2021-03-28T23:49:47.794+0800: [GC (Allocation Failure) 2021-03-28T23:49:47.795+0800: [DefNew: 281409K->1517K(314560K), 0.0084623 secs] 341715K->61902K(1013632K), 0.0086422 secs] [Times: user=0.01 sys=0.00, real=0.01 secs] 
2021-03-28T23:49:48.167+0800: [GC (Allocation Failure) 2021-03-28T23:49:48.167+0800: [DefNew: 281133K->1891K(314560K), 0.0074833 secs] 341518K->62370K(1013632K), 0.0077791 secs] [Times: user=0.00 sys=0.00, real=0.01 secs] 
2021-03-28T23:49:48.555+0800: [GC (Allocation Failure) 2021-03-28T23:49:48.556+0800: [DefNew: 281507K->1025K(314560K), 0.0058124 secs] 341986K->61588K(1013632K), 0.0060763 secs] [Times: user=0.01 sys=0.00, real=0.01 secs] 
2021-03-28T23:49:48.939+0800: [GC (Allocation Failure) 2021-03-28T23:49:48.939+0800: [DefNew: 280641K->1074K(314560K), 0.0052249 secs] 341204K->61851K(1013632K), 0.0054690 secs] [Times: user=0.01 sys=0.00, real=0.01 secs] 
2021-03-28T23:49:49.320+0800: [GC (Allocation Failure) 2021-03-28T23:49:49.320+0800: [DefNew: 280690K->1085K(314560K), 0.0055574 secs] 341467K->61933K(1013632K), 0.0057971 secs] [Times: user=0.00 sys=0.00, real=0.00 secs] 
2021-03-28T23:49:49.692+0800: [GC (Allocation Failure) 2021-03-28T23:49:49.692+0800: [DefNew: 280701K->1334K(314560K), 0.0078350 secs] 341549K->62227K(1013632K), 0.0081265 secs] [Times: user=0.00 sys=0.00, real=0.01 secs] 
2021-03-28T23:49:50.058+0800: [GC (Allocation Failure) 2021-03-28T23:49:50.058+0800: [DefNew: 280950K->1365K(314560K), 0.0070813 secs] 341843K->62284K(1013632K), 0.0074551 secs] [Times: user=0.01 sys=0.00, real=0.01 secs] 
2021-03-28T23:49:50.465+0800: [GC (Allocation Failure) 2021-03-28T23:49:50.465+0800: [DefNew: 280977K->1163K(314560K), 0.0062942 secs] 341896K->62107K(1013632K), 0.0067539 secs] [Times: user=0.01 sys=0.01, real=0.01 secs] 
2021-03-28T23:49:50.835+0800: [GC (Allocation Failure) 2021-03-28T23:49:50.836+0800: [DefNew: 280779K->1248K(314560K), 0.0074616 secs] 341723K->62218K(1013632K), 0.0082580 secs] [Times: user=0.01 sys=0.00, real=0.01 secs] 
2021-03-28T23:49:51.235+0800: [GC (Allocation Failure) 2021-03-28T23:49:51.236+0800: [DefNew: 280864K->1170K(314560K), 0.0081884 secs] 341834K->62170K(1013632K), 0.0089853 secs] [Times: user=0.00 sys=0.00, real=0.01 secs] 
2021-03-28T23:49:51.607+0800: [GC (Allocation Failure) 2021-03-28T23:49:51.607+0800: [DefNew: 280786K->1774K(314560K), 0.0080557 secs] 341786K->62810K(1013632K), 0.0083296 secs] [Times: user=0.01 sys=0.00, real=0.01 secs] 
2021-03-28T23:49:52.057+0800: [GC (Allocation Failure) 2021-03-28T23:49:52.057+0800: [DefNew: 281390K->1279K(314560K), 0.0083612 secs] 342426K->62351K(1013632K), 0.0089372 secs] [Times: user=0.01 sys=0.00, real=0.01 secs] 
2021-03-28T23:49:52.436+0800: [GC (Allocation Failure) 2021-03-28T23:49:52.437+0800: [DefNew: 280895K->1413K(314560K), 0.0055739 secs] 341967K->62523K(1013632K), 0.0058180 secs] [Times: user=0.00 sys=0.00, real=0.01 secs] 
2021-03-28T23:49:52.799+0800: [GC (Allocation Failure) 2021-03-28T23:49:52.799+0800: [DefNew: 281029K->1299K(314560K), 0.0088511 secs] 342139K->62455K(1013632K), 0.0090427 secs] [Times: user=0.00 sys=0.00, real=0.01 secs] 
2021-03-28T23:49:53.219+0800: [GC (Allocation Failure) 2021-03-28T23:49:53.219+0800: [DefNew: 280915K->1138K(314560K), 0.0068328 secs] 342071K->62353K(1013632K), 0.0069999 secs] [Times: user=0.01 sys=0.00, real=0.01 secs] 
2021-03-28T23:49:53.625+0800: [GC (Allocation Failure) 2021-03-28T23:49:53.625+0800: [DefNew: 280754K->1300K(314560K), 0.0079390 secs] 341969K->62553K(1013632K), 0.0083042 secs] [Times: user=0.01 sys=0.00, real=0.01 secs] 
2021-03-28T23:49:54.078+0800: [GC (Allocation Failure) 2021-03-28T23:49:54.078+0800: [DefNew: 280916K->1297K(314560K), 0.0073895 secs] 342169K->62600K(1013632K), 0.0077175 secs] [Times: user=0.01 sys=0.00, real=0.01 secs] 
2021-03-28T23:49:54.458+0800: [GC (Allocation Failure) 2021-03-28T23:49:54.458+0800: [DefNew: 280913K->2040K(314560K), 0.0088983 secs] 342216K->63413K(1013632K), 0.0091558 secs] [Times: user=0.01 sys=0.00, real=0.01 secs] 
2021-03-28T23:49:54.845+0800: [GC (Allocation Failure) 2021-03-28T23:49:54.846+0800: [DefNew: 281656K->1169K(314560K), 0.0057337 secs] 343029K->62600K(1013632K), 0.0060343 secs] [Times: user=0.01 sys=0.00, real=0.00 secs] 
2021-03-28T23:49:55.241+0800: [GC (Allocation Failure) 2021-03-28T23:49:55.241+0800: [DefNew: 280785K->2692K(314560K), 0.0080768 secs] 342216K->64200K(1013632K), 0.0083511 secs] [Times: user=0.01 sys=0.00, real=0.00 secs] 
2021-03-28T23:49:55.637+0800: [GC (Allocation Failure) 2021-03-28T23:49:55.637+0800: [DefNew: 282308K->1316K(314560K), 0.0064309 secs] 343816K->62876K(1013632K), 0.0066242 secs] [Times: user=0.01 sys=0.00, real=0.01 secs] 
2021-03-28T23:49:56.048+0800: [GC (Allocation Failure) 2021-03-28T23:49:56.048+0800: [DefNew: 280932K->1235K(314560K), 0.0061146 secs] 342492K->62852K(1013632K), 0.0064816 secs] [Times: user=0.01 sys=0.00, real=0.01 secs] 
2021-03-28T23:49:56.456+0800: [GC (Allocation Failure) 2021-03-28T23:49:56.457+0800: [DefNew: 280851K->1060K(314560K), 0.0068533 secs] 342468K->62741K(1013632K), 0.0071415 secs] [Times: user=0.01 sys=0.00, real=0.01 secs] 
2021-03-28T23:49:56.874+0800: [GC (Allocation Failure) 2021-03-28T23:49:56.874+0800: [DefNew: 280676K->1319K(314560K), 0.0100423 secs] 342357K->63072K(1013632K), 0.0102336 secs] [Times: user=0.04 sys=0.00, real=0.01 secs] 
2021-03-28T23:49:57.353+0800: [GC (Allocation Failure) 2021-03-28T23:49:57.354+0800: [DefNew: 280935K->1136K(314560K), 0.0062938 secs] 342688K->62948K(1013632K), 0.0067877 secs] [Times: user=0.01 sys=0.00, real=0.00 secs] 
2021-03-28T23:49:57.814+0800: [GC (Allocation Failure) 2021-03-28T23:49:57.815+0800: [DefNew: 280752K->1119K(314560K), 0.0086852 secs] 342564K->62990K(1013632K), 0.0089611 secs] [Times: user=0.02 sys=0.00, real=0.01 secs] 
2021-03-28T23:49:58.284+0800: [GC (Allocation Failure) 2021-03-28T23:49:58.284+0800: [DefNew: 280735K->1124K(314560K), 0.0067287 secs] 342606K->63033K(1013632K), 0.0070434 secs] [Times: user=0.02 sys=0.00, real=0.00 secs] 
2021-03-28T23:49:58.751+0800: [GC (Allocation Failure) 2021-03-28T23:49:58.751+0800: [DefNew: 280740K->1254K(314560K), 0.0066714 secs] 342649K->63204K(1013632K), 0.0068247 secs] [Times: user=0.01 sys=0.00, real=0.01 secs]

```  

##### SerialGC -Xmx1g -Xms1g wrk压力测试
```Bash
huyang@ubuntu:/home/huyang$ wrk -d30s -c 500 -t 8 'http://127.0.0.1:8088'
Running 30s test @ http://127.0.0.1:8088
  8 threads and 500 connections
  Thread Stats   Avg      Stdev     Max   +/- Stdev
    Latency    36.65ms   47.44ms 902.68ms   92.06%
    Req/Sec     2.20k   762.09     6.33k    71.56%
  519949 requests in 30.09s, 129.01MB read
  Non-2xx or 3xx responses: 519949
Requests/sec:  17279.65
Transfer/sec:      4.29MB



huyang@ubuntu:/home/huyang$ wrk -d30s -c 1000 -t 8 'http://127.0.0.1:8088'
Running 30s test @ http://127.0.0.1:8088
  8 threads and 1000 connections
  Thread Stats   Avg      Stdev     Max   +/- Stdev
    Latency    96.54ms  140.34ms   1.99s    95.76%
    Req/Sec     1.54k   501.72     3.72k    72.72%
  365511 requests in 30.08s, 90.69MB read
  Socket errors: connect 0, read 0, write 0, timeout 281
  Non-2xx or 3xx responses: 365511
Requests/sec:  12150.79
Transfer/sec:      3.01MB


```

##### SerialGC -Xmx4g -Xms4g GCDetailLog
```Bash
huyang@ubuntu:/home/huyang$ java -XX:+UseSerialGC -Xmx4g -Xms4g -XX:+PrintGCDetails -XX:+PrintGCDateStamps -jar gateway-server-0.0.1-SNAPSHOT.jar
# wrk -c 1000

2021-03-29T00:12:41.598+0800: [GC (Allocation Failure) 2021-03-29T00:12:41.599+0800: [DefNew: 1119908K->10402K(1258304K), 0.0124567 secs] 1189395K->79899K(4054528K), 0.0126302 secs] [Times: user=0.02 sys=0.00, real=0.01 secs] 
2021-03-29T00:12:42.800+0800: [GC (Allocation Failure) 2021-03-29T00:12:42.800+0800: [DefNew: 1128930K->11713K(1258304K), 0.0114515 secs] 1198427K->81211K(4054528K), 0.0116638 secs] [Times: user=0.01 sys=0.00, real=0.02 secs] 
2021-03-29T00:12:43.941+0800: [GC (Allocation Failure) 2021-03-29T00:12:43.941+0800: [DefNew: 1130241K->11565K(1258304K), 0.0071808 secs] 1199739K->81063K(4054528K), 0.0073319 secs] [Times: user=0.01 sys=0.00, real=0.01 secs] 
2021-03-29T00:12:44.983+0800: [GC (Allocation Failure) 2021-03-29T00:12:44.983+0800: [DefNew: 1130093K->11974K(1258304K), 0.0102613 secs] 1199591K->81473K(4054528K), 0.0104770 secs] [Times: user=0.01 sys=0.00, real=0.02 secs] 
2021-03-29T00:12:45.980+0800: [GC (Allocation Failure) 2021-03-29T00:12:45.980+0800: [DefNew: 1130502K->11183K(1258304K), 0.0070649 secs] 1200001K->80682K(4054528K), 0.0071929 secs] [Times: user=0.01 sys=0.00, real=0.01 secs] 
2021-03-29T00:12:46.958+0800: [GC (Allocation Failure) 2021-03-29T00:12:46.958+0800: [DefNew: 1129711K->11402K(1258304K), 0.0073106 secs] 1199210K->80902K(4054528K), 0.0075817 secs] [Times: user=0.01 sys=0.00, real=0.01 secs] 
2021-03-29T00:12:47.926+0800: [GC (Allocation Failure) 2021-03-29T00:12:47.927+0800: [DefNew: 1129930K->11269K(1258304K), 0.0067501 secs] 1199430K->80769K(4054528K), 0.0068851 secs] [Times: user=0.00 sys=0.00, real=0.01 secs] 
2021-03-29T00:12:48.905+0800: [GC (Allocation Failure) 2021-03-29T00:12:48.905+0800: [DefNew: 1129797K->11281K(1258304K), 0.0065581 secs] 1199297K->80787K(4054528K), 0.0067047 secs] [Times: user=0.00 sys=0.00, real=0.01 secs] 
2021-03-29T00:12:49.915+0800: [GC (Allocation Failure) 2021-03-29T00:12:49.915+0800: [DefNew: 1129809K->11293K(1258304K), 0.0075284 secs] 1199315K->80811K(4054528K), 0.0076614 secs] [Times: user=0.00 sys=0.00, real=0.00 secs] 
2021-03-29T00:12:50.909+0800: [GC (Allocation Failure) 2021-03-29T00:12:50.909+0800: [DefNew: 1129821K->11376K(1258304K), 0.0071433 secs] 1199339K->80908K(4054528K), 0.0072688 secs] [Times: user=0.01 sys=0.00, real=0.01 secs] 
2021-03-29T00:12:51.886+0800: [GC (Allocation Failure) 2021-03-29T00:12:51.886+0800: [DefNew: 1129904K->11452K(1258304K), 0.0074251 secs] 1199436K->81014K(4054528K), 0.0076963 secs] [Times: user=0.02 sys=0.00, real=0.01 secs] 
2021-03-29T00:12:52.854+0800: [GC (Allocation Failure) 2021-03-29T00:12:52.854+0800: [DefNew: 1129980K->11330K(1258304K), 0.0069122 secs] 1199542K->80958K(4054528K), 0.0070448 secs] [Times: user=0.02 sys=0.00, real=0.00 secs] 
2021-03-29T00:12:53.886+0800: [GC (Allocation Failure) 2021-03-29T00:12:53.886+0800: [DefNew: 1129858K->11445K(1258304K), 0.0072745 secs] 1199486K->81167K(4054528K), 0.0074111 secs] [Times: user=0.01 sys=0.00, real=0.01 secs] 
2021-03-29T00:12:54.852+0800: [GC (Allocation Failure) 2021-03-29T00:12:54.852+0800: [DefNew: 1129973K->11005K(1258304K), 0.0064408 secs] 1199695K->80875K(4054528K), 0.0065752 secs] [Times: user=0.00 sys=0.00, real=0.00 secs] 
2021-03-29T00:12:55.836+0800: [GC (Allocation Failure) 2021-03-29T00:12:55.836+0800: [DefNew: 1129533K->10905K(1258304K), 0.0073354 secs] 1199403K->80910K(4054528K), 0.0074868 secs] [Times: user=0.01 sys=0.00, real=0.01 secs] 
2021-03-29T00:12:56.805+0800: [GC (Allocation Failure) 2021-03-29T00:12:56.805+0800: [DefNew: 1129433K->3346K(1258304K), 0.0294314 secs] 1199438K->81976K(4054528K), 0.0296040 secs] [Times: user=0.01 sys=0.02, real=0.03 secs] 
2021-03-29T00:12:57.846+0800: [GC (Allocation Failure) 2021-03-29T00:12:57.846+0800: [DefNew: 1121874K->2087K(1258304K), 0.0114612 secs] 1200504K->81576K(4054528K), 0.0116713 secs] [Times: user=0.01 sys=0.00, real=0.01 secs] 
2021-03-29T00:12:58.841+0800: [GC (Allocation Failure) 2021-03-29T00:12:58.841+0800: [DefNew: 1120615K->1285K(1258304K), 0.0052414 secs] 1200104K->80774K(4054528K), 0.0055392 secs] [Times: user=0.00 sys=0.00, real=0.01 secs] 
2021-03-29T00:12:59.785+0800: [GC (Allocation Failure) 2021-03-29T00:12:59.785+0800: [DefNew: 1119813K->1749K(1258304K), 0.0050787 secs] 1199302K->81237K(4054528K), 0.0053231 secs] [Times: user=0.01 sys=0.00, real=0.00 secs] 
2021-03-29T00:13:00.770+0800: [GC (Allocation Failure) 2021-03-29T00:13:00.770+0800: [DefNew: 1120277K->1317K(1258304K), 0.0049381 secs] 1199765K->80806K(4054528K), 0.0051917 secs] [Times: user=0.01 sys=0.01, real=0.01 secs] 
2021-03-29T00:13:01.740+0800: [GC (Allocation Failure) 2021-03-29T00:13:01.740+0800: [DefNew: 1119845K->1559K(1258304K), 0.0056297 secs] 1199334K->81052K(4054528K), 0.0059176 secs] [Times: user=0.01 sys=0.00, real=0.01 secs] 
2021-03-29T00:13:02.681+0800: [GC (Allocation Failure) 2021-03-29T00:13:02.681+0800: [DefNew: 1120087K->1333K(1258304K), 0.0051764 secs] 1199580K->80826K(4054528K), 0.0054207 secs] [Times: user=0.01 sys=0.00, real=0.01 secs] 
2021-03-29T00:13:03.654+0800: [GC (Allocation Failure) 2021-03-29T00:13:03.654+0800: [DefNew: 1119861K->1605K(1258304K), 0.0052797 secs] 1199354K->81098K(4054528K), 0.0055200 secs] [Times: user=0.00 sys=0.00, real=0.00 secs] 
2021-03-29T00:13:04.613+0800: [GC (Allocation Failure) 2021-03-29T00:13:04.613+0800: [DefNew: 1120133K->1440K(1258304K), 0.0048422 secs] 1199626K->80934K(4054528K), 0.0049614 secs] [Times: user=0.01 sys=0.00, real=0.00 secs] 
2021-03-29T00:13:05.602+0800: [GC (Allocation Failure) 2021-03-29T00:13:05.602+0800: [DefNew: 1119968K->1424K(1258304K), 0.0047248 secs] 1199462K->80918K(4054528K), 0.0048419 secs] [Times: user=0.01 sys=0.00, real=0.01 secs] 
2021-03-29T00:13:06.558+0800: [GC (Allocation Failure) 2021-03-29T00:13:06.559+0800: [DefNew: 1119952K->1566K(1258304K), 0.0065339 secs] 1199446K->81060K(4054528K), 0.0066732 secs] [Times: user=0.01 sys=0.00, real=0.01 secs] 
2021-03-29T00:13:07.524+0800: [GC (Allocation Failure) 2021-03-29T00:13:07.524+0800: [DefNew: 1120094K->1269K(1258304K), 0.0060783 secs] 1199588K->80829K(4054528K), 0.0062053 secs] [Times: user=0.01 sys=0.01, real=0.00 secs] 
2021-03-29T00:13:08.499+0800: [GC (Allocation Failure) 2021-03-29T00:13:08.499+0800: [DefNew: 1119797K->2296K(1258304K), 0.0060561 secs] 1199357K->81855K(4054528K), 0.0062676 secs] [Times: user=0.00 sys=0.00, real=0.01 secs] 
2021-03-29T00:13:09.447+0800: [GC (Allocation Failure) 2021-03-29T00:13:09.447+0800: [DefNew: 1120824K->1315K(1258304K), 0.0048596 secs] 1200383K->80875K(4054528K), 0.0049917 secs] [Times: user=0.01 sys=0.00, real=0.01 secs] 

# wrk -c 2000
2021-03-29T00:14:00.563+0800: [GC (Allocation Failure) 2021-03-29T00:14:00.563+0800: [DefNew: 1119843K->10070K(1258304K), 0.0078017 secs] 1199403K->89630K(4054528K), 0.0079848 secs] [Times: user=0.00 sys=0.01, real=0.01 secs] 
2021-03-29T00:14:01.509+0800: [GC (Allocation Failure) 2021-03-29T00:14:01.510+0800: [DefNew: 1128598K->10175K(1258304K), 0.0071082 secs] 1208158K->89736K(4054528K), 0.0072857 secs] [Times: user=0.01 sys=0.00, real=0.01 secs] 
2021-03-29T00:14:02.456+0800: [GC (Allocation Failure) 2021-03-29T00:14:02.456+0800: [DefNew: 1128703K->10180K(1258304K), 0.0060326 secs] 1208264K->89740K(4054528K), 0.0061893 secs] [Times: user=0.00 sys=0.00, real=0.00 secs] 
2021-03-29T00:14:03.457+0800: [GC (Allocation Failure) 2021-03-29T00:14:03.457+0800: [DefNew: 1128708K->10282K(1258304K), 0.0077779 secs] 1208268K->89843K(4054528K), 0.0079535 secs] [Times: user=0.01 sys=0.00, real=0.01 secs] 
2021-03-29T00:14:04.506+0800: [GC (Allocation Failure) 2021-03-29T00:14:04.506+0800: [DefNew: 1128810K->10333K(1258304K), 0.0088650 secs] 1208371K->89894K(4054528K), 0.0090915 secs] [Times: user=0.01 sys=0.00, real=0.01 secs] 
2021-03-29T00:14:05.508+0800: [GC (Allocation Failure) 2021-03-29T00:14:05.508+0800: [DefNew: 1128861K->10300K(1258304K), 0.0069207 secs] 1208422K->89861K(4054528K), 0.0070457 secs] [Times: user=0.01 sys=0.00, real=0.01 secs] 
2021-03-29T00:14:06.521+0800: [GC (Allocation Failure) 2021-03-29T00:14:06.521+0800: [DefNew: 1128828K->10115K(1258304K), 0.0103201 secs] 1208389K->89676K(4054528K), 0.0104529 secs] [Times: user=0.01 sys=0.01, real=0.02 secs] 
2021-03-29T00:14:07.547+0800: [GC (Allocation Failure) 2021-03-29T00:14:07.547+0800: [DefNew: 1128643K->10147K(1258304K), 0.0064325 secs] 1208204K->89707K(4054528K), 0.0065628 secs] [Times: user=0.01 sys=0.00, real=0.01 secs] 
2021-03-29T00:14:08.519+0800: [GC (Allocation Failure) 2021-03-29T00:14:08.519+0800: [DefNew: 1128675K->10234K(1258304K), 0.0061037 secs] 1208235K->89795K(4054528K), 0.0062190 secs] [Times: user=0.01 sys=0.00, real=0.01 secs] 
2021-03-29T00:14:09.475+0800: [GC (Allocation Failure) 2021-03-29T00:14:09.476+0800: [DefNew: 1128762K->10775K(1258304K), 0.0090447 secs] 1208323K->90337K(4054528K), 0.0092748 secs] [Times: user=0.01 sys=0.01, real=0.01 secs] 
2021-03-29T00:14:10.439+0800: [GC (Allocation Failure) 2021-03-29T00:14:10.439+0800: [DefNew: 1129303K->10198K(1258304K), 0.0080589 secs] 1208865K->89793K(4054528K), 0.0081903 secs] [Times: user=0.01 sys=0.00, real=0.01 secs] 
2021-03-29T00:14:11.387+0800: [GC (Allocation Failure) 2021-03-29T00:14:11.387+0800: [DefNew: 1128726K->10076K(1258304K), 0.0079784 secs] 1208321K->89756K(4054528K), 0.0081397 secs] [Times: user=0.00 sys=0.01, real=0.01 secs] 
2021-03-29T00:14:12.373+0800: [GC (Allocation Failure) 2021-03-29T00:14:12.373+0800: [DefNew: 1128604K->10188K(1258304K), 0.0077847 secs] 1208284K->89957K(4054528K), 0.0080446 secs] [Times: user=0.01 sys=0.00, real=0.00 secs] 
2021-03-29T00:14:13.330+0800: [GC (Allocation Failure) 2021-03-29T00:14:13.330+0800: [DefNew: 1128716K->9967K(1258304K), 0.0068593 secs] 1208485K->89823K(4054528K), 0.0070620 secs] [Times: user=0.01 sys=0.00, real=0.01 secs] 
2021-03-29T00:14:14.314+0800: [GC (Allocation Failure) 2021-03-29T00:14:14.314+0800: [DefNew: 1128495K->9854K(1258304K), 0.0065271 secs] 1208351K->89799K(4054528K), 0.0066537 secs] [Times: user=0.01 sys=0.00, real=0.00 secs] 
2021-03-29T00:14:15.301+0800: [GC (Allocation Failure) 2021-03-29T00:14:15.301+0800: [DefNew: 1128382K->1648K(1258304K), 0.0481933 secs] 1208327K->90006K(4054528K), 0.0483669 secs] [Times: user=0.01 sys=0.05, real=0.05 secs] 
2021-03-29T00:14:16.304+0800: [GC (Allocation Failure) 2021-03-29T00:14:16.304+0800: [DefNew: 1120176K->1436K(1258304K), 0.0065269 secs] 1208534K->89810K(4054528K), 0.0066880 secs] [Times: user=0.01 sys=0.00, real=0.00 secs] 
2021-03-29T00:14:17.257+0800: [GC (Allocation Failure) 2021-03-29T00:14:17.257+0800: [DefNew: 1119964K->1352K(1258304K), 0.0058815 secs] 1208338K->89726K(4054528K), 0.0060913 secs] [Times: user=0.00 sys=0.00, real=0.01 secs] 
2021-03-29T00:14:18.220+0800: [GC (Allocation Failure) 2021-03-29T00:14:18.221+0800: [DefNew: 1119880K->1897K(1258304K), 0.0071700 secs] 1208254K->90287K(4054528K), 0.0073760 secs] [Times: user=0.00 sys=0.00, real=0.01 secs] 
2021-03-29T00:14:19.155+0800: [GC (Allocation Failure) 2021-03-29T00:14:19.155+0800: [DefNew: 1120425K->1304K(1258304K), 0.0051372 secs] 1208815K->89726K(4054528K), 0.0052869 secs] [Times: user=0.00 sys=0.00, real=0.00 secs] 
2021-03-29T00:14:20.126+0800: [GC (Allocation Failure) 2021-03-29T00:14:20.126+0800: [DefNew: 1119832K->1519K(1258304K), 0.0061543 secs] 1208254K->89942K(4054528K), 0.0062807 secs] [Times: user=0.00 sys=0.00, real=0.01 secs] 
2021-03-29T00:14:21.130+0800: [GC (Allocation Failure) 2021-03-29T00:14:21.130+0800: [DefNew: 1120047K->1293K(1258304K), 0.0045960 secs] 1208470K->89716K(4054528K), 0.0047090 secs] [Times: user=0.00 sys=0.00, real=0.01 secs] 
2021-03-29T00:14:22.135+0800: [GC (Allocation Failure) 2021-03-29T00:14:22.135+0800: [DefNew: 1119821K->1278K(1258304K), 0.0055350 secs] 1208244K->89701K(4054528K), 0.0056887 secs] [Times: user=0.01 sys=0.00, real=0.00 secs] 
2021-03-29T00:14:23.072+0800: [GC (Allocation Failure) 2021-03-29T00:14:23.073+0800: [DefNew: 1119806K->1778K(1258304K), 0.0055952 secs] 1208229K->90201K(4054528K), 0.0058791 secs] [Times: user=0.00 sys=0.00, real=0.00 secs] 
2021-03-29T00:14:24.085+0800: [GC (Allocation Failure) 2021-03-29T00:14:24.085+0800: [DefNew: 1120306K->1335K(1258304K), 0.0080445 secs] 1208729K->89761K(4054528K), 0.0083089 secs] [Times: user=0.01 sys=0.00, real=0.01 secs] 
2021-03-29T00:14:25.385+0800: [GC (Allocation Failure) 2021-03-29T00:14:25.385+0800: [DefNew: 1119863K->1912K(1258304K), 0.0122605 secs] 1208289K->90338K(4054528K), 0.0125524 secs] [Times: user=0.01 sys=0.00, real=0.01 secs] 
2021-03-29T00:14:26.800+0800: [GC (Allocation Failure) 2021-03-29T00:14:26.800+0800: [DefNew: 1120440K->2115K(1258304K), 0.0090698 secs] 1208866K->90541K(4054528K), 0.0093644 secs] [Times: user=0.01 sys=0.00, real=0.01 secs] 
2021-03-29T00:14:27.795+0800: [GC (Allocation Failure) 2021-03-29T00:14:27.795+0800: [DefNew: 1120643K->1649K(1258304K), 0.0065272 secs] 1209069K->90076K(4054528K), 0.0067350 secs] [Times: user=0.00 sys=0.00, real=0.00 secs] 
2021-03-29T00:14:28.786+0800: [GC (Allocation Failure) 2021-03-29T00:14:28.786+0800: [DefNew: 1120177K->1385K(1258304K), 0.0060149 secs] 1208604K->89812K(4054528K), 0.0062562 secs] [Times: user=0.01 sys=0.00, real=0.01 secs] 
2021-03-29T00:14:29.755+0800: [GC (Allocation Failure) 2021-03-29T00:14:29.755+0800: [DefNew: 1119913K->2078K(1258304K), 0.0061391 secs] 1208340K->90504K(4054528K), 0.0063216 secs] [Times: user=0.00 sys=0.00, real=0.00 secs]
```

##### SerialGC -Xmx4g -Xms4g wrk压力测试
```Bash
huyang@ubuntu:/home/huyang$ wrk -d30s -c 1000 -t 8 'http://127.0.0.1:8088'
Running 30s test @ http://127.0.0.1:8088
  8 threads and 1000 connections
  Thread Stats   Avg      Stdev     Max   +/- Stdev
    Latency    49.96ms   59.56ms   1.29s    93.38%
    Req/Sec     2.80k     0.97k    8.15k    70.99%
  650309 requests in 30.09s, 161.36MB read
  Non-2xx or 3xx responses: 650309
Requests/sec:  21613.12
Transfer/sec:      5.36MB

huyang@ubuntu:/home/huyang$ wrk -d30s -c 2000 -t 8 'http://127.0.0.1:8088'
Running 30s test @ http://127.0.0.1:8088
  8 threads and 2000 connections
  Thread Stats   Avg      Stdev     Max   +/- Stdev
    Latency    42.57ms   35.21ms 391.40ms   76.96%
    Req/Sec     3.17k     1.21k    8.73k    67.97%
  650836 requests in 30.11s, 161.49MB read
  Socket errors: connect 987, read 0, write 0, timeout 0
  Non-2xx or 3xx responses: 650836
Requests/sec:  21617.69
Transfer/sec:      5.36MB

```

#### ParallelGC
##### ParallelGC -Xmx1g -Xms1g GCDetailLog
```Bash
huyang@ubuntu:/home/huyang$ java -XX:+UseParallelGC -Xmx1g -Xms1g -XX:+PrintGCDetails -XX:+PrintGCDateStamps -jar gateway-server-0.0.1-SNAPSHOT.jar
# wrk -c 500
2021-03-29T00:19:28.218+0800: [GC (Allocation Failure) [PSYoungGen: 313760K->1152K(333312K)] 360820K->48292K(1032704K), 0.0032435 secs] [Times: user=0.01 sys=0.00, real=0.00 secs] 
2021-03-29T00:19:28.697+0800: [GC (Allocation Failure) [PSYoungGen: 317568K->1408K(332288K)] 364708K->48604K(1031680K), 0.0046713 secs] [Times: user=0.01 sys=0.00, real=0.00 secs] 
2021-03-29T00:19:29.138+0800: [GC (Allocation Failure) [PSYoungGen: 317824K->1696K(335360K)] 365020K->48940K(1034752K), 0.0040203 secs] [Times: user=0.01 sys=0.00, real=0.00 secs] 
2021-03-29T00:19:29.576+0800: [GC (Allocation Failure) [PSYoungGen: 322208K->2016K(334336K)] 369452K->49292K(1033728K), 0.0041365 secs] [Times: user=0.01 sys=0.00, real=0.00 secs] 
2021-03-29T00:19:30.048+0800: [GC (Allocation Failure) [PSYoungGen: 322528K->1760K(336896K)] 369804K->49068K(1036288K), 0.0031889 secs] [Times: user=0.00 sys=0.00, real=0.01 secs] 
2021-03-29T00:19:30.506+0800: [GC (Allocation Failure) [PSYoungGen: 325856K->1728K(336384K)] 373164K->49068K(1035776K), 0.0030037 secs] [Times: user=0.01 sys=0.00, real=0.00 secs] 
2021-03-29T00:19:30.973+0800: [GC (Allocation Failure) [PSYoungGen: 325824K->1824K(338432K)] 373164K->49188K(1037824K), 0.0031158 secs] [Times: user=0.00 sys=0.01, real=0.00 secs] 
2021-03-29T00:19:31.443+0800: [GC (Allocation Failure) [PSYoungGen: 328992K->1760K(337920K)] 376356K->49148K(1037312K), 0.0047138 secs] [Times: user=0.00 sys=0.01, real=0.01 secs] 
2021-03-29T00:19:31.889+0800: [GC (Allocation Failure) [PSYoungGen: 328928K->3744K(339456K)] 376316K->51164K(1038848K), 0.0039042 secs] [Times: user=0.01 sys=0.00, real=0.01 secs] 
2021-03-29T00:19:32.343+0800: [GC (Allocation Failure) [PSYoungGen: 333472K->2016K(339456K)] 380892K->49460K(1038848K), 0.0045845 secs] [Times: user=0.00 sys=0.01, real=0.00 secs] 
2021-03-29T00:19:32.772+0800: [GC (Allocation Failure) [PSYoungGen: 331744K->2848K(340480K)] 379188K->50332K(1039872K), 0.0066244 secs] [Times: user=0.01 sys=0.01, real=0.00 secs] 
2021-03-29T00:19:33.234+0800: [GC (Allocation Failure) [PSYoungGen: 334112K->2176K(339968K)] 381596K->49684K(1039360K), 0.0046262 secs] [Times: user=0.01 sys=0.00, real=0.00 secs] 
2021-03-29T00:19:33.680+0800: [GC (Allocation Failure) [PSYoungGen: 333440K->2080K(341504K)] 380948K->49620K(1040896K), 0.0049643 secs] [Times: user=0.02 sys=0.00, real=0.01 secs] 
2021-03-29T00:19:34.129+0800: [GC (Allocation Failure) [PSYoungGen: 335392K->2016K(340992K)] 382932K->49580K(1040384K), 0.0050325 secs] [Times: user=0.01 sys=0.00, real=0.01 secs] 
2021-03-29T00:19:34.580+0800: [GC (Allocation Failure) [PSYoungGen: 335328K->2240K(342528K)] 382892K->49828K(1041920K), 0.0037873 secs] [Times: user=0.01 sys=0.00, real=0.01 secs] 
2021-03-29T00:19:35.043+0800: [GC (Allocation Failure) [PSYoungGen: 337600K->1504K(342016K)] 385188K->49596K(1041408K), 0.0046764 secs] [Times: user=0.00 sys=0.01, real=0.00 secs] 
2021-03-29T00:19:35.526+0800: [GC (Allocation Failure) [PSYoungGen: 336864K->1568K(343040K)] 384956K->49676K(1042432K), 0.0042433 secs] [Times: user=0.01 sys=0.01, real=0.00 secs] 
2021-03-29T00:19:35.976+0800: [GC (Allocation Failure) [PSYoungGen: 337952K->1696K(342528K)] 386060K->49804K(1041920K), 0.0037179 secs] [Times: user=0.02 sys=0.00, real=0.00 secs] 
2021-03-29T00:19:36.452+0800: [GC (Allocation Failure) [PSYoungGen: 338080K->1216K(343552K)] 386188K->49980K(1042944K), 0.0047574 secs] [Times: user=0.01 sys=0.00, real=0.00 secs] 
2021-03-29T00:19:36.915+0800: [GC (Allocation Failure) [PSYoungGen: 338624K->864K(343040K)] 387388K->49628K(1042432K), 0.0039515 secs] [Times: user=0.00 sys=0.00, real=0.00 secs] 
2021-03-29T00:19:37.383+0800: [GC (Allocation Failure) [PSYoungGen: 338272K->1056K(343552K)] 387036K->49828K(1042944K), 0.0029560 secs] [Times: user=0.00 sys=0.01, real=0.01 secs] 
2021-03-29T00:19:37.805+0800: [GC (Allocation Failure) [PSYoungGen: 338976K->992K(343552K)] 387748K->49772K(1042944K), 0.0030662 secs] [Times: user=0.00 sys=0.01, real=0.00 secs] 
2021-03-29T00:19:38.248+0800: [GC (Allocation Failure) [PSYoungGen: 338912K->768K(344064K)] 387692K->49564K(1043456K), 0.0030281 secs] [Times: user=0.00 sys=0.00, real=0.00 secs] 
2021-03-29T00:19:38.689+0800: [GC (Allocation Failure) [PSYoungGen: 339712K->992K(344064K)] 388508K->49812K(1043456K), 0.0035700 secs] [Times: user=0.00 sys=0.00, real=0.01 secs] 
2021-03-29T00:19:39.142+0800: [GC (Allocation Failure) [PSYoungGen: 339936K->960K(344576K)] 388756K->49804K(1043968K), 0.0032298 secs] [Times: user=0.01 sys=0.00, real=0.01 secs] 
2021-03-29T00:19:39.597+0800: [GC (Allocation Failure) [PSYoungGen: 340416K->1280K(344064K)] 389260K->50132K(1043456K), 0.0034662 secs] [Times: user=0.01 sys=0.01, real=0.00 secs] 
2021-03-29T00:19:40.026+0800: [GC (Allocation Failure) [PSYoungGen: 340736K->896K(345088K)] 389588K->49764K(1044480K), 0.0060960 secs] [Times: user=0.01 sys=0.01, real=0.01 secs] 
2021-03-29T00:19:40.462+0800: [GC (Allocation Failure) [PSYoungGen: 341376K->768K(344576K)] 390244K->49652K(1043968K), 0.0049410 secs] [Times: user=0.00 sys=0.01, real=0.01 secs] 
2021-03-29T00:19:40.895+0800: [GC (Allocation Failure) [PSYoungGen: 341248K->1280K(345088K)] 390132K->50164K(1044480K), 0.0035172 secs] [Times: user=0.00 sys=0.00, real=0.00 secs] 
2021-03-29T00:19:41.336+0800: [GC (Allocation Failure) [PSYoungGen: 342272K->896K(345088K)] 391156K->49780K(1044480K), 0.0024103 secs] [Times: user=0.00 sys=0.01, real=0.00 secs] 
2021-03-29T00:19:41.763+0800: [GC (Allocation Failure) [PSYoungGen: 341888K->1152K(345600K)] 390772K->50044K(1044992K), 0.0032194 secs] [Times: user=0.01 sys=0.01, real=0.00 secs] 
2021-03-29T00:19:42.205+0800: [GC (Allocation Failure) [PSYoungGen: 343168K->1184K(345600K)] 392060K->50100K(1044992K), 0.0038865 secs] [Times: user=0.01 sys=0.00, real=0.00 secs] 
2021-03-29T00:19:42.662+0800: [GC (Allocation Failure) [PSYoungGen: 343200K->960K(346112K)] 392116K->49892K(1045504K), 0.0037284 secs] [Times: user=0.01 sys=0.00, real=0.01 secs] 
2021-03-29T00:19:43.096+0800: [GC (Allocation Failure) [PSYoungGen: 343488K->1248K(345600K)] 392420K->50204K(1044992K), 0.0035239 secs] [Times: user=0.00 sys=0.00, real=0.00 secs] 
2021-03-29T00:19:43.516+0800: [GC (Allocation Failure) [PSYoungGen: 343776K->896K(346112K)] 392732K->49876K(1045504K), 0.0027654 secs] [Times: user=0.00 sys=0.00, real=0.00 secs] 
2021-03-29T00:19:43.956+0800: [GC (Allocation Failure) [PSYoungGen: 343936K->864K(346112K)] 392916K->49852K(1045504K), 0.0027402 secs] [Times: user=0.00 sys=0.00, real=0.00 secs] 
2021-03-29T00:19:44.367+0800: [GC (Allocation Failure) [PSYoungGen: 343904K->864K(346112K)] 392892K->49860K(1045504K), 0.0043594 secs] [Times: user=0.00 sys=0.01, real=0.01 secs] 
2021-03-29T00:19:44.776+0800: [GC (Allocation Failure) [PSYoungGen: 343904K->1280K(346112K)] 392900K->50292K(1045504K), 0.0036261 secs] [Times: user=0.01 sys=0.00, real=0.00 secs] 
2021-03-29T00:19:45.165+0800: [GC (Allocation Failure) [PSYoungGen: 344320K->960K(346624K)] 393332K->49972K(1046016K), 0.0029494 secs] [Times: user=0.00 sys=0.00, real=0.00 secs] 
2021-03-29T00:19:45.564+0800: [GC (Allocation Failure) [PSYoungGen: 345024K->800K(346624K)] 394036K->49828K(1046016K), 0.0027119 secs] [Times: user=0.01 sys=0.00, real=0.00 secs] 
2021-03-29T00:19:45.971+0800: [GC (Allocation Failure) [PSYoungGen: 344864K->896K(346624K)] 393892K->49924K(1046016K), 0.0043049 secs] [Times: user=0.00 sys=0.02, real=0.01 secs] 
2021-03-29T00:19:46.364+0800: [GC (Allocation Failure) [PSYoungGen: 344960K->896K(346624K)] 393988K->49932K(1046016K), 0.0025990 secs] [Times: user=0.00 sys=0.00, real=0.00 secs] 
2021-03-29T00:19:46.752+0800: [GC (Allocation Failure) [PSYoungGen: 344960K->896K(346624K)] 393996K->49932K(1046016K), 0.0025563 secs] [Times: user=0.01 sys=0.00, real=0.00 secs] 
2021-03-29T00:19:47.166+0800: [GC (Allocation Failure) [PSYoungGen: 344960K->1568K(346624K)] 393996K->50620K(1046016K), 0.0038099 secs] [Times: user=0.01 sys=0.00, real=0.00 secs] 
2021-03-29T00:19:47.577+0800: [GC (Allocation Failure) [PSYoungGen: 345632K->960K(346624K)] 394684K->50012K(1046016K), 0.0029876 secs] [Times: user=0.00 sys=0.01, real=0.00 secs] 
2021-03-29T00:19:48.011+0800: [GC (Allocation Failure) [PSYoungGen: 345024K->1024K(346624K)] 394076K->50084K(1046016K), 0.0028917 secs] [Times: user=0.01 sys=0.00, real=0.01 secs] 
2021-03-29T00:19:48.446+0800: [GC (Allocation Failure) [PSYoungGen: 345088K->800K(347136K)] 394148K->49884K(1046528K), 0.0028846 secs] [Times: user=0.01 sys=0.01, real=0.00 secs] 
2021-03-29T00:19:48.881+0800: [GC (Allocation Failure) [PSYoungGen: 345888K->960K(347136K)] 394972K->50044K(1046528K), 0.0026961 secs] [Times: user=0.01 sys=0.00, real=0.01 secs] 
2021-03-29T00:19:49.325+0800: [GC (Allocation Failure) [PSYoungGen: 346048K->1056K(347136K)] 395132K->50156K(1046528K), 0.0036211 secs] [Times: user=0.01 sys=0.00, real=0.00 secs] 
2021-03-29T00:19:49.775+0800: [GC (Allocation Failure) [PSYoungGen: 346144K->1184K(347136K)] 395244K->50292K(1046528K), 0.0031622 secs] [Times: user=0.01 sys=0.00, real=0.00 secs] 
2021-03-29T00:19:50.198+0800: [GC (Allocation Failure) [PSYoungGen: 346272K->832K(347136K)] 395380K->49940K(1046528K), 0.0038421 secs] [Times: user=0.02 sys=0.00, real=0.00 secs] 
2021-03-29T00:19:50.625+0800: [GC (Allocation Failure) [PSYoungGen: 345920K->832K(347136K)] 395028K->49940K(1046528K), 0.0029183 secs] [Times: user=0.01 sys=0.00, real=0.00 secs] 
2021-03-29T00:19:51.069+0800: [GC (Allocation Failure) [PSYoungGen: 345920K->1120K(347136K)] 395028K->50236K(1046528K), 0.0055142 secs] [Times: user=0.02 sys=0.01, real=0.01 secs] 
2021-03-29T00:19:51.506+0800: [GC (Allocation Failure) [PSYoungGen: 346208K->704K(347136K)] 395324K->49820K(1046528K), 0.0043982 secs] [Times: user=0.01 sys=0.00, real=0.00 secs] 
2021-03-29T00:19:51.926+0800: [GC (Allocation Failure) [PSYoungGen: 345792K->2048K(346112K)] 394908K->51895K(1045504K), 0.0037795 secs] [Times: user=0.01 sys=0.00, real=0.00 secs] 
2021-03-29T00:19:52.339+0800: [GC (Allocation Failure) [PSYoungGen: 346112K->1024K(346624K)] 395959K->50903K(1046016K), 0.0031255 secs] [Times: user=0.00 sys=0.01, real=0.00 secs] 
2021-03-29T00:19:52.764+0800: [GC (Allocation Failure) [PSYoungGen: 345088K->960K(346624K)] 394967K->50839K(1046016K), 0.0029713 secs] [Times: user=0.01 sys=0.01, real=0.00 secs] 
2021-03-29T00:19:53.168+0800: [GC (Allocation Failure) [PSYoungGen: 345024K->1184K(346624K)] 394903K->51095K(1046016K), 0.0042623 secs] [Times: user=0.01 sys=0.00, real=0.01 secs] 
2021-03-29T00:19:53.576+0800: [GC (Allocation Failure) [PSYoungGen: 345248K->1312K(347136K)] 395159K->51231K(1046528K), 0.0030295 secs] [Times: user=0.01 sys=0.00, real=0.00 secs] 
2021-03-29T00:19:53.981+0800: [GC (Allocation Failure) [PSYoungGen: 346400K->1440K(347136K)] 396319K->51375K(1046528K), 0.0043427 secs] [Times: user=0.01 sys=0.00, real=0.01 secs] 
2021-03-29T00:19:54.407+0800: [GC (Allocation Failure) [PSYoungGen: 346528K->1184K(347136K)] 396463K->51135K(1046528K), 0.0045896 secs] [Times: user=0.00 sys=0.01, real=0.01 secs] 
2021-03-29T00:19:54.804+0800: [GC (Allocation Failure) [PSYoungGen: 346272K->1312K(347136K)] 396223K->51287K(1046528K), 0.0040586 secs] [Times: user=0.01 sys=0.01, real=0.00 secs] 
2021-03-29T00:19:55.189+0800: [GC (Allocation Failure) [PSYoungGen: 346396K->1440K(347136K)] 396371K->51447K(1046528K), 0.0036076 secs] [Times: user=0.01 sys=0.00, real=0.01 secs] 
2021-03-29T00:19:55.604+0800: [GC (Allocation Failure) [PSYoungGen: 346528K->1216K(347136K)] 396535K->51295K(1046528K), 0.0036365 secs] [Times: user=0.01 sys=0.00, real=0.00 secs] 
2021-03-29T00:19:56.023+0800: [GC (Allocation Failure) [PSYoungGen: 346304K->1280K(347136K)] 396383K->51431K(1046528K), 0.0047407 secs] [Times: user=0.01 sys=0.00, real=0.01 secs] 
2021-03-29T00:19:56.466+0800: [GC (Allocation Failure) [PSYoungGen: 346368K->1088K(347136K)] 396519K->51287K(1046528K), 0.0047761 secs] [Times: user=0.02 sys=0.00, real=0.00 secs] 
2021-03-29T00:19:56.902+0800: [GC (Allocation Failure) [PSYoungGen: 346176K->1184K(347136K)] 396375K->51447K(1046528K), 0.0036159 secs] [Times: user=0.00 sys=0.01, real=0.01 secs] 
2021-03-29T00:19:57.329+0800: [GC (Allocation Failure) [PSYoungGen: 346272K->1088K(347136K)] 396535K->51415K(1046528K), 0.0041884 secs] [Times: user=0.01 sys=0.00, real=0.01 secs] 
2021-03-29T00:19:57.754+0800: [GC (Allocation Failure) [PSYoungGen: 346176K->1184K(347136K)] 396503K->51591K(1046528K), 0.0031722 secs] [Times: user=0.01 sys=0.00, real=0.00 secs]

# wrk -c 1000
2021-03-29T00:22:23.948+0800: [GC (Allocation Failure) [PSYoungGen: 346272K->2048K(347136K)] 396679K->57908K(1046528K), 0.0034245 secs] [Times: user=0.00 sys=0.00, real=0.01 secs] 
2021-03-29T00:22:24.418+0800: [GC (Allocation Failure) [PSYoungGen: 347136K->2048K(343040K)] 402996K->58585K(1042432K), 0.0030962 secs] [Times: user=0.01 sys=0.00, real=0.00 secs] 
2021-03-29T00:22:24.812+0800: [GC (Allocation Failure) [PSYoungGen: 343040K->4096K(345088K)] 399577K->61303K(1044480K), 0.0026442 secs] [Times: user=0.00 sys=0.00, real=0.00 secs] 
2021-03-29T00:22:25.257+0800: [GC (Allocation Failure) [PSYoungGen: 345088K->4096K(342016K)] 402295K->61987K(1041408K), 0.0040422 secs] [Times: user=0.01 sys=0.00, real=0.00 secs] 
2021-03-29T00:22:25.667+0800: [GC (Allocation Failure) [PSYoungGen: 342016K->4576K(342528K)] 399907K->62483K(1041920K), 0.0031689 secs] [Times: user=0.00 sys=0.01, real=0.00 secs] 
2021-03-29T00:22:26.060+0800: [GC (Allocation Failure) [PSYoungGen: 342496K->4736K(342016K)] 400403K->62643K(1041408K), 0.0027606 secs] [Times: user=0.00 sys=0.00, real=0.01 secs] 
2021-03-29T00:22:26.428+0800: [GC (Allocation Failure) [PSYoungGen: 340608K->4896K(340992K)] 398515K->62803K(1040384K), 0.0047421 secs] [Times: user=0.01 sys=0.00, real=0.01 secs] 
2021-03-29T00:22:26.780+0800: [GC (Allocation Failure) [PSYoungGen: 340768K->5504K(340992K)] 398675K->63411K(1040384K), 0.0043225 secs] [Times: user=0.01 sys=0.00, real=0.01 secs] 
2021-03-29T00:22:27.094+0800: [GC (Allocation Failure) [PSYoungGen: 339328K->6944K(340992K)] 397235K->64851K(1040384K), 0.0036001 secs] [Times: user=0.01 sys=0.00, real=0.00 secs] 
2021-03-29T00:22:27.380+0800: [GC (Allocation Failure) [PSYoungGen: 340768K->5024K(339968K)] 398675K->62931K(1039360K), 0.0035210 secs] [Times: user=0.00 sys=0.00, real=0.01 secs] 
2021-03-29T00:22:27.688+0800: [GC (Allocation Failure) [PSYoungGen: 336800K->5184K(340480K)] 394707K->63099K(1039872K), 0.0046615 secs] [Times: user=0.01 sys=0.00, real=0.01 secs] 
2021-03-29T00:22:27.988+0800: [GC (Allocation Failure) [PSYoungGen: 336960K->5216K(340480K)] 394875K->63131K(1039872K), 0.0042477 secs] [Times: user=0.01 sys=0.00, real=0.01 secs] 
2021-03-29T00:22:28.306+0800: [GC (Allocation Failure) [PSYoungGen: 336992K->5536K(340480K)] 394907K->63459K(1039872K), 0.0071930 secs] [Times: user=0.01 sys=0.00, real=0.01 secs] 
2021-03-29T00:22:28.620+0800: [GC (Allocation Failure) [PSYoungGen: 337312K->5056K(340480K)] 395235K->62979K(1039872K), 0.0030659 secs] [Times: user=0.00 sys=0.01, real=0.00 secs] 
2021-03-29T00:22:28.914+0800: [GC (Allocation Failure) [PSYoungGen: 336832K->5184K(340480K)] 394755K->63107K(1039872K), 0.0048614 secs] [Times: user=0.01 sys=0.00, real=0.00 secs] 
2021-03-29T00:22:29.230+0800: [GC (Allocation Failure) [PSYoungGen: 336960K->4192K(340992K)] 394883K->63293K(1040384K), 0.0054003 secs] [Times: user=0.00 sys=0.00, real=0.01 secs] 
2021-03-29T00:22:29.527+0800: [GC (Allocation Failure) [PSYoungGen: 336480K->3712K(340480K)] 395581K->63149K(1039872K), 0.0053350 secs] [Times: user=0.00 sys=0.00, real=0.01 secs] 
2021-03-29T00:22:29.907+0800: [GC (Allocation Failure) [PSYoungGen: 336000K->2528K(341504K)] 395437K->63396K(1040896K), 0.0057843 secs] [Times: user=0.01 sys=0.00, real=0.01 secs] 
2021-03-29T00:22:30.248+0800: [GC (Allocation Failure) [PSYoungGen: 335840K->1216K(340992K)] 396708K->62663K(1040384K), 0.0202850 secs] [Times: user=0.01 sys=0.01, real=0.02 secs] 
2021-03-29T00:22:30.592+0800: [GC (Allocation Failure) [PSYoungGen: 334528K->864K(340992K)] 395975K->62794K(1040384K), 0.0043704 secs] [Times: user=0.00 sys=0.01, real=0.00 secs] 
2021-03-29T00:22:30.942+0800: [GC (Allocation Failure) [PSYoungGen: 333664K->864K(340992K)] 395594K->62986K(1040384K), 0.0039313 secs] [Times: user=0.01 sys=0.00, real=0.01 secs] 
2021-03-29T00:22:31.281+0800: [GC (Allocation Failure) [PSYoungGen: 333664K->1024K(340992K)] 395786K->63178K(1040384K), 0.0036264 secs] [Times: user=0.01 sys=0.00, real=0.01 secs] 
2021-03-29T00:22:31.599+0800: [GC (Allocation Failure) [PSYoungGen: 333824K->1312K(340992K)] 395978K->63498K(1040384K), 0.0031794 secs] [Times: user=0.00 sys=0.01, real=0.00 secs] 
2021-03-29T00:22:31.936+0800: [GC (Allocation Failure) [PSYoungGen: 334112K->1152K(341504K)] 396298K->63338K(1040896K), 0.0033839 secs] [Times: user=0.01 sys=0.00, real=0.00 secs] 
2021-03-29T00:22:32.261+0800: [GC (Allocation Failure) [PSYoungGen: 334976K->1664K(341504K)] 397162K->63850K(1040896K), 0.0044341 secs] [Times: user=0.01 sys=0.00, real=0.01 secs] 
2021-03-29T00:22:32.580+0800: [GC (Allocation Failure) [PSYoungGen: 335488K->1408K(342016K)] 397674K->63618K(1041408K), 0.0045304 secs] [Times: user=0.01 sys=0.00, real=0.01 secs] 
2021-03-29T00:22:32.903+0800: [GC (Allocation Failure) [PSYoungGen: 335744K->1280K(341504K)] 397954K->63522K(1040896K), 0.0041073 secs] [Times: user=0.01 sys=0.01, real=0.01 secs] 
2021-03-29T00:22:33.198+0800: [GC (Allocation Failure) [PSYoungGen: 335616K->1376K(342528K)] 397858K->63650K(1041920K), 0.0041703 secs] [Times: user=0.01 sys=0.00, real=0.00 secs] 
2021-03-29T00:22:33.500+0800: [GC (Allocation Failure) [PSYoungGen: 336736K->1344K(342016K)] 399010K->63650K(1041408K), 0.0030417 secs] [Times: user=0.00 sys=0.01, real=0.00 secs] 
2021-03-29T00:22:33.797+0800: [GC (Allocation Failure) [PSYoungGen: 336704K->2208K(343040K)] 399010K->64538K(1042432K), 0.0031365 secs] [Times: user=0.00 sys=0.01, real=0.00 secs] 
2021-03-29T00:22:34.112+0800: [GC (Allocation Failure) [PSYoungGen: 338592K->1344K(342528K)] 400922K->63714K(1041920K), 0.0031346 secs] [Times: user=0.01 sys=0.00, real=0.00 secs] 
2021-03-29T00:22:34.436+0800: [GC (Allocation Failure) [PSYoungGen: 337728K->1536K(343552K)] 400098K->63930K(1042944K), 0.0042082 secs] [Times: user=0.00 sys=0.00, real=0.00 secs] 
2021-03-29T00:22:34.760+0800: [GC (Allocation Failure) [PSYoungGen: 339456K->2112K(343552K)] 401850K->64546K(1042944K), 0.0047262 secs] [Times: user=0.01 sys=0.00, real=0.01 secs] 
2021-03-29T00:22:35.068+0800: [GC (Allocation Failure) [PSYoungGen: 340032K->1376K(344064K)] 402466K->63842K(1043456K), 0.0057793 secs] [Times: user=0.00 sys=0.00, real=0.01 secs] 
2021-03-29T00:22:35.394+0800: [GC (Allocation Failure) [PSYoungGen: 340320K->1280K(344064K)] 402786K->63794K(1043456K), 0.0040294 secs] [Times: user=0.01 sys=0.00, real=0.00 secs] 
2021-03-29T00:22:35.761+0800: [GC (Allocation Failure) [PSYoungGen: 340224K->1472K(344576K)] 402738K->64074K(1043968K), 0.0032433 secs] [Times: user=0.00 sys=0.00, real=0.01 secs] 
2021-03-29T00:22:36.120+0800: [GC (Allocation Failure) [PSYoungGen: 340928K->1408K(344064K)] 403530K->64146K(1043456K), 0.0052566 secs] [Times: user=0.01 sys=0.00, real=0.01 secs] 
2021-03-29T00:22:36.437+0800: [GC (Allocation Failure) [PSYoungGen: 340864K->1184K(344576K)] 403602K->64050K(1043968K), 0.0040923 secs] [Times: user=0.01 sys=0.01, real=0.00 secs] 
2021-03-29T00:22:36.777+0800: [GC (Allocation Failure) [PSYoungGen: 341152K->1568K(344576K)] 404018K->64554K(1043968K), 0.0039904 secs] [Times: user=0.01 sys=0.00, real=0.00 secs] 
2021-03-29T00:22:37.118+0800: [GC (Allocation Failure) [PSYoungGen: 341536K->1376K(345088K)] 404522K->64450K(1044480K), 0.0043603 secs] [Times: user=0.01 sys=0.00, real=0.00 secs] 
2021-03-29T00:22:37.429+0800: [GC (Allocation Failure) [PSYoungGen: 342368K->1248K(345088K)] 405442K->64378K(1044480K), 0.0030361 secs] [Times: user=0.00 sys=0.00, real=0.01 secs] 
2021-03-29T00:22:37.754+0800: [GC (Allocation Failure) [PSYoungGen: 342240K->1696K(345600K)] 405370K->64866K(1044992K), 0.0038815 secs] [Times: user=0.01 sys=0.00, real=0.00 secs] 
2021-03-29T00:22:38.047+0800: [GC (Allocation Failure) [PSYoungGen: 343200K->1664K(345088K)] 406370K->64858K(1044480K), 0.0031286 secs] [Times: user=0.00 sys=0.00, real=0.00 secs] 
2021-03-29T00:22:38.362+0800: [GC (Allocation Failure) [PSYoungGen: 343168K->1344K(345600K)] 406362K->64562K(1044992K), 0.0029861 secs] [Times: user=0.00 sys=0.00, real=0.01 secs] 
2021-03-29T00:22:38.706+0800: [GC (Allocation Failure) [PSYoungGen: 343360K->1312K(345600K)] 406578K->64554K(1044992K), 0.0152467 secs] [Times: user=0.00 sys=0.00, real=0.01 secs] 
2021-03-29T00:22:39.056+0800: [GC (Allocation Failure) [PSYoungGen: 343328K->1568K(346112K)] 406570K->64842K(1045504K), 0.0033538 secs] [Times: user=0.01 sys=0.01, real=0.00 secs] 
2021-03-29T00:22:39.364+0800: [GC (Allocation Failure) [PSYoungGen: 344608K->1696K(346112K)] 407882K->65010K(1045504K), 0.0029829 secs] [Times: user=0.01 sys=0.01, real=0.00 secs] 
2021-03-29T00:22:39.703+0800: [GC (Allocation Failure) [PSYoungGen: 344736K->1568K(346112K)] 408050K->64930K(1045504K), 0.0139694 secs] [Times: user=0.00 sys=0.00, real=0.01 secs] 
2021-03-29T00:22:40.043+0800: [GC (Allocation Failure) [PSYoungGen: 344608K->1568K(346112K)] 407970K->64962K(1045504K), 0.0039885 secs] [Times: user=0.00 sys=0.00, real=0.01 secs] 
2021-03-29T00:22:40.375+0800: [GC (Allocation Failure) [PSYoungGen: 344608K->1600K(346624K)] 408002K->65034K(1046016K), 0.0045545 secs] [Times: user=0.00 sys=0.01, real=0.00 secs] 
2021-03-29T00:22:40.698+0800: [GC (Allocation Failure) [PSYoungGen: 345152K->1792K(346112K)] 408586K->65298K(1045504K), 0.0062301 secs] [Times: user=0.01 sys=0.00, real=0.01 secs] 
2021-03-29T00:22:41.025+0800: [GC (Allocation Failure) [PSYoungGen: 345344K->1472K(346624K)] 408850K->65050K(1046016K), 0.0046810 secs] [Times: user=0.01 sys=0.00, real=0.00 secs] 
2021-03-29T00:22:41.367+0800: [GC (Allocation Failure) [PSYoungGen: 345536K->1312K(346624K)] 409114K->64970K(1046016K), 0.0047741 secs] [Times: user=0.00 sys=0.00, real=0.01 secs] 
2021-03-29T00:22:41.695+0800: [GC (Allocation Failure) [PSYoungGen: 345376K->1408K(346624K)] 409034K->65170K(1046016K), 0.0030839 secs] [Times: user=0.01 sys=0.00, real=0.00 secs] 
2021-03-29T00:22:42.024+0800: [GC (Allocation Failure) [PSYoungGen: 345472K->1632K(346624K)] 409234K->65474K(1046016K), 0.0049552 secs] [Times: user=0.01 sys=0.01, real=0.00 secs] 
2021-03-29T00:22:42.348+0800: [GC (Allocation Failure) [PSYoungGen: 345696K->1472K(346624K)] 409538K->65483K(1046016K), 0.0089118 secs] [Times: user=0.01 sys=0.00, real=0.01 secs] 
2021-03-29T00:22:42.692+0800: [GC (Allocation Failure) [PSYoungGen: 345536K->1248K(346624K)] 409547K->65331K(1046016K), 0.0057813 secs] [Times: user=0.01 sys=0.00, real=0.00 secs] 
2021-03-29T00:22:43.021+0800: [GC (Allocation Failure) [PSYoungGen: 345312K->1696K(346624K)] 409395K->65827K(1046016K), 0.0049203 secs] [Times: user=0.01 sys=0.00, real=0.01 secs] 
2021-03-29T00:22:43.346+0800: [GC (Allocation Failure) [PSYoungGen: 345760K->1248K(346624K)] 409891K->65411K(1046016K), 0.0047905 secs] [Times: user=0.01 sys=0.00, real=0.00 secs] 
2021-03-29T00:22:43.680+0800: [GC (Allocation Failure) [PSYoungGen: 345312K->1312K(346624K)] 409475K->65499K(1046016K), 0.0040633 secs] [Times: user=0.01 sys=0.00, real=0.01 secs] 
2021-03-29T00:22:44.012+0800: [GC (Allocation Failure) [PSYoungGen: 345376K->1760K(346624K)] 409563K->65987K(1046016K), 0.0033794 secs] [Times: user=0.01 sys=0.00, real=0.00 secs] 
2021-03-29T00:22:44.357+0800: [GC (Allocation Failure) [PSYoungGen: 345824K->1696K(346624K)] 410051K->65947K(1046016K), 0.0033666 secs] [Times: user=0.01 sys=0.00, real=0.00 secs] 
2021-03-29T00:22:44.662+0800: [GC (Allocation Failure) [PSYoungGen: 345760K->1536K(346624K)] 410011K->65827K(1046016K), 0.0035554 secs] [Times: user=0.00 sys=0.00, real=0.01 secs] 
2021-03-29T00:22:44.992+0800: [GC (Allocation Failure) [PSYoungGen: 345600K->1344K(346624K)] 409891K->65683K(1046016K), 0.0042307 secs] [Times: user=0.01 sys=0.01, real=0.00 secs] 
2021-03-29T00:22:45.319+0800: [GC (Allocation Failure) [PSYoungGen: 345408K->1600K(346624K)] 409747K->65995K(1046016K), 0.0034621 secs] [Times: user=0.01 sys=0.00, real=0.00 secs] 
2021-03-29T00:22:45.633+0800: [GC (Allocation Failure) [PSYoungGen: 345664K->1824K(346624K)] 410059K->66275K(1046016K), 0.0051662 secs] [Times: user=0.02 sys=0.00, real=0.00 secs] 
2021-03-29T00:22:45.941+0800: [GC (Allocation Failure) [PSYoungGen: 345888K->1408K(346624K)] 410339K->65915K(1046016K), 0.0030761 secs] [Times: user=0.01 sys=0.00, real=0.01 secs] 
2021-03-29T00:22:46.281+0800: [GC (Allocation Failure) [PSYoungGen: 345472K->1600K(346624K)] 409979K->66179K(1046016K), 0.0057356 secs] [Times: user=0.01 sys=0.00, real=0.01 secs] 
2021-03-29T00:22:46.604+0800: [GC (Allocation Failure) [PSYoungGen: 345664K->1344K(346624K)] 410243K->65995K(1046016K), 0.0051057 secs] [Times: user=0.01 sys=0.00, real=0.00 secs] 
2021-03-29T00:22:46.907+0800: [GC (Allocation Failure) [PSYoungGen: 345408K->1216K(347136K)] 410059K->65947K(1046528K), 0.0047013 secs] [Times: user=0.00 sys=0.01, real=0.01 secs] 
2021-03-29T00:22:47.220+0800: [GC (Allocation Failure) [PSYoungGen: 346304K->1312K(347136K)] 411035K->66123K(1046528K), 0.0029702 secs] [Times: user=0.00 sys=0.00, real=0.00 secs] 
2021-03-29T00:22:47.518+0800: [GC (Allocation Failure) [PSYoungGen: 346400K->1312K(347136K)] 411211K->66203K(1046528K), 0.0031404 secs] [Times: user=0.01 sys=0.00, real=0.00 secs] 
2021-03-29T00:22:47.809+0800: [GC (Allocation Failure) [PSYoungGen: 346400K->1536K(347136K)] 411291K->66499K(1046528K), 0.0036285 secs] [Times: user=0.01 sys=0.00, real=0.01 secs] 
2021-03-29T00:22:48.112+0800: [GC (Allocation Failure) [PSYoungGen: 346624K->1248K(347136K)] 411587K->66267K(1046528K), 0.0040816 secs] [Times: user=0.00 sys=0.01, real=0.00 secs] 
2021-03-29T00:22:48.419+0800: [GC (Allocation Failure) [PSYoungGen: 346336K->1760K(347136K)] 411355K->66819K(1046528K), 0.0033138 secs] [Times: user=0.00 sys=0.00, real=0.00 secs] 
2021-03-29T00:22:48.725+0800: [GC (Allocation Failure) [PSYoungGen: 346848K->1376K(347136K)] 411907K->66475K(1046528K), 0.0031860 secs] [Times: user=0.01 sys=0.01, real=0.00 secs] 
2021-03-29T00:22:49.036+0800: [GC (Allocation Failure) [PSYoungGen: 346464K->1248K(347136K)] 411563K->66387K(1046528K), 0.0028446 secs] [Times: user=0.01 sys=0.00, real=0.00 secs] 
2021-03-29T00:22:49.346+0800: [GC (Allocation Failure) [PSYoungGen: 346336K->1376K(347136K)] 411475K->66563K(1046528K), 0.0032030 secs] [Times: user=0.01 sys=0.00, real=0.00 secs] 
2021-03-29T00:22:49.664+0800: [GC (Allocation Failure) [PSYoungGen: 346464K->1664K(347136K)] 411651K->66891K(1046528K), 0.0052172 secs] [Times: user=0.02 sys=0.00, real=0.00 secs] 
2021-03-29T00:22:49.964+0800: [GC (Allocation Failure) [PSYoungGen: 346752K->1504K(347136K)] 411979K->66787K(1046528K), 0.0055291 secs] [Times: user=0.01 sys=0.00, real=0.00 secs] 
2021-03-29T00:22:50.277+0800: [GC (Allocation Failure) [PSYoungGen: 346592K->1376K(347136K)] 411875K->66707K(1046528K), 0.0048792 secs] [Times: user=0.01 sys=0.00, real=0.00 secs] 
2021-03-29T00:22:50.582+0800: [GC (Allocation Failure) [PSYoungGen: 346464K->1408K(347136K)] 411795K->66795K(1046528K), 0.0042007 secs] [Times: user=0.01 sys=0.00, real=0.01 secs] 
2021-03-29T00:22:50.894+0800: [GC (Allocation Failure) [PSYoungGen: 346496K->1504K(347136K)] 411883K->66947K(1046528K), 0.0031264 secs] [Times: user=0.00 sys=0.01, real=0.00 secs] 
2021-03-29T00:22:51.220+0800: [GC (Allocation Failure) [PSYoungGen: 346592K->1280K(347136K)] 412035K->66763K(1046528K), 0.0032840 secs] [Times: user=0.00 sys=0.00, real=0.00 secs] 
2021-03-29T00:22:51.535+0800: [GC (Allocation Failure) [PSYoungGen: 346368K->1408K(347136K)] 411851K->66963K(1046528K), 0.0051093 secs] [Times: user=0.01 sys=0.00, real=0.00 secs] 
2021-03-29T00:22:51.895+0800: [GC (Allocation Failure) [PSYoungGen: 346496K->1248K(347136K)] 412051K->66859K(1046528K), 0.0062721 secs] [Times: user=0.01 sys=0.01, real=0.00 secs] 
2021-03-29T00:22:52.234+0800: [GC (Allocation Failure) [PSYoungGen: 346336K->1376K(347136K)] 411947K->67051K(1046528K), 0.0042375 secs] [Times: user=0.01 sys=0.00, real=0.00 secs] 
2021-03-29T00:22:52.551+0800: [GC (Allocation Failure) [PSYoungGen: 346464K->1312K(347136K)] 412139K->67059K(1046528K), 0.0032061 secs] [Times: user=0.01 sys=0.00, real=0.01 secs] 
2021-03-29T00:22:52.897+0800: [GC (Allocation Failure) [PSYoungGen: 346400K->1376K(347136K)] 412147K->67187K(1046528K), 0.0049284 secs] [Times: user=0.01 sys=0.00, real=0.00 secs] 
2021-03-29T00:22:53.226+0800: [GC (Allocation Failure) [PSYoungGen: 346464K->1280K(347136K)] 412275K->67147K(1046528K), 0.0064860 secs] [Times: user=0.01 sys=0.00, real=0.01 secs] 
2021-03-29T00:22:53.568+0800: [GC (Allocation Failure) [PSYoungGen: 346368K->1312K(347136K)] 412235K->67227K(1046528K), 0.0031507 secs] [Times: user=0.00 sys=0.01, real=0.01 secs]

```

##### ParallelGC -Xmx1g -Xms1g wrk压力测试
```Bash
huyang@ubuntu:/home/huyang$ wrk -d30s -c 500 -t 8 'http://127.0.0.1:8088'
Running 30s test @ http://127.0.0.1:8088
  8 threads and 500 connections
  Thread Stats   Avg      Stdev     Max   +/- Stdev
    Latency    38.55ms   35.19ms 552.06ms   80.32%
    Req/Sec     1.86k   492.57     4.03k    71.44%
  441007 requests in 30.10s, 109.43MB read
  Non-2xx or 3xx responses: 441007
Requests/sec:  14652.30
Transfer/sec:      3.64MB


huyang@ubuntu:/home/huyang$ wrk -d30s -c 1000 -t 8 'http://127.0.0.1:8088'
Running 30s test @ http://127.0.0.1:8088
  8 threads and 1000 connections
  Thread Stats   Avg      Stdev     Max   +/- Stdev
    Latency    60.59ms   70.44ms   1.06s    92.84%
    Req/Sec     2.48k   809.89     6.01k    71.50%
  585896 requests in 30.09s, 145.37MB read
  Non-2xx or 3xx responses: 585896
Requests/sec:  19474.54
Transfer/sec:      4.83MB
```

##### ParallelGC -Xmx4g -Xms4g GCDetailLog
```Bash
huyang@ubuntu:/home/huyang$ java -XX:+UseParallelGC -Xmx4g -Xms4g -XX:+PrintGCDetails -XX:+PrintGCDateStamps -jar gateway-server-0.0.1-SNAPSHOT.jar
# wrk -c 1000
2021-03-29T00:26:50.844+0800: [GC (Allocation Failure) [PSYoungGen: 1310912K->6464K(1351168K)] 1368532K->64252K(4147712K), 0.0065842 secs] [Times: user=0.00 sys=0.02, real=0.00 secs] 
2021-03-29T00:26:52.633+0800: [GC (Allocation Failure) [PSYoungGen: 1311040K->6528K(1351168K)] 1368828K->69567K(4147712K), 0.0190402 secs] [Times: user=0.02 sys=0.05, real=0.02 secs] 
2021-03-29T00:26:54.404+0800: [GC (Allocation Failure) [PSYoungGen: 1311104K->480K(1350144K)] 1374143K->68168K(4146688K), 0.0169790 secs] [Times: user=0.01 sys=0.05, real=0.01 secs] 
2021-03-29T00:26:56.182+0800: [GC (Allocation Failure) [PSYoungGen: 1304032K->1856K(1350656K)] 1371720K->69600K(4147200K), 0.0089708 secs] [Times: user=0.02 sys=0.01, real=0.02 secs] 
2021-03-29T00:26:57.950+0800: [GC (Allocation Failure) [PSYoungGen: 1305408K->1088K(1351168K)] 1373152K->69712K(4147712K), 0.0074941 secs] [Times: user=0.00 sys=0.03, real=0.01 secs] 
2021-03-29T00:26:59.684+0800: [GC (Allocation Failure) [PSYoungGen: 1305152K->1472K(1350656K)] 1373776K->70096K(4147200K), 0.0041720 secs] [Times: user=0.01 sys=0.00, real=0.00 secs] 
2021-03-29T00:27:01.397+0800: [GC (Allocation Failure) [PSYoungGen: 1305536K->1536K(1353216K)] 1374160K->70160K(4149760K), 0.0038403 secs] [Times: user=0.02 sys=0.00, real=0.00 secs] 
2021-03-29T00:27:03.034+0800: [GC (Allocation Failure) [PSYoungGen: 1309184K->1888K(1352192K)] 1377808K->70512K(4148736K), 0.0033636 secs] [Times: user=0.01 sys=0.00, real=0.00 secs] 
2021-03-29T00:27:04.766+0800: [GC (Allocation Failure) [PSYoungGen: 1309536K->2080K(1356800K)] 1378160K->70704K(4153344K), 0.0040651 secs] [Times: user=0.00 sys=0.01, real=0.00 secs] 
2021-03-29T00:27:06.519+0800: [GC (Allocation Failure) [PSYoungGen: 1315872K->1920K(1354752K)] 1384496K->70552K(4151296K), 0.0047208 secs] [Times: user=0.01 sys=0.01, real=0.01 secs] 
2021-03-29T00:27:08.258+0800: [GC (Allocation Failure) [PSYoungGen: 1315712K->1728K(1359872K)] 1384344K->70360K(4156416K), 0.0072022 secs] [Times: user=0.01 sys=0.00, real=0.01 secs] 
2021-03-29T00:27:09.947+0800: [GC (Allocation Failure) [PSYoungGen: 1322176K->1728K(1358336K)] 1390808K->70360K(4154880K), 0.0040620 secs] [Times: user=0.01 sys=0.01, real=0.01 secs] 
2021-03-29T00:27:11.696+0800: [GC (Allocation Failure) [PSYoungGen: 1322176K->1760K(1363456K)] 1390808K->70392K(4160000K), 0.0047142 secs] [Times: user=0.01 sys=0.01, real=0.00 secs] 
2021-03-29T00:27:13.323+0800: [GC (Allocation Failure) [PSYoungGen: 1329376K->2016K(1361920K)] 1398008K->70648K(4158464K), 0.0044630 secs] [Times: user=0.01 sys=0.01, real=0.00 secs] 
2021-03-29T00:27:15.030+0800: [GC (Allocation Failure) [PSYoungGen: 1329632K->1792K(1367040K)] 1398264K->70424K(4163584K), 0.0046504 secs] [Times: user=0.01 sys=0.01, real=0.01 secs] 
2021-03-29T00:27:16.585+0800: [GC (Allocation Failure) [PSYoungGen: 1336064K->1792K(1364992K)] 1404696K->70424K(4161536K), 0.0043411 secs] [Times: user=0.00 sys=0.02, real=0.00 secs] 
2021-03-29T00:27:18.179+0800: [GC (Allocation Failure) [PSYoungGen: 1336064K->1984K(1370112K)] 1404696K->70616K(4166656K), 0.0040023 secs] [Times: user=0.01 sys=0.02, real=0.01 secs] 
2021-03-29T00:27:19.765+0800: [GC (Allocation Failure) [PSYoungGen: 1342912K->2304K(1368576K)] 1411544K->70936K(4165120K), 0.0201761 secs] [Times: user=0.04 sys=0.03, real=0.02 secs]

# wrk -c 2000
2021-03-29T00:29:35.813+0800: [GC (Allocation Failure) [PSYoungGen: 1343232K->15936K(1368064K)] 1411864K->84568K(4164608K), 0.0212531 secs] [Times: user=0.03 sys=0.04, real=0.02 secs] 
2021-03-29T00:29:37.836+0800: [GC (Allocation Failure) [PSYoungGen: 1358400K->16736K(1359360K)] 1427032K->85476K(4155904K), 0.0254968 secs] [Times: user=0.03 sys=0.06, real=0.02 secs] 
2021-03-29T00:29:39.506+0800: [GC (Allocation Failure) [PSYoungGen: 1359200K->16416K(1366016K)] 1427940K->85252K(4162560K), 0.0056243 secs] [Times: user=0.01 sys=0.01, real=0.01 secs] 
2021-03-29T00:29:41.145+0800: [GC (Allocation Failure) [PSYoungGen: 1352736K->16352K(1352704K)] 1421572K->85220K(4149248K), 0.0052709 secs] [Times: user=0.01 sys=0.01, real=0.00 secs] 
2021-03-29T00:29:42.752+0800: [GC (Allocation Failure) [PSYoungGen: 1352672K->16288K(1364992K)] 1421540K->85180K(4161536K), 0.0057292 secs] [Times: user=0.02 sys=0.01, real=0.00 secs] 
2021-03-29T00:29:44.422+0800: [GC (Allocation Failure) [PSYoungGen: 1349536K->16480K(1365504K)] 1418428K->85452K(4162048K), 0.0068397 secs] [Times: user=0.01 sys=0.01, real=0.01 secs] 
2021-03-29T00:29:46.004+0800: [GC (Allocation Failure) [PSYoungGen: 1349728K->16352K(1365504K)] 1418700K->85356K(4162048K), 0.0042824 secs] [Times: user=0.01 sys=0.01, real=0.00 secs] 
2021-03-29T00:29:47.543+0800: [GC (Allocation Failure) [PSYoungGen: 1349600K->16352K(1365504K)] 1418604K->85388K(4162048K), 0.0077709 secs] [Times: user=0.02 sys=0.01, real=0.01 secs] 
2021-03-29T00:29:49.076+0800: [GC (Allocation Failure) [PSYoungGen: 1349600K->16192K(1366016K)] 1418636K->85244K(4162560K), 0.0041733 secs] [Times: user=0.02 sys=0.00, real=0.00 secs] 
2021-03-29T00:29:50.539+0800: [GC (Allocation Failure) [PSYoungGen: 1349952K->16288K(1365504K)] 1419004K->85364K(4162048K), 0.0063464 secs] [Times: user=0.00 sys=0.02, real=0.01 secs] 
2021-03-29T00:29:51.993+0800: [GC (Allocation Failure) [PSYoungGen: 1350048K->16192K(1366528K)] 1419124K->85300K(4163072K), 0.0059458 secs] [Times: user=0.01 sys=0.01, real=0.00 secs] 
2021-03-29T00:29:53.364+0800: [GC (Allocation Failure) [PSYoungGen: 1350976K->16320K(1366016K)] 1420084K->85476K(4162560K), 0.0056636 secs] [Times: user=0.01 sys=0.00, real=0.00 secs] 
2021-03-29T00:29:54.744+0800: [GC (Allocation Failure) [PSYoungGen: 1351104K->16384K(1367552K)] 1420260K->85636K(4164096K), 0.0089677 secs] [Times: user=0.01 sys=0.01, real=0.01 secs] 
2021-03-29T00:29:56.185+0800: [GC (Allocation Failure) [PSYoungGen: 1353216K->16352K(1367040K)] 1422468K->85748K(4163584K), 0.0067523 secs] [Times: user=0.00 sys=0.02, real=0.00 secs] 
2021-03-29T00:29:57.562+0800: [GC (Allocation Failure) [PSYoungGen: 1353184K->15744K(1369088K)] 1422580K->85324K(4165632K), 0.0040827 secs] [Times: user=0.01 sys=0.00, real=0.01 secs] 
2021-03-29T00:29:58.900+0800: [GC (Allocation Failure) [PSYoungGen: 1355136K->1888K(1368064K)] 1424716K->82988K(4164608K), 0.0350999 secs] [Times: user=0.03 sys=0.11, real=0.04 secs] 
2021-03-29T00:30:00.173+0800: [GC (Allocation Failure) [PSYoungGen: 1341280K->1824K(1367552K)] 1422380K->83301K(4164096K), 0.0037547 secs] [Times: user=0.01 sys=0.00, real=0.00 secs] 
2021-03-29T00:30:01.402+0800: [GC (Allocation Failure) [PSYoungGen: 1340192K->1984K(1368064K)] 1421669K->83501K(4164608K), 0.0056881 secs] [Times: user=0.01 sys=0.01, real=0.01 secs] 
2021-03-29T00:30:02.628+0800: [GC (Allocation Failure) [PSYoungGen: 1340352K->1664K(1368576K)] 1421869K->83213K(4165120K), 0.0029787 secs] [Times: user=0.00 sys=0.00, real=0.00 secs] 
2021-03-29T00:30:03.775+0800: [GC (Allocation Failure) [PSYoungGen: 1341056K->1728K(1368576K)] 1422605K->83341K(4165120K), 0.0035920 secs] [Times: user=0.00 sys=0.01, real=0.00 secs]
```

##### ParallelGC -Xmx4g -Xms4g wrk压力测试
```Bash
huyang@ubuntu:/home/huyang$ wrk -d30s -c 1000 -t 8 'http://127.0.0.1:8088'
Running 30s test @ http://127.0.0.1:8088
  8 threads and 1000 connections
  Thread Stats   Avg      Stdev     Max   +/- Stdev
    Latency    70.79ms   51.34ms 799.03ms   74.42%
    Req/Sec     1.87k   563.21     5.70k    72.37%
  437091 requests in 30.09s, 108.45MB read
  Non-2xx or 3xx responses: 437091
Requests/sec:  14523.96
Transfer/sec:      3.60MB

huyang@ubuntu:/home/huyang$ wrk -d30s -c 2000 -t 8 'http://127.0.0.1:8088'
Running 30s test @ http://127.0.0.1:8088
  8 threads and 2000 connections
  Thread Stats   Avg      Stdev     Max   +/- Stdev
    Latency    54.13ms   57.45ms   1.32s    90.32%
    Req/Sec     2.47k     1.30k    8.40k    72.48%
  517324 requests in 30.10s, 128.36MB read
  Socket errors: connect 987, read 0, write 0, timeout 0
  Non-2xx or 3xx responses: 517324
Requests/sec:  17185.34
Transfer/sec:      4.26MB

```


#### CMSGC
##### CMSGC -Xmx1g -Xms1g GCDetailLog
```Bash
huyang@ubuntu:/home/huyang$ java -XX:+UseConcMarkSweepGC -Xmx1g -Xms1g -XX:+PrintGCDetails -XX:+PrintGCDateStamps -jar gateway-server-0.0.1-SNAPSHOT.jar

# wrk -c 500
2021-03-29T00:35:28.429+0800: [GC (Allocation Failure) 2021-03-29T00:35:28.429+0800: [ParNew: 274641K->2557K(306688K), 0.0069195 secs] 321602K->49586K(1014528K), 0.0070265 secs] [Times: user=0.02 sys=0.00, real=0.01 secs] 
2021-03-29T00:35:28.921+0800: [GC (Allocation Failure) 2021-03-29T00:35:28.922+0800: [ParNew: 275197K->2728K(306688K), 0.0061315 secs] 322226K->49816K(1014528K), 0.0062138 secs] [Times: user=0.02 sys=0.00, real=0.01 secs] 
2021-03-29T00:35:29.331+0800: [GC (Allocation Failure) 2021-03-29T00:35:29.331+0800: [ParNew: 275368K->3330K(306688K), 0.0058970 secs] 322456K->50474K(1014528K), 0.0060137 secs] [Times: user=0.02 sys=0.00, real=0.01 secs] 
2021-03-29T00:35:29.724+0800: [GC (Allocation Failure) 2021-03-29T00:35:29.724+0800: [ParNew: 275970K->3180K(306688K), 0.0066953 secs] 323114K->50357K(1014528K), 0.0069032 secs] [Times: user=0.02 sys=0.01, real=0.00 secs] 
2021-03-29T00:35:30.149+0800: [GC (Allocation Failure) 2021-03-29T00:35:30.149+0800: [ParNew: 275820K->3643K(306688K), 0.0064474 secs] 322997K->50854K(1014528K), 0.0066708 secs] [Times: user=0.02 sys=0.00, real=0.01 secs] 
2021-03-29T00:35:30.540+0800: [GC (Allocation Failure) 2021-03-29T00:35:30.540+0800: [ParNew: 276283K->3587K(306688K), 0.0096414 secs] 323494K->51269K(1014528K), 0.0097653 secs] [Times: user=0.04 sys=0.01, real=0.01 secs] 
2021-03-29T00:35:30.931+0800: [GC (Allocation Failure) 2021-03-29T00:35:30.931+0800: [ParNew: 276227K->2814K(306688K), 0.0100793 secs] 323909K->51225K(1014528K), 0.0102533 secs] [Times: user=0.02 sys=0.00, real=0.00 secs] 
2021-03-29T00:35:31.308+0800: [GC (Allocation Failure) 2021-03-29T00:35:31.308+0800: [ParNew: 275454K->2323K(306688K), 0.0108237 secs] 323865K->51044K(1014528K), 0.0109783 secs] [Times: user=0.04 sys=0.00, real=0.01 secs] 
2021-03-29T00:35:31.722+0800: [GC (Allocation Failure) 2021-03-29T00:35:31.722+0800: [ParNew: 274963K->1738K(306688K), 0.0087838 secs] 323684K->50756K(1014528K), 0.0089514 secs] [Times: user=0.03 sys=0.00, real=0.01 secs] 
2021-03-29T00:35:32.180+0800: [GC (Allocation Failure) 2021-03-29T00:35:32.180+0800: [ParNew: 274378K->1968K(306688K), 0.0065917 secs] 323396K->51167K(1014528K), 0.0067450 secs] [Times: user=0.01 sys=0.01, real=0.01 secs] 
2021-03-29T00:35:32.602+0800: [GC (Allocation Failure) 2021-03-29T00:35:32.602+0800: [ParNew: 274608K->1592K(306688K), 0.0052215 secs] 323807K->50988K(1014528K), 0.0053711 secs] [Times: user=0.02 sys=0.00, real=0.01 secs] 
2021-03-29T00:35:33.053+0800: [GC (Allocation Failure) 2021-03-29T00:35:33.053+0800: [ParNew: 274232K->1514K(306688K), 0.0129653 secs] 323628K->51151K(1014528K), 0.0131288 secs] [Times: user=0.04 sys=0.01, real=0.01 secs] 
2021-03-29T00:35:33.444+0800: [GC (Allocation Failure) 2021-03-29T00:35:33.446+0800: [ParNew: 274154K->982K(306688K), 0.0060868 secs] 323791K->50808K(1014528K), 0.0076894 secs] [Times: user=0.02 sys=0.00, real=0.01 secs] 
2021-03-29T00:35:33.865+0800: [GC (Allocation Failure) 2021-03-29T00:35:33.865+0800: [ParNew: 273622K->624K(306688K), 0.0062341 secs] 323448K->50465K(1014528K), 0.0069960 secs] [Times: user=0.02 sys=0.01, real=0.01 secs] 
2021-03-29T00:35:34.262+0800: [GC (Allocation Failure) 2021-03-29T00:35:34.262+0800: [ParNew: 273264K->870K(306688K), 0.0106731 secs] 323105K->50723K(1014528K), 0.0111248 secs] [Times: user=0.03 sys=0.00, real=0.02 secs] 
2021-03-29T00:35:34.682+0800: [GC (Allocation Failure) 2021-03-29T00:35:34.682+0800: [ParNew: 273510K->1782K(306688K), 0.0060412 secs] 323363K->51656K(1014528K), 0.0063487 secs] [Times: user=0.02 sys=0.01, real=0.01 secs] 
2021-03-29T00:35:35.127+0800: [GC (Allocation Failure) 2021-03-29T00:35:35.128+0800: [ParNew: 274420K->1492K(306688K), 0.0088496 secs] 324294K->51373K(1014528K), 0.0091448 secs] [Times: user=0.02 sys=0.01, real=0.01 secs] 
2021-03-29T00:35:35.523+0800: [GC (Allocation Failure) 2021-03-29T00:35:35.523+0800: [ParNew: 274132K->1675K(306688K), 0.0095498 secs] 324013K->51604K(1014528K), 0.0097158 secs] [Times: user=0.01 sys=0.00, real=0.02 secs] 
2021-03-29T00:35:35.913+0800: [GC (Allocation Failure) 2021-03-29T00:35:35.913+0800: [ParNew: 274315K->1649K(306688K), 0.0065699 secs] 324244K->51605K(1014528K), 0.0067892 secs] [Times: user=0.02 sys=0.00, real=0.00 secs] 
2021-03-29T00:35:36.321+0800: [GC (Allocation Failure) 2021-03-29T00:35:36.321+0800: [ParNew: 274289K->998K(306688K), 0.0043909 secs] 324245K->51013K(1014528K), 0.0046982 secs] [Times: user=0.01 sys=0.00, real=0.01 secs] 
2021-03-29T00:35:36.735+0800: [GC (Allocation Failure) 2021-03-29T00:35:36.736+0800: [ParNew: 273638K->871K(306688K), 0.0042031 secs] 323653K->50983K(1014528K), 0.0044747 secs] [Times: user=0.00 sys=0.01, real=0.00 secs] 
2021-03-29T00:35:37.112+0800: [GC (Allocation Failure) 2021-03-29T00:35:37.113+0800: [ParNew: 273511K->808K(306688K), 0.0043253 secs] 323623K->51045K(1014528K), 0.0046070 secs] [Times: user=0.01 sys=0.00, real=0.00 secs] 
2021-03-29T00:35:37.502+0800: [GC (Allocation Failure) 2021-03-29T00:35:37.502+0800: [ParNew: 273448K->699K(306688K), 0.0044486 secs] 323685K->51080K(1014528K), 0.0046416 secs] [Times: user=0.00 sys=0.01, real=0.01 secs] 
2021-03-29T00:35:37.906+0800: [GC (Allocation Failure) 2021-03-29T00:35:37.906+0800: [ParNew: 273339K->945K(306688K), 0.0061520 secs] 323720K->51367K(1014528K), 0.0063246 secs] [Times: user=0.02 sys=0.00, real=0.01 secs] 
2021-03-29T00:35:38.320+0800: [GC (Allocation Failure) 2021-03-29T00:35:38.320+0800: [ParNew: 273585K->945K(306688K), 0.0050124 secs] 324007K->51385K(1014528K), 0.0052169 secs] [Times: user=0.02 sys=0.00, real=0.01 secs] 
2021-03-29T00:35:38.735+0800: [GC (Allocation Failure) 2021-03-29T00:35:38.735+0800: [ParNew: 273578K->1012K(306688K), 0.0065907 secs] 324018K->51472K(1014528K), 0.0067870 secs] [Times: user=0.01 sys=0.01, real=0.00 secs] 
2021-03-29T00:35:39.152+0800: [GC (Allocation Failure) 2021-03-29T00:35:39.152+0800: [ParNew: 273652K->1191K(306688K), 0.0047530 secs] 324112K->51675K(1014528K), 0.0050765 secs] [Times: user=0.02 sys=0.00, real=0.00 secs] 
2021-03-29T00:35:39.532+0800: [GC (Allocation Failure) 2021-03-29T00:35:39.532+0800: [ParNew: 273831K->1239K(306688K), 0.0059811 secs] 324315K->51759K(1014528K), 0.0061434 secs] [Times: user=0.02 sys=0.00, real=0.00 secs] 
2021-03-29T00:35:39.967+0800: [GC (Allocation Failure) 2021-03-29T00:35:39.967+0800: [ParNew: 273879K->1649K(306688K), 0.0039802 secs] 324399K->52218K(1014528K), 0.0041425 secs] [Times: user=0.01 sys=0.01, real=0.00 secs] 
2021-03-29T00:35:40.360+0800: [GC (Allocation Failure) 2021-03-29T00:35:40.360+0800: [ParNew: 274289K->2084K(306688K), 0.0052432 secs] 324858K->52719K(1014528K), 0.0054077 secs] [Times: user=0.01 sys=0.00, real=0.01 secs] 
2021-03-29T00:35:40.784+0800: [GC (Allocation Failure) 2021-03-29T00:35:40.785+0800: [ParNew: 274724K->1429K(306688K), 0.0059657 secs] 325359K->52143K(1014528K), 0.0061148 secs] [Times: user=0.02 sys=0.00, real=0.00 secs] 
2021-03-29T00:35:41.214+0800: [GC (Allocation Failure) 2021-03-29T00:35:41.215+0800: [ParNew: 274069K->958K(306688K), 0.0040821 secs] 324783K->51773K(1014528K), 0.0043067 secs] [Times: user=0.01 sys=0.01, real=0.00 secs] 
2021-03-29T00:35:41.612+0800: [GC (Allocation Failure) 2021-03-29T00:35:41.612+0800: [ParNew: 273598K->952K(306688K), 0.0042989 secs] 324413K->51856K(1014528K), 0.0044547 secs] [Times: user=0.00 sys=0.01, real=0.00 secs] 
2021-03-29T00:35:42.007+0800: [GC (Allocation Failure) 2021-03-29T00:35:42.007+0800: [ParNew: 273592K->786K(306688K), 0.0046148 secs] 324496K->51742K(1014528K), 0.0047672 secs] [Times: user=0.00 sys=0.01, real=0.01 secs] 
2021-03-29T00:35:42.405+0800: [GC (Allocation Failure) 2021-03-29T00:35:42.405+0800: [ParNew: 273426K->760K(306688K), 0.0055022 secs] 324382K->51772K(1014528K), 0.0059425 secs] [Times: user=0.01 sys=0.00, real=0.00 secs] 
2021-03-29T00:35:42.796+0800: [GC (Allocation Failure) 2021-03-29T00:35:42.797+0800: [ParNew: 273400K->851K(306688K), 0.0037531 secs] 324412K->51897K(1014528K), 0.0040561 secs] [Times: user=0.01 sys=0.00, real=0.00 secs] 
2021-03-29T00:35:43.198+0800: [GC (Allocation Failure) 2021-03-29T00:35:43.198+0800: [ParNew: 273491K->981K(306688K), 0.0046644 secs] 324537K->52068K(1014528K), 0.0048104 secs] [Times: user=0.02 sys=0.00, real=0.00 secs] 
2021-03-29T00:35:43.576+0800: [GC (Allocation Failure) 2021-03-29T00:35:43.577+0800: [ParNew: 273621K->3320K(306688K), 0.0057799 secs] 324708K->54447K(1014528K), 0.0064131 secs] [Times: user=0.02 sys=0.01, real=0.00 secs] 
2021-03-29T00:35:43.945+0800: [GC (Allocation Failure) 2021-03-29T00:35:43.945+0800: [ParNew: 275960K->2302K(306688K), 0.0037266 secs] 327087K->53474K(1014528K), 0.0038882 secs] [Times: user=0.01 sys=0.00, real=0.00 secs] 
2021-03-29T00:35:44.296+0800: [GC (Allocation Failure) 2021-03-29T00:35:44.296+0800: [ParNew: 274942K->1484K(306688K), 0.0043214 secs] 326114K->52720K(1014528K), 0.0044573 secs] [Times: user=0.01 sys=0.00, real=0.00 secs] 
2021-03-29T00:35:44.666+0800: [GC (Allocation Failure) 2021-03-29T00:35:44.667+0800: [ParNew: 274124K->1251K(306688K), 0.0057533 secs] 325360K->52570K(1014528K), 0.0060139 secs] [Times: user=0.02 sys=0.00, real=0.01 secs] 
2021-03-29T00:35:45.059+0800: [GC (Allocation Failure) 2021-03-29T00:35:45.059+0800: [ParNew: 273891K->839K(306688K), 0.0042113 secs] 325210K->52243K(1014528K), 0.0044577 secs] [Times: user=0.01 sys=0.00, real=0.01 secs] 
2021-03-29T00:35:45.428+0800: [GC (Allocation Failure) 2021-03-29T00:35:45.429+0800: [ParNew: 273479K->800K(306688K), 0.0053295 secs] 324883K->52287K(1014528K), 0.0054955 secs] [Times: user=0.01 sys=0.00, real=0.01 secs] 
2021-03-29T00:35:45.798+0800: [GC (Allocation Failure) 2021-03-29T00:35:45.799+0800: [ParNew: 273440K->1130K(306688K), 0.0086010 secs] 324927K->52699K(1014528K), 0.0087809 secs] [Times: user=0.02 sys=0.00, real=0.01 secs] 
2021-03-29T00:35:46.175+0800: [GC (Allocation Failure) 2021-03-29T00:35:46.175+0800: [ParNew: 273770K->983K(306688K), 0.0050285 secs] 325339K->52602K(1014528K), 0.0051800 secs] [Times: user=0.01 sys=0.02, real=0.00 secs] 
2021-03-29T00:35:46.552+0800: [GC (Allocation Failure) 2021-03-29T00:35:46.552+0800: [ParNew: 273623K->945K(306688K), 0.0054052 secs] 325242K->52605K(1014528K), 0.0056579 secs] [Times: user=0.02 sys=0.01, real=0.00 secs] 
2021-03-29T00:35:46.957+0800: [GC (Allocation Failure) 2021-03-29T00:35:46.957+0800: [ParNew: 273585K->1327K(306688K), 0.0044630 secs] 325245K->53026K(1014528K), 0.0046781 secs] [Times: user=0.02 sys=0.00, real=0.00 secs] 
2021-03-29T00:35:47.342+0800: [GC (Allocation Failure) 2021-03-29T00:35:47.343+0800: [ParNew: 273967K->1021K(306688K), 0.0040099 secs] 325666K->52756K(1014528K), 0.0041717 secs] [Times: user=0.02 sys=0.00, real=0.01 secs] 
2021-03-29T00:35:47.699+0800: [GC (Allocation Failure) 2021-03-29T00:35:47.699+0800: [ParNew: 273661K->1426K(306688K), 0.0039023 secs] 325396K->53210K(1014528K), 0.0040305 secs] [Times: user=0.01 sys=0.01, real=0.00 secs] 
2021-03-29T00:35:48.061+0800: [GC (Allocation Failure) 2021-03-29T00:35:48.062+0800: [ParNew: 274066K->992K(306688K), 0.0074157 secs] 325850K->52848K(1014528K), 0.0076124 secs] [Times: user=0.01 sys=0.00, real=0.01 secs] 
2021-03-29T00:35:48.436+0800: [GC (Allocation Failure) 2021-03-29T00:35:48.436+0800: [ParNew: 273632K->1028K(306688K), 0.0058402 secs] 325488K->52968K(1014528K), 0.0060840 secs] [Times: user=0.02 sys=0.00, real=0.00 secs] 
2021-03-29T00:35:48.829+0800: [GC (Allocation Failure) 2021-03-29T00:35:48.829+0800: [ParNew: 273668K->947K(306688K), 0.0042482 secs] 325608K->52962K(1014528K), 0.0043785 secs] [Times: user=0.01 sys=0.00, real=0.01 secs] 
2021-03-29T00:35:49.226+0800: [GC (Allocation Failure) 2021-03-29T00:35:49.226+0800: [ParNew: 273587K->968K(306688K), 0.0047459 secs] 325602K->53042K(1014528K), 0.0049386 secs] [Times: user=0.02 sys=0.00, real=0.00 secs] 
2021-03-29T00:35:49.615+0800: [GC (Allocation Failure) 2021-03-29T00:35:49.615+0800: [ParNew: 273608K->1565K(306688K), 0.0071889 secs] 325682K->53705K(1014528K), 0.0073594 secs] [Times: user=0.02 sys=0.00, real=0.00 secs] 
2021-03-29T00:35:49.995+0800: [GC (Allocation Failure) 2021-03-29T00:35:49.995+0800: [ParNew: 274205K->1763K(306688K), 0.0052457 secs] 326345K->53954K(1014528K), 0.0055267 secs] [Times: user=0.02 sys=0.01, real=0.00 secs] 
2021-03-29T00:35:50.417+0800: [GC (Allocation Failure) 2021-03-29T00:35:50.417+0800: [ParNew: 274403K->1218K(306688K), 0.0066741 secs] 326594K->53458K(1014528K), 0.0069352 secs] [Times: user=0.01 sys=0.02, real=0.01 secs] 
2021-03-29T00:35:50.796+0800: [GC (Allocation Failure) 2021-03-29T00:35:50.797+0800: [ParNew: 273858K->1006K(306688K), 0.0040689 secs] 326098K->53312K(1014528K), 0.0043743 secs] [Times: user=0.02 sys=0.00, real=0.00 secs] 
2021-03-29T00:35:51.188+0800: [GC (Allocation Failure) 2021-03-29T00:35:51.188+0800: [ParNew: 273646K->975K(306688K), 0.0040566 secs] 325952K->53332K(1014528K), 0.0043066 secs] [Times: user=0.02 sys=0.00, real=0.01 secs] 
2021-03-29T00:35:51.534+0800: [GC (Allocation Failure) 2021-03-29T00:35:51.534+0800: [ParNew: 273615K->806K(306688K), 0.0043300 secs] 325972K->53224K(1014528K), 0.0045578 secs] [Times: user=0.01 sys=0.00, real=0.00 secs] 
2021-03-29T00:35:51.915+0800: [GC (Allocation Failure) 2021-03-29T00:35:51.915+0800: [ParNew: 273446K->924K(306688K), 0.0045475 secs] 325864K->53413K(1014528K), 0.0049167 secs] [Times: user=0.01 sys=0.00, real=0.00 secs] 
2021-03-29T00:35:52.272+0800: [GC (Allocation Failure) 2021-03-29T00:35:52.272+0800: [ParNew: 273564K->1524K(306688K), 0.0040534 secs] 326053K->54079K(1014528K), 0.0043716 secs] [Times: user=0.02 sys=0.00, real=0.00 secs] 
2021-03-29T00:35:52.655+0800: [GC (Allocation Failure) 2021-03-29T00:35:52.655+0800: [ParNew: 274164K->964K(306688K), 0.0060206 secs] 326719K->53583K(1014528K), 0.0063508 secs] [Times: user=0.01 sys=0.01, real=0.00 secs] 
2021-03-29T00:35:53.038+0800: [GC (Allocation Failure) 2021-03-29T00:35:53.039+0800: [ParNew: 273604K->893K(306688K), 0.0077120 secs] 326223K->53574K(1014528K), 0.0080868 secs] [Times: user=0.03 sys=0.01, real=0.01 secs] 
2021-03-29T00:35:53.421+0800: [GC (Allocation Failure) 2021-03-29T00:35:53.421+0800: [ParNew: 273533K->790K(306688K), 0.0093497 secs] 326214K->53540K(1014528K), 0.0096908 secs] [Times: user=0.02 sys=0.01, real=0.01 secs] 
2021-03-29T00:35:53.808+0800: [GC (Allocation Failure) 2021-03-29T00:35:53.808+0800: [ParNew: 273430K->1202K(306688K), 0.0084749 secs] 326180K->54003K(1014528K), 0.0087975 secs] [Times: user=0.03 sys=0.00, real=0.01 secs] 
2021-03-29T00:35:54.201+0800: [GC (Allocation Failure) 2021-03-29T00:35:54.201+0800: [ParNew: 273842K->1228K(306688K), 0.0072383 secs] 326643K->54074K(1014528K), 0.0078566 secs] [Times: user=0.02 sys=0.00, real=0.01 secs] 
2021-03-29T00:35:54.580+0800: [GC (Allocation Failure) 2021-03-29T00:35:54.580+0800: [ParNew: 273868K->1000K(306688K), 0.0066212 secs] 326714K->53893K(1014528K), 0.0068652 secs] [Times: user=0.02 sys=0.00, real=0.01 secs] 
2021-03-29T00:35:54.971+0800: [GC (Allocation Failure) 2021-03-29T00:35:54.971+0800: [ParNew: 273640K->1161K(306688K), 0.0049409 secs] 326533K->54117K(1014528K), 0.0052457 secs] [Times: user=0.01 sys=0.00, real=0.01 secs] 
2021-03-29T00:35:55.380+0800: [GC (Allocation Failure) 2021-03-29T00:35:55.380+0800: [ParNew: 273801K->1817K(306688K), 0.0090910 secs] 326757K->54829K(1014528K), 0.0094216 secs] [Times: user=0.03 sys=0.00, real=0.01 secs] 
2021-03-29T00:35:55.773+0800: [GC (Allocation Failure) 2021-03-29T00:35:55.773+0800: [ParNew: 274457K->1338K(306688K), 0.0052739 secs] 327469K->54420K(1014528K), 0.0054730 secs] [Times: user=0.01 sys=0.00, real=0.00 secs] 
2021-03-29T00:35:56.137+0800: [GC (Allocation Failure) 2021-03-29T00:35:56.137+0800: [ParNew: 273978K->1089K(306688K), 0.0042196 secs] 327060K->54220K(1014528K), 0.0043986 secs] [Times: user=0.02 sys=0.00, real=0.00 secs] 
2021-03-29T00:35:56.485+0800: [GC (Allocation Failure) 2021-03-29T00:35:56.485+0800: [ParNew: 273729K->1002K(306688K), 0.0037112 secs] 326860K->54188K(1014528K), 0.0038813 secs] [Times: user=0.01 sys=0.00, real=0.00 secs] 
2021-03-29T00:35:56.847+0800: [GC (Allocation Failure) 2021-03-29T00:35:56.847+0800: [ParNew: 273642K->808K(306688K), 0.0049135 secs] 326828K->54047K(1014528K), 0.0050648 secs] [Times: user=0.01 sys=0.00, real=0.01 secs] 
2021-03-29T00:35:57.179+0800: [GC (Allocation Failure) 2021-03-29T00:35:57.179+0800: [ParNew: 273448K->1330K(306688K), 0.0059038 secs] 326687K->54633K(1014528K), 0.0060731 secs] [Times: user=0.02 sys=0.01, real=0.01 secs] 
2021-03-29T00:35:57.539+0800: [GC (Allocation Failure) 2021-03-29T00:35:57.539+0800: [ParNew: 273970K->929K(306688K), 0.0039482 secs] 327273K->54288K(1014528K), 0.0041337 secs] [Times: user=0.01 sys=0.01, real=0.00 secs] 
2021-03-29T00:35:57.869+0800: [GC (Allocation Failure) 2021-03-29T00:35:57.870+0800: [ParNew: 273569K->1005K(306688K), 0.0041632 secs] 326928K->54438K(1014528K), 0.0043451 secs] [Times: user=0.02 sys=0.00, real=0.01 secs]

# wrk -c 1000
2021-03-29T00:37:20.511+0800: [GC (Allocation Failure) 2021-03-29T00:37:20.511+0800: [ParNew: 273645K->4106K(306688K), 0.0045956 secs] 327078K->57551K(1014528K), 0.0047465 secs] [Times: user=0.00 sys=0.01, real=0.01 secs] 
2021-03-29T00:37:20.969+0800: [GC (Allocation Failure) 2021-03-29T00:37:20.969+0800: [ParNew: 276746K->5773K(306688K), 0.0040712 secs] 330191K->59227K(1014528K), 0.0043911 secs] [Times: user=0.01 sys=0.00, real=0.01 secs] 
2021-03-29T00:37:21.432+0800: [GC (Allocation Failure) 2021-03-29T00:37:21.433+0800: [ParNew: 278413K->5734K(306688K), 0.0045535 secs] 331867K->59199K(1014528K), 0.0048104 secs] [Times: user=0.02 sys=0.00, real=0.00 secs] 
2021-03-29T00:37:21.839+0800: [GC (Allocation Failure) 2021-03-29T00:37:21.840+0800: [ParNew: 278374K->9784K(306688K), 0.0048555 secs] 331839K->63253K(1014528K), 0.0051235 secs] [Times: user=0.02 sys=0.00, real=0.01 secs] 
2021-03-29T00:37:22.274+0800: [GC (Allocation Failure) 2021-03-29T00:37:22.274+0800: [ParNew: 282424K->11193K(306688K), 0.0062150 secs] 335893K->64668K(1014528K), 0.0065447 secs] [Times: user=0.02 sys=0.00, real=0.00 secs] 
2021-03-29T00:37:22.624+0800: [GC (Allocation Failure) 2021-03-29T00:37:22.624+0800: [ParNew: 283833K->12441K(306688K), 0.0133904 secs] 337308K->65924K(1014528K), 0.0137272 secs] [Times: user=0.04 sys=0.01, real=0.01 secs] 
2021-03-29T00:37:22.941+0800: [GC (Allocation Failure) 2021-03-29T00:37:22.941+0800: [ParNew: 285081K->6818K(306688K), 0.0186268 secs] 338564K->63797K(1014528K), 0.0188654 secs] [Times: user=0.06 sys=0.00, real=0.02 secs] 
2021-03-29T00:37:23.237+0800: [GC (Allocation Failure) 2021-03-29T00:37:23.237+0800: [ParNew: 279458K->4589K(306688K), 0.0076683 secs] 336437K->62058K(1014528K), 0.0079398 secs] [Times: user=0.02 sys=0.01, real=0.01 secs] 
2021-03-29T00:37:23.563+0800: [GC (Allocation Failure) 2021-03-29T00:37:23.563+0800: [ParNew: 277229K->8687K(306688K), 0.0107383 secs] 334698K->66523K(1014528K), 0.0113451 secs] [Times: user=0.02 sys=0.00, real=0.01 secs] 
2021-03-29T00:37:23.870+0800: [GC (Allocation Failure) 2021-03-29T00:37:23.870+0800: [ParNew: 281327K->7120K(306688K), 0.0129022 secs] 339163K->67413K(1014528K), 0.0131563 secs] [Times: user=0.03 sys=0.00, real=0.02 secs] 
2021-03-29T00:37:24.178+0800: [GC (Allocation Failure) 2021-03-29T00:37:24.178+0800: [ParNew: 279760K->7060K(306688K), 0.0071890 secs] 340053K->67610K(1014528K), 0.0073739 secs] [Times: user=0.02 sys=0.00, real=0.01 secs] 
2021-03-29T00:37:24.467+0800: [GC (Allocation Failure) 2021-03-29T00:37:24.467+0800: [ParNew: 279700K->4608K(306688K), 0.0070024 secs] 340250K->65265K(1014528K), 0.0073681 secs] [Times: user=0.02 sys=0.01, real=0.01 secs] 
2021-03-29T00:37:24.784+0800: [GC (Allocation Failure) 2021-03-29T00:37:24.784+0800: [ParNew: 277248K->8915K(306688K), 0.0127624 secs] 337905K->69603K(1014528K), 0.0129191 secs] [Times: user=0.04 sys=0.01, real=0.01 secs] 
2021-03-29T00:37:25.087+0800: [GC (Allocation Failure) 2021-03-29T00:37:25.087+0800: [ParNew: 281555K->7754K(306688K), 0.0070562 secs] 342243K->68447K(1014528K), 0.0073097 secs] [Times: user=0.01 sys=0.01, real=0.01 secs] 
2021-03-29T00:37:25.403+0800: [GC (Allocation Failure) 2021-03-29T00:37:25.404+0800: [ParNew: 280394K->2957K(306688K), 0.0209119 secs] 341087K->66988K(1014528K), 0.0215431 secs] [Times: user=0.03 sys=0.01, real=0.03 secs] 
2021-03-29T00:37:25.741+0800: [GC (Allocation Failure) 2021-03-29T00:37:25.741+0800: [ParNew: 275597K->982K(306688K), 0.0071570 secs] 339628K->65169K(1014528K), 0.0073772 secs] [Times: user=0.01 sys=0.01, real=0.01 secs] 
2021-03-29T00:37:26.044+0800: [GC (Allocation Failure) 2021-03-29T00:37:26.044+0800: [ParNew: 273622K->1712K(306688K), 0.0081194 secs] 337809K->65913K(1014528K), 0.0083111 secs] [Times: user=0.02 sys=0.00, real=0.01 secs] 
2021-03-29T00:37:26.366+0800: [GC (Allocation Failure) 2021-03-29T00:37:26.366+0800: [ParNew: 274351K->1190K(306688K), 0.0073610 secs] 338553K->65402K(1014528K), 0.0075422 secs] [Times: user=0.03 sys=0.00, real=0.01 secs] 
2021-03-29T00:37:26.675+0800: [GC (Allocation Failure) 2021-03-29T00:37:26.675+0800: [ParNew: 273823K->642K(306688K), 0.0085211 secs] 338035K->64868K(1014528K), 0.0087853 secs] [Times: user=0.02 sys=0.00, real=0.01 secs] 
2021-03-29T00:37:26.982+0800: [GC (Allocation Failure) 2021-03-29T00:37:26.982+0800: [ParNew: 273282K->542K(306688K), 0.0054757 secs] 337508K->64780K(1014528K), 0.0056479 secs] [Times: user=0.01 sys=0.00, real=0.01 secs] 
2021-03-29T00:37:27.302+0800: [GC (Allocation Failure) 2021-03-29T00:37:27.302+0800: [ParNew: 273182K->740K(306688K), 0.0050725 secs] 337420K->64992K(1014528K), 0.0054727 secs] [Times: user=0.01 sys=0.00, real=0.01 secs] 
2021-03-29T00:37:27.603+0800: [GC (Allocation Failure) 2021-03-29T00:37:27.604+0800: [ParNew: 273380K->1453K(306688K), 0.0078668 secs] 337632K->65750K(1014528K), 0.0080268 secs] [Times: user=0.02 sys=0.01, real=0.01 secs] 
2021-03-29T00:37:27.924+0800: [GC (Allocation Failure) 2021-03-29T00:37:27.924+0800: [ParNew: 274093K->1874K(306688K), 0.0077094 secs] 338390K->66203K(1014528K), 0.0080175 secs] [Times: user=0.03 sys=0.00, real=0.01 secs] 
2021-03-29T00:37:28.220+0800: [GC (Allocation Failure) 2021-03-29T00:37:28.220+0800: [ParNew: 274508K->2224K(306688K), 0.0133896 secs] 338838K->66608K(1014528K), 0.0136239 secs] [Times: user=0.04 sys=0.00, real=0.02 secs] 
2021-03-29T00:37:28.539+0800: [GC (Allocation Failure) 2021-03-29T00:37:28.539+0800: [ParNew: 274864K->1020K(306688K), 0.0158395 secs] 339248K->65450K(1014528K), 0.0160943 secs] [Times: user=0.04 sys=0.02, real=0.02 secs] 
2021-03-29T00:37:28.844+0800: [GC (Allocation Failure) 2021-03-29T00:37:28.844+0800: [ParNew: 273660K->2168K(306688K), 0.0084751 secs] 338090K->66692K(1014528K), 0.0088021 secs] [Times: user=0.03 sys=0.00, real=0.01 secs] 
2021-03-29T00:37:29.156+0800: [GC (Allocation Failure) 2021-03-29T00:37:29.156+0800: [ParNew: 274808K->1693K(306688K), 0.0080707 secs] 339332K->66311K(1014528K), 0.0082303 secs] [Times: user=0.03 sys=0.01, real=0.01 secs] 
2021-03-29T00:37:29.451+0800: [GC (Allocation Failure) 2021-03-29T00:37:29.451+0800: [ParNew: 274333K->1626K(306688K), 0.0095644 secs] 338951K->66340K(1014528K), 0.0097769 secs] [Times: user=0.01 sys=0.00, real=0.00 secs] 
2021-03-29T00:37:29.746+0800: [GC (Allocation Failure) 2021-03-29T00:37:29.746+0800: [ParNew: 274266K->2327K(306688K), 0.0048012 secs] 338980K->67138K(1014528K), 0.0049657 secs] [Times: user=0.02 sys=0.00, real=0.01 secs] 
2021-03-29T00:37:30.034+0800: [GC (Allocation Failure) 2021-03-29T00:37:30.034+0800: [ParNew: 274967K->2974K(306688K), 0.0065540 secs] 339778K->67872K(1014528K), 0.0066839 secs] [Times: user=0.02 sys=0.00, real=0.00 secs] 
2021-03-29T00:37:30.336+0800: [GC (Allocation Failure) 2021-03-29T00:37:30.336+0800: [ParNew: 275614K->2043K(306688K), 0.0048436 secs] 340512K->67070K(1014528K), 0.0051140 secs] [Times: user=0.02 sys=0.00, real=0.00 secs] 
2021-03-29T00:37:30.610+0800: [GC (Allocation Failure) 2021-03-29T00:37:30.610+0800: [ParNew: 274683K->1395K(306688K), 0.0072828 secs] 339710K->66513K(1014528K), 0.0078380 secs] [Times: user=0.02 sys=0.01, real=0.01 secs] 
2021-03-29T00:37:30.904+0800: [GC (Allocation Failure) 2021-03-29T00:37:30.904+0800: [ParNew: 274035K->1093K(306688K), 0.0052436 secs] 339153K->66312K(1014528K), 0.0055058 secs] [Times: user=0.02 sys=0.00, real=0.00 secs] 
2021-03-29T00:37:31.180+0800: [GC (Allocation Failure) 2021-03-29T00:37:31.180+0800: [ParNew: 273733K->2388K(306688K), 0.0053272 secs] 338952K->67683K(1014528K), 0.0055272 secs] [Times: user=0.01 sys=0.01, real=0.01 secs] 
2021-03-29T00:37:31.473+0800: [GC (Allocation Failure) 2021-03-29T00:37:31.474+0800: [ParNew: 275028K->1719K(306688K), 0.0063491 secs] 340323K->67056K(1014528K), 0.0065525 secs] [Times: user=0.01 sys=0.00, real=0.00 secs] 
2021-03-29T00:37:31.771+0800: [GC (Allocation Failure) 2021-03-29T00:37:31.771+0800: [ParNew: 274359K->1128K(306688K), 0.0093383 secs] 339696K->66516K(1014528K), 0.0095317 secs] [Times: user=0.01 sys=0.00, real=0.01 secs] 
2021-03-29T00:37:32.056+0800: [GC (Allocation Failure) 2021-03-29T00:37:32.056+0800: [ParNew: 273768K->1636K(306688K), 0.0091371 secs] 339156K->67046K(1014528K), 0.0092736 secs] [Times: user=0.04 sys=0.00, real=0.01 secs] 
2021-03-29T00:37:32.362+0800: [GC (Allocation Failure) 2021-03-29T00:37:32.362+0800: [ParNew: 274276K->1115K(306688K), 0.0051450 secs] 339686K->66553K(1014528K), 0.0053158 secs] [Times: user=0.02 sys=0.01, real=0.01 secs] 
2021-03-29T00:37:32.641+0800: [GC (Allocation Failure) 2021-03-29T00:37:32.642+0800: [ParNew: 273755K->765K(306688K), 0.0050468 secs] 339193K->66239K(1014528K), 0.0053234 secs] [Times: user=0.02 sys=0.01, real=0.01 secs] 
2021-03-29T00:37:32.926+0800: [GC (Allocation Failure) 2021-03-29T00:37:32.926+0800: [ParNew: 273405K->857K(306688K), 0.0052593 secs] 338879K->66357K(1014528K), 0.0055100 secs] [Times: user=0.02 sys=0.00, real=0.01 secs] 
2021-03-29T00:37:33.210+0800: [GC (Allocation Failure) 2021-03-29T00:37:33.210+0800: [ParNew: 273497K->1063K(306688K), 0.0052953 secs] 338997K->66602K(1014528K), 0.0055596 secs] [Times: user=0.02 sys=0.00, real=0.01 secs] 
2021-03-29T00:37:33.488+0800: [GC (Allocation Failure) 2021-03-29T00:37:33.488+0800: [ParNew: 273703K->911K(306688K), 0.0059111 secs] 339242K->66490K(1014528K), 0.0065007 secs] [Times: user=0.02 sys=0.00, real=0.01 secs] 
2021-03-29T00:37:33.764+0800: [GC (Allocation Failure) 2021-03-29T00:37:33.764+0800: [ParNew: 273551K->1127K(306688K), 0.0058212 secs] 339130K->66747K(1014528K), 0.0060851 secs] [Times: user=0.02 sys=0.00, real=0.00 secs] 
2021-03-29T00:37:34.069+0800: [GC (Allocation Failure) 2021-03-29T00:37:34.069+0800: [ParNew: 273767K->1347K(306688K), 0.0047730 secs] 339387K->67039K(1014528K), 0.0050461 secs] [Times: user=0.02 sys=0.00, real=0.01 secs] 
2021-03-29T00:37:34.337+0800: [GC (Allocation Failure) 2021-03-29T00:37:34.338+0800: [ParNew: 273987K->1307K(306688K), 0.0058172 secs] 339679K->67068K(1014528K), 0.0060468 secs] [Times: user=0.02 sys=0.00, real=0.01 secs] 
2021-03-29T00:37:34.617+0800: [GC (Allocation Failure) 2021-03-29T00:37:34.617+0800: [ParNew: 273947K->1420K(306688K), 0.0043160 secs] 339708K->67251K(1014528K), 0.0046091 secs] [Times: user=0.01 sys=0.00, real=0.00 secs] 
2021-03-29T00:37:34.892+0800: [GC (Allocation Failure) 2021-03-29T00:37:34.893+0800: [ParNew: 274060K->933K(306688K), 0.0060768 secs] 339891K->66842K(1014528K), 0.0064619 secs] [Times: user=0.02 sys=0.00, real=0.00 secs] 
2021-03-29T00:37:35.166+0800: [GC (Allocation Failure) 2021-03-29T00:37:35.166+0800: [ParNew: 273573K->2950K(306688K), 0.0060016 secs] 339482K->68949K(1014528K), 0.0061770 secs] [Times: user=0.02 sys=0.00, real=0.01 secs] 
2021-03-29T00:37:35.431+0800: [GC (Allocation Failure) 2021-03-29T00:37:35.431+0800: [ParNew: 275590K->2120K(306688K), 0.0045874 secs] 341589K->68206K(1014528K), 0.0048935 secs] [Times: user=0.02 sys=0.00, real=0.01 secs] 
2021-03-29T00:37:35.711+0800: [GC (Allocation Failure) 2021-03-29T00:37:35.711+0800: [ParNew: 274760K->1346K(306688K), 0.0044738 secs] 340846K->67539K(1014528K), 0.0046090 secs] [Times: user=0.00 sys=0.01, real=0.01 secs] 
2021-03-29T00:37:35.998+0800: [GC (Allocation Failure) 2021-03-29T00:37:35.998+0800: [ParNew: 273986K->954K(306688K), 0.0041458 secs] 340179K->67231K(1014528K), 0.0042720 secs] [Times: user=0.00 sys=0.01, real=0.00 secs] 
2021-03-29T00:37:36.253+0800: [GC (Allocation Failure) 2021-03-29T00:37:36.253+0800: [ParNew: 273594K->682K(306688K), 0.0055187 secs] 339871K->67057K(1014528K), 0.0057585 secs] [Times: user=0.02 sys=0.01, real=0.00 secs] 
2021-03-29T00:37:36.522+0800: [GC (Allocation Failure) 2021-03-29T00:37:36.522+0800: [ParNew: 273322K->919K(306688K), 0.0060098 secs] 339697K->67354K(1014528K), 0.0061644 secs] [Times: user=0.02 sys=0.00, real=0.01 secs] 
2021-03-29T00:37:36.804+0800: [GC (Allocation Failure) 2021-03-29T00:37:36.805+0800: [ParNew: 273559K->1022K(306688K), 0.0057642 secs] 339994K->67542K(1014528K), 0.0059729 secs] [Times: user=0.01 sys=0.00, real=0.00 secs] 
2021-03-29T00:37:37.096+0800: [GC (Allocation Failure) 2021-03-29T00:37:37.097+0800: [ParNew: 273662K->863K(306688K), 0.0044415 secs] 340182K->67447K(1014528K), 0.0047027 secs] [Times: user=0.01 sys=0.00, real=0.00 secs] 
2021-03-29T00:37:37.351+0800: [GC (Allocation Failure) 2021-03-29T00:37:37.351+0800: [ParNew: 273503K->1212K(306688K), 0.0051333 secs] 340087K->67840K(1014528K), 0.0054827 secs] [Times: user=0.01 sys=0.00, real=0.00 secs] 
2021-03-29T00:37:37.616+0800: [GC (Allocation Failure) 2021-03-29T00:37:37.616+0800: [ParNew: 273852K->830K(306688K), 0.0042109 secs] 340480K->67505K(1014528K), 0.0044518 secs] [Times: user=0.01 sys=0.00, real=0.00 secs] 
2021-03-29T00:37:37.889+0800: [GC (Allocation Failure) 2021-03-29T00:37:37.889+0800: [ParNew: 273470K->712K(306688K), 0.0051467 secs] 340145K->67421K(1014528K), 0.0054091 secs] [Times: user=0.01 sys=0.00, real=0.01 secs] 
2021-03-29T00:37:38.142+0800: [GC (Allocation Failure) 2021-03-29T00:37:38.142+0800: [ParNew: 273352K->1109K(306688K), 0.0044831 secs] 340061K->67857K(1014528K), 0.0048585 secs] [Times: user=0.02 sys=0.00, real=0.01 secs] 
2021-03-29T00:37:38.409+0800: [GC (Allocation Failure) 2021-03-29T00:37:38.409+0800: [ParNew: 273749K->2023K(306688K), 0.0047457 secs] 340497K->68810K(1014528K), 0.0049750 secs] [Times: user=0.02 sys=0.00, real=0.01 secs] 
2021-03-29T00:37:38.672+0800: [GC (Allocation Failure) 2021-03-29T00:37:38.672+0800: [ParNew: 274663K->1256K(306688K), 0.0050248 secs] 341450K->68089K(1014528K), 0.0052485 secs] [Times: user=0.01 sys=0.00, real=0.00 secs] 
2021-03-29T00:37:38.954+0800: [GC (Allocation Failure) 2021-03-29T00:37:38.955+0800: [ParNew: 273896K->806K(306688K), 0.0056581 secs] 340729K->67730K(1014528K), 0.0059203 secs] [Times: user=0.02 sys=0.00, real=0.00 secs] 
2021-03-29T00:37:39.226+0800: [GC (Allocation Failure) 2021-03-29T00:37:39.226+0800: [ParNew: 273446K->877K(306688K), 0.0040423 secs] 340370K->67844K(1014528K), 0.0041869 secs] [Times: user=0.01 sys=0.00, real=0.00 secs] 
2021-03-29T00:37:39.501+0800: [GC (Allocation Failure) 2021-03-29T00:37:39.501+0800: [ParNew: 273517K->922K(306688K), 0.0043494 secs] 340484K->67956K(1014528K), 0.0044957 secs] [Times: user=0.02 sys=0.00, real=0.01 secs] 
2021-03-29T00:37:39.771+0800: [GC (Allocation Failure) 2021-03-29T00:37:39.771+0800: [ParNew: 273562K->1012K(306688K), 0.0051140 secs] 340596K->68105K(1014528K), 0.0052520 secs] [Times: user=0.01 sys=0.00, real=0.00 secs] 
2021-03-29T00:37:40.033+0800: [GC (Allocation Failure) 2021-03-29T00:37:40.033+0800: [ParNew: 273652K->1183K(306688K), 0.0040625 secs] 340745K->68349K(1014528K), 0.0042035 secs] [Times: user=0.01 sys=0.00, real=0.00 secs] 
2021-03-29T00:37:40.296+0800: [GC (Allocation Failure) 2021-03-29T00:37:40.296+0800: [ParNew: 273823K->1232K(306688K), 0.0042775 secs] 340989K->68463K(1014528K), 0.0044003 secs] [Times: user=0.02 sys=0.00, real=0.00 secs] 
2021-03-29T00:37:40.579+0800: [GC (Allocation Failure) 2021-03-29T00:37:40.579+0800: [ParNew: 273872K->1399K(306688K), 0.0047643 secs] 341103K->68712K(1014528K), 0.0048804 secs] [Times: user=0.02 sys=0.00, real=0.01 secs] 
2021-03-29T00:37:40.838+0800: [GC (Allocation Failure) 2021-03-29T00:37:40.838+0800: [ParNew: 274039K->953K(306688K), 0.0041340 secs] 341352K->68348K(1014528K), 0.0042801 secs] [Times: user=0.01 sys=0.01, real=0.00 secs] 
2021-03-29T00:37:41.095+0800: [GC (Allocation Failure) 2021-03-29T00:37:41.095+0800: [ParNew: 273593K->1062K(306688K), 0.0040788 secs] 340988K->68547K(1014528K), 0.0042102 secs] [Times: user=0.02 sys=0.00, real=0.00 secs] 
2021-03-29T00:37:41.356+0800: [GC (Allocation Failure) 2021-03-29T00:37:41.356+0800: [ParNew: 273702K->1079K(306688K), 0.0048071 secs] 341187K->68640K(1014528K), 0.0051978 secs] [Times: user=0.02 sys=0.00, real=0.00 secs] 
2021-03-29T00:37:41.604+0800: [GC (Allocation Failure) 2021-03-29T00:37:41.604+0800: [ParNew: 273719K->703K(306688K), 0.0045298 secs] 341280K->68341K(1014528K), 0.0047038 secs] [Times: user=0.01 sys=0.00, real=0.00 secs] 
2021-03-29T00:37:41.888+0800: [GC (Allocation Failure) 2021-03-29T00:37:41.888+0800: [ParNew: 273343K->1043K(306688K), 0.0054862 secs] 340981K->68762K(1014528K), 0.0057227 secs] [Times: user=0.02 sys=0.00, real=0.01 secs] 
2021-03-29T00:37:42.147+0800: [GC (Allocation Failure) 2021-03-29T00:37:42.147+0800: [ParNew: 273683K->962K(306688K), 0.0048835 secs] 341402K->68742K(1014528K), 0.0050851 secs] [Times: user=0.00 sys=0.00, real=0.01 secs] 
2021-03-29T00:37:42.408+0800: [GC (Allocation Failure) 2021-03-29T00:37:42.408+0800: [ParNew: 273602K->813K(306688K), 0.0043224 secs] 341382K->68638K(1014528K), 0.0044574 secs] [Times: user=0.02 sys=0.00, real=0.01 secs] 
2021-03-29T00:37:42.672+0800: [GC (Allocation Failure) 2021-03-29T00:37:42.672+0800: [ParNew: 273453K->887K(306688K), 0.0077621 secs] 341278K->68765K(1014528K), 0.0079544 secs] [Times: user=0.01 sys=0.01, real=0.00 secs] 
2021-03-29T00:37:42.951+0800: [GC (Allocation Failure) 2021-03-29T00:37:42.951+0800: [ParNew: 273527K->861K(306688K), 0.0055399 secs] 341405K->68792K(1014528K), 0.0056845 secs] [Times: user=0.01 sys=0.00, real=0.00 secs] 
2021-03-29T00:37:43.229+0800: [GC (Allocation Failure) 2021-03-29T00:37:43.230+0800: [ParNew: 273501K->723K(306688K), 0.0047176 secs] 341432K->68713K(1014528K), 0.0049831 secs] [Times: user=0.01 sys=0.00, real=0.01 secs] 
2021-03-29T00:37:43.508+0800: [GC (Allocation Failure) 2021-03-29T00:37:43.508+0800: [ParNew: 273363K->728K(306688K), 0.0039077 secs] 341353K->68780K(1014528K), 0.0041394 secs] [Times: user=0.01 sys=0.00, real=0.01 secs] 
2021-03-29T00:37:43.763+0800: [GC (Allocation Failure) 2021-03-29T00:37:43.764+0800: [ParNew: 273368K->1166K(306688K), 0.0048006 secs] 341420K->69258K(1014528K), 0.0050354 secs] [Times: user=0.01 sys=0.01, real=0.00 secs] 
2021-03-29T00:37:44.028+0800: [GC (Allocation Failure) 2021-03-29T00:37:44.028+0800: [ParNew: 273806K->1169K(306688K), 0.0045030 secs] 341898K->69307K(1014528K), 0.0047552 secs] [Times: user=0.02 sys=0.00, real=0.01 secs] 
2021-03-29T00:37:44.309+0800: [GC (Allocation Failure) 2021-03-29T00:37:44.309+0800: [ParNew: 273809K->1149K(306688K), 0.0038639 secs] 341947K->69346K(1014528K), 0.0039917 secs] [Times: user=0.01 sys=0.00, real=0.01 secs] 
2021-03-29T00:37:44.584+0800: [GC (Allocation Failure) 2021-03-29T00:37:44.585+0800: [ParNew: 273789K->1403K(306688K), 0.0060964 secs] 341986K->69659K(1014528K), 0.0062853 secs] [Times: user=0.02 sys=0.01, real=0.00 secs] 
2021-03-29T00:37:44.879+0800: [GC (Allocation Failure) 2021-03-29T00:37:44.879+0800: [ParNew: 274043K->1122K(306688K), 0.0040393 secs] 342299K->69441K(1014528K), 0.0041775 secs] [Times: user=0.01 sys=0.00, real=0.00 secs] 
2021-03-29T00:37:45.139+0800: [GC (Allocation Failure) 2021-03-29T00:37:45.139+0800: [ParNew: 273762K->830K(306688K), 0.0041080 secs] 342081K->69215K(1014528K), 0.0042648 secs] [Times: user=0.00 sys=0.01, real=0.01 secs] 
2021-03-29T00:37:45.416+0800: [GC (Allocation Failure) 2021-03-29T00:37:45.416+0800: [ParNew: 273470K->1028K(306688K), 0.0053768 secs] 341855K->69478K(1014528K), 0.0055230 secs] [Times: user=0.02 sys=0.00, real=0.00 secs] 
2021-03-29T00:37:45.679+0800: [GC (Allocation Failure) 2021-03-29T00:37:45.679+0800: [ParNew: 273668K->880K(306688K), 0.0045154 secs] 342118K->69390K(1014528K), 0.0047981 secs] [Times: user=0.00 sys=0.01, real=0.01 secs] 
2021-03-29T00:37:45.944+0800: [GC (Allocation Failure) 2021-03-29T00:37:45.944+0800: [ParNew: 273520K->838K(306688K), 0.0047994 secs] 342030K->69413K(1014528K), 0.0050780 secs] [Times: user=0.02 sys=0.00, real=0.00 secs] 
2021-03-29T00:37:46.223+0800: [GC (Allocation Failure) 2021-03-29T00:37:46.223+0800: [ParNew: 273478K->1097K(306688K), 0.0046351 secs] 342053K->69732K(1014528K), 0.0047932 secs] [Times: user=0.01 sys=0.01, real=0.01 secs] 
2021-03-29T00:37:46.486+0800: [GC (Allocation Failure) 2021-03-29T00:37:46.486+0800: [ParNew: 273737K->835K(306688K), 0.0046786 secs] 342372K->69536K(1014528K), 0.0048550 secs] [Times: user=0.01 sys=0.00, real=0.00 secs] 
2021-03-29T00:37:46.760+0800: [GC (Allocation Failure) 2021-03-29T00:37:46.760+0800: [ParNew: 273475K->1011K(306688K), 0.0040544 secs] 342176K->69782K(1014528K), 0.0042322 secs] [Times: user=0.01 sys=0.00, real=0.01 secs] 
2021-03-29T00:37:47.027+0800: [GC (Allocation Failure) 2021-03-29T00:37:47.027+0800: [ParNew: 273651K->933K(306688K), 0.0040883 secs] 342422K->69782K(1014528K), 0.0042494 secs] [Times: user=0.00 sys=0.01, real=0.01 secs] 
2021-03-29T00:37:47.294+0800: [GC (Allocation Failure) 2021-03-29T00:37:47.294+0800: [ParNew: 273573K->784K(306688K), 0.0042120 secs] 342422K->69690K(1014528K), 0.0043428 secs] [Times: user=0.02 sys=0.00, real=0.00 secs] 
2021-03-29T00:37:47.571+0800: [GC (Allocation Failure) 2021-03-29T00:37:47.571+0800: [ParNew: 273424K->924K(306688K), 0.0042720 secs] 342330K->69899K(1014528K), 0.0044444 secs] [Times: user=0.01 sys=0.01, real=0.01 secs] 
2021-03-29T00:37:47.847+0800: [GC (Allocation Failure) 2021-03-29T00:37:47.847+0800: [ParNew: 273564K->1006K(306688K), 0.0047503 secs] 342539K->70034K(1014528K), 0.0049554 secs] [Times: user=0.02 sys=0.00, real=0.01 secs] 
2021-03-29T00:37:48.130+0800: [GC (Allocation Failure) 2021-03-29T00:37:48.130+0800: [ParNew: 273646K->913K(306688K), 0.0052488 secs] 342674K->70007K(1014528K), 0.0054007 secs] [Times: user=0.01 sys=0.00, real=0.01 secs] 
2021-03-29T00:37:48.408+0800: [GC (Allocation Failure) 2021-03-29T00:37:48.408+0800: [ParNew: 273553K->867K(306688K), 0.0039910 secs] 342647K->70016K(1014528K), 0.0041376 secs] [Times: user=0.00 sys=0.01, real=0.01 secs] 
2021-03-29T00:37:48.687+0800: [GC (Allocation Failure) 2021-03-29T00:37:48.687+0800: [ParNew: 273507K->955K(306688K), 0.0041816 secs] 342656K->70168K(1014528K), 0.0043750 secs] [Times: user=0.01 sys=0.01, real=0.01 secs] 
2021-03-29T00:37:48.945+0800: [GC (Allocation Failure) 2021-03-29T00:37:48.946+0800: [ParNew: 273595K->741K(306688K), 0.0048112 secs] 342808K->70008K(1014528K), 0.0049751 secs] [Times: user=0.02 sys=0.00, real=0.00 secs] 
2021-03-29T00:37:49.212+0800: [GC (Allocation Failure) 2021-03-29T00:37:49.212+0800: [ParNew: 273381K->815K(306688K), 0.0038654 secs] 342648K->70150K(1014528K), 0.0040125 secs] [Times: user=0.02 sys=0.00, real=0.00 secs] 
2021-03-29T00:37:49.484+0800: [GC (Allocation Failure) 2021-03-29T00:37:49.485+0800: [ParNew: 273455K->598K(306688K), 0.0042720 secs] 342790K->69979K(1014528K), 0.0045506 secs] [Times: user=0.02 sys=0.00, real=0.00 secs] 
2021-03-29T00:37:49.753+0800: [GC (Allocation Failure) 2021-03-29T00:37:49.753+0800: [ParNew: 273238K->1095K(306688K), 0.0046086 secs] 342619K->70536K(1014528K), 0.0047496 secs] [Times: user=0.01 sys=0.00, real=0.00 secs] 
2021-03-29T00:37:50.022+0800: [GC (Allocation Failure) 2021-03-29T00:37:50.022+0800: [ParNew: 273735K->1156K(306688K), 0.0045386 secs] 343176K->70652K(1014528K), 0.0046943 secs] [Times: user=0.01 sys=0.00, real=0.01 secs] 
2021-03-29T00:37:50.274+0800: [GC (Allocation Failure) 2021-03-29T00:37:50.274+0800: [ParNew: 273796K->976K(306688K), 0.0038617 secs] 343292K->70538K(1014528K), 0.0040008 secs] [Times: user=0.02 sys=0.00, real=0.00 secs]
```

##### CMSGC -Xmx1g -Xms1g wrk压力测试
```Bash
huyang@ubuntu:/home/huyang$ wrk -d30s -c 500 -t 8 'http://127.0.0.1:8088'
Running 30s test @ http://127.0.0.1:8088
  8 threads and 500 connections
  Thread Stats   Avg      Stdev     Max   +/- Stdev
    Latency    52.06ms   72.66ms 923.72ms   92.28%
    Req/Sec     1.67k   513.62     4.49k    71.87%
  396730 requests in 30.09s, 98.44MB read
  Non-2xx or 3xx responses: 396730
Requests/sec:  13184.63
Transfer/sec:      3.27MB

huyang@ubuntu:/home/huyang$ wrk -d30s -c 1000 -t 8 'http://127.0.0.1:8088'
Running 30s test @ http://127.0.0.1:8088
  8 threads and 1000 connections
  Thread Stats   Avg      Stdev     Max   +/- Stdev
    Latency    58.08ms   52.57ms   1.09s    80.91%
    Req/Sec     2.30k   768.31     5.81k    71.07%
  543816 requests in 30.10s, 134.93MB read
  Non-2xx or 3xx responses: 543816
Requests/sec:  18069.85
Transfer/sec:      4.48MB
```

##### CMSGC -Xmx4g -Xms4g GCDetailLog
```Bash
huyang@ubuntu:/home/huyang$ java -XX:+UseConcMarkSweepGC -Xmx4g -Xms4g -XX:+PrintGCDetails -XX:+PrintGCDateStamps -jar gateway-server-0.0.1-SNAPSHOT.jar

# wrk -c 1000
2021-03-29T00:41:47.009+0800: [GC (Allocation Failure) 2021-03-29T00:41:47.009+0800: [ParNew: 275040K->7414K(306688K), 0.0192888 secs] 329673K->62144K(4160256K), 0.0196081 secs] [Times: user=0.07 sys=0.00, real=0.02 secs] 
2021-03-29T00:41:47.499+0800: [GC (Allocation Failure) 2021-03-29T00:41:47.499+0800: [ParNew: 280054K->10708K(306688K), 0.0181057 secs] 334784K->65569K(4160256K), 0.0183390 secs] [Times: user=0.05 sys=0.01, real=0.02 secs] 
2021-03-29T00:41:47.941+0800: [GC (Allocation Failure) 2021-03-29T00:41:47.941+0800: [ParNew: 283348K->14225K(306688K), 0.0165961 secs] 338209K->69188K(4160256K), 0.0167531 secs] [Times: user=0.06 sys=0.00, real=0.02 secs] 
2021-03-29T00:41:48.437+0800: [GC (Allocation Failure) 2021-03-29T00:41:48.437+0800: [ParNew: 286865K->17997K(306688K), 0.0171890 secs] 341828K->73063K(4160256K), 0.0173269 secs] [Times: user=0.07 sys=0.00, real=0.02 secs] 
2021-03-29T00:41:48.887+0800: [GC (Allocation Failure) 2021-03-29T00:41:48.888+0800: [ParNew: 290637K->14713K(306688K), 0.0258180 secs] 345703K->69854K(4160256K), 0.0260049 secs] [Times: user=0.07 sys=0.01, real=0.03 secs] 
2021-03-29T00:41:49.356+0800: [GC (Allocation Failure) 2021-03-29T00:41:49.356+0800: [ParNew: 287353K->15340K(306688K), 0.0192135 secs] 342494K->70538K(4160256K), 0.0193531 secs] [Times: user=0.05 sys=0.00, real=0.02 secs] 
2021-03-29T00:41:49.804+0800: [GC (Allocation Failure) 2021-03-29T00:41:49.804+0800: [ParNew: 287980K->9521K(306688K), 0.0409062 secs] 343178K->70597K(4160256K), 0.0411285 secs] [Times: user=0.07 sys=0.03, real=0.04 secs] 
2021-03-29T00:41:50.297+0800: [GC (Allocation Failure) 2021-03-29T00:41:50.297+0800: [ParNew: 282161K->6894K(306688K), 0.0138883 secs] 343237K->68010K(4160256K), 0.0144117 secs] [Times: user=0.05 sys=0.00, real=0.02 secs] 
2021-03-29T00:41:50.756+0800: [GC (Allocation Failure) 2021-03-29T00:41:50.756+0800: [ParNew: 279534K->4091K(306688K), 0.0212747 secs] 340650K->68575K(4160256K), 0.0214892 secs] [Times: user=0.06 sys=0.01, real=0.02 secs] 
2021-03-29T00:41:51.205+0800: [GC (Allocation Failure) 2021-03-29T00:41:51.205+0800: [ParNew: 276731K->1692K(306688K), 0.0244206 secs] 341215K->66177K(4160256K), 0.0247454 secs] [Times: user=0.07 sys=0.00, real=0.02 secs] 
2021-03-29T00:41:51.663+0800: [GC (Allocation Failure) 2021-03-29T00:41:51.663+0800: [ParNew: 274332K->2427K(306688K), 0.0162510 secs] 338817K->66933K(4160256K), 0.0164919 secs] [Times: user=0.03 sys=0.02, real=0.02 secs] 
2021-03-29T00:41:52.120+0800: [GC (Allocation Failure) 2021-03-29T00:41:52.120+0800: [ParNew: 275065K->1902K(306688K), 0.0300713 secs] 339571K->66412K(4160256K), 0.0302695 secs] [Times: user=0.09 sys=0.01, real=0.03 secs] 
2021-03-29T00:41:52.595+0800: [GC (Allocation Failure) 2021-03-29T00:41:52.595+0800: [ParNew: 274542K->2182K(306688K), 0.0241395 secs] 339052K->66713K(4160256K), 0.0244388 secs] [Times: user=0.07 sys=0.01, real=0.02 secs] 
2021-03-29T00:41:53.048+0800: [GC (Allocation Failure) 2021-03-29T00:41:53.048+0800: [ParNew: 274822K->1740K(306688K), 0.0179610 secs] 339353K->66277K(4160256K), 0.0180991 secs] [Times: user=0.06 sys=0.01, real=0.02 secs] 
2021-03-29T00:41:53.495+0800: [GC (Allocation Failure) 2021-03-29T00:41:53.495+0800: [ParNew: 274380K->1858K(306688K), 0.0152498 secs] 338917K->66400K(4160256K), 0.0156316 secs] [Times: user=0.05 sys=0.01, real=0.01 secs] 
2021-03-29T00:41:53.932+0800: [GC (Allocation Failure) 2021-03-29T00:41:53.932+0800: [ParNew: 274498K->1658K(306688K), 0.0213599 secs] 339040K->66481K(4160256K), 0.0215501 secs] [Times: user=0.07 sys=0.00, real=0.02 secs] 
2021-03-29T00:41:54.373+0800: [GC (Allocation Failure) 2021-03-29T00:41:54.373+0800: [ParNew: 274298K->1122K(306688K), 0.0194880 secs] 339121K->66319K(4160256K), 0.0196940 secs] [Times: user=0.06 sys=0.00, real=0.02 secs] 
2021-03-29T00:41:54.811+0800: [GC (Allocation Failure) 2021-03-29T00:41:54.811+0800: [ParNew: 273762K->1164K(306688K), 0.0168423 secs] 338959K->66372K(4160256K), 0.0172052 secs] [Times: user=0.05 sys=0.01, real=0.02 secs] 
2021-03-29T00:41:55.239+0800: [GC (Allocation Failure) 2021-03-29T00:41:55.239+0800: [ParNew: 273804K->1043K(306688K), 0.0211668 secs] 339012K->66263K(4160256K), 0.0214446 secs] [Times: user=0.06 sys=0.02, real=0.02 secs] 
2021-03-29T00:41:55.656+0800: [GC (Allocation Failure) 2021-03-29T00:41:55.656+0800: [ParNew: 273683K->1179K(306688K), 0.0274609 secs] 338903K->66423K(4160256K), 0.0277184 secs] [Times: user=0.09 sys=0.02, real=0.03 secs] 
2021-03-29T00:41:56.098+0800: [GC (Allocation Failure) 2021-03-29T00:41:56.098+0800: [ParNew: 273819K->1351K(306688K), 0.0178123 secs] 339063K->66616K(4160256K), 0.0180308 secs] [Times: user=0.06 sys=0.01, real=0.02 secs] 
2021-03-29T00:41:56.544+0800: [GC (Allocation Failure) 2021-03-29T00:41:56.544+0800: [ParNew: 273991K->1690K(306688K), 0.0146604 secs] 339256K->67001K(4160256K), 0.0148068 secs] [Times: user=0.04 sys=0.00, real=0.01 secs] 
2021-03-29T00:41:56.962+0800: [GC (Allocation Failure) 2021-03-29T00:41:56.962+0800: [ParNew: 274330K->1529K(306688K), 0.0193404 secs] 339641K->66896K(4160256K), 0.0197001 secs] [Times: user=0.05 sys=0.01, real=0.02 secs] 
2021-03-29T00:41:57.392+0800: [GC (Allocation Failure) 2021-03-29T00:41:57.392+0800: [ParNew: 274169K->1836K(306688K), 0.0137672 secs] 339536K->67284K(4160256K), 0.0140212 secs] [Times: user=0.04 sys=0.01, real=0.02 secs] 
2021-03-29T00:41:57.808+0800: [GC (Allocation Failure) 2021-03-29T00:41:57.808+0800: [ParNew: 274476K->2010K(306688K), 0.0197717 secs] 339924K->67571K(4160256K), 0.0200555 secs] [Times: user=0.06 sys=0.01, real=0.02 secs] 
2021-03-29T00:41:58.252+0800: [GC (Allocation Failure) 2021-03-29T00:41:58.253+0800: [ParNew: 274650K->1784K(306688K), 0.0200387 secs] 340211K->67458K(4160256K), 0.0203804 secs] [Times: user=0.07 sys=0.00, real=0.02 secs] 
2021-03-29T00:41:58.688+0800: [GC (Allocation Failure) 2021-03-29T00:41:58.688+0800: [ParNew: 274424K->1604K(306688K), 0.0219912 secs] 340098K->67424K(4160256K), 0.0221686 secs] [Times: user=0.07 sys=0.01, real=0.02 secs] 
2021-03-29T00:41:59.131+0800: [GC (Allocation Failure) 2021-03-29T00:41:59.131+0800: [ParNew: 274244K->2687K(306688K), 0.0198017 secs] 340064K->68633K(4160256K), 0.0199498 secs] [Times: user=0.07 sys=0.00, real=0.02 secs] 
2021-03-29T00:41:59.589+0800: [GC (Allocation Failure) 2021-03-29T00:41:59.590+0800: [ParNew: 275327K->1727K(306688K), 0.0192892 secs] 341273K->67830K(4160256K), 0.0194765 secs] [Times: user=0.07 sys=0.00, real=0.02 secs] 
2021-03-29T00:42:00.033+0800: [GC (Allocation Failure) 2021-03-29T00:42:00.033+0800: [ParNew: 274367K->1626K(306688K), 0.0139171 secs] 340470K->67841K(4160256K), 0.0140698 secs] [Times: user=0.04 sys=0.00, real=0.01 secs] 
2021-03-29T00:42:00.445+0800: [GC (Allocation Failure) 2021-03-29T00:42:00.445+0800: [ParNew: 274266K->1301K(306688K), 0.0193117 secs] 340481K->67603K(4160256K), 0.0196167 secs] [Times: user=0.06 sys=0.00, real=0.02 secs] 
2021-03-29T00:42:00.847+0800: [GC (Allocation Failure) 2021-03-29T00:42:00.847+0800: [ParNew: 273941K->1195K(306688K), 0.0250730 secs] 340243K->67560K(4160256K), 0.0253739 secs] [Times: user=0.07 sys=0.00, real=0.03 secs] 
2021-03-29T00:42:01.281+0800: [GC (Allocation Failure) 2021-03-29T00:42:01.281+0800: [ParNew: 273835K->1010K(306688K), 0.0220641 secs] 340200K->67415K(4160256K), 0.0222191 secs] [Times: user=0.06 sys=0.01, real=0.02 secs] 
2021-03-29T00:42:01.720+0800: [GC (Allocation Failure) 2021-03-29T00:42:01.720+0800: [ParNew: 273650K->1308K(306688K), 0.0185656 secs] 340055K->67732K(4160256K), 0.0188538 secs] [Times: user=0.06 sys=0.01, real=0.02 secs] 
2021-03-29T00:42:02.128+0800: [GC (Allocation Failure) 2021-03-29T00:42:02.128+0800: [ParNew: 273948K->2072K(306688K), 0.0195664 secs] 340372K->68510K(4160256K), 0.0197934 secs] [Times: user=0.06 sys=0.00, real=0.02 secs] 
2021-03-29T00:42:02.527+0800: [GC (Allocation Failure) 2021-03-29T00:42:02.528+0800: [ParNew: 274712K->1341K(306688K), 0.0181813 secs] 341150K->67793K(4160256K), 0.0184296 secs] [Times: user=0.05 sys=0.01, real=0.02 secs] 
2021-03-29T00:42:02.936+0800: [GC (Allocation Failure) 2021-03-29T00:42:02.936+0800: [ParNew: 273981K->1270K(306688K), 0.0185626 secs] 340433K->67737K(4160256K), 0.0187973 secs] [Times: user=0.06 sys=0.00, real=0.02 secs] 
2021-03-29T00:42:03.357+0800: [GC (Allocation Failure) 2021-03-29T00:42:03.358+0800: [ParNew: 273910K->1388K(306688K), 0.0189207 secs] 340377K->67871K(4160256K), 0.0191576 secs] [Times: user=0.05 sys=0.01, real=0.02 secs] 
2021-03-29T00:42:03.782+0800: [GC (Allocation Failure) 2021-03-29T00:42:03.782+0800: [ParNew: 274028K->1523K(306688K), 0.0160494 secs] 340511K->68037K(4160256K), 0.0162609 secs] [Times: user=0.05 sys=0.01, real=0.02 secs] 
2021-03-29T00:42:04.196+0800: [GC (Allocation Failure) 2021-03-29T00:42:04.197+0800: [ParNew: 274163K->1788K(306688K), 0.0190748 secs] 340677K->68329K(4160256K), 0.0193536 secs] [Times: user=0.07 sys=0.00, real=0.02 secs] 
2021-03-29T00:42:04.604+0800: [GC (Allocation Failure) 2021-03-29T00:42:04.604+0800: [ParNew: 274428K->1809K(306688K), 0.0220945 secs] 340969K->68374K(4160256K), 0.0223626 secs] [Times: user=0.06 sys=0.01, real=0.02 secs] 
2021-03-29T00:42:05.027+0800: [GC (Allocation Failure) 2021-03-29T00:42:05.027+0800: [ParNew: 274449K->1505K(306688K), 0.0212919 secs] 341014K->68115K(4160256K), 0.0216496 secs] [Times: user=0.06 sys=0.01, real=0.02 secs] 
2021-03-29T00:42:05.462+0800: [GC (Allocation Failure) 2021-03-29T00:42:05.462+0800: [ParNew: 274145K->1758K(306688K), 0.0214042 secs] 340755K->68432K(4160256K), 0.0216953 secs] [Times: user=0.06 sys=0.01, real=0.03 secs] 
2021-03-29T00:42:05.895+0800: [GC (Allocation Failure) 2021-03-29T00:42:05.895+0800: [ParNew: 274398K->1645K(306688K), 0.0212182 secs] 341072K->68395K(4160256K), 0.0213904 secs] [Times: user=0.08 sys=0.00, real=0.02 secs] 
2021-03-29T00:42:06.340+0800: [GC (Allocation Failure) 2021-03-29T00:42:06.340+0800: [ParNew: 274285K->1345K(306688K), 0.0162260 secs] 341035K->68246K(4160256K), 0.0164211 secs] [Times: user=0.06 sys=0.00, real=0.02 secs] 
2021-03-29T00:42:06.749+0800: [GC (Allocation Failure) 2021-03-29T00:42:06.749+0800: [ParNew: 273985K->2775K(306688K), 0.0226506 secs] 340886K->69857K(4160256K), 0.0228272 secs] [Times: user=0.06 sys=0.02, real=0.03 secs] 
2021-03-29T00:42:07.180+0800: [GC (Allocation Failure) 2021-03-29T00:42:07.181+0800: [ParNew: 275415K->2797K(306688K), 0.0248035 secs] 342497K->69980K(4160256K), 0.0250497 secs] [Times: user=0.09 sys=0.00, real=0.03 secs] 
2021-03-29T00:42:07.597+0800: [GC (Allocation Failure) 2021-03-29T00:42:07.597+0800: [ParNew: 275437K->2211K(306688K), 0.0184922 secs] 342620K->69495K(4160256K), 0.0186548 secs] [Times: user=0.05 sys=0.02, real=0.02 secs] 
2021-03-29T00:42:08.002+0800: [GC (Allocation Failure) 2021-03-29T00:42:08.002+0800: [ParNew: 274851K->1171K(306688K), 0.0241075 secs] 342135K->68553K(4160256K), 0.0243397 secs] [Times: user=0.07 sys=0.02, real=0.03 secs] 
2021-03-29T00:42:08.434+0800: [GC (Allocation Failure) 2021-03-29T00:42:08.434+0800: [ParNew: 273811K->1264K(306688K), 0.0221122 secs] 341193K->68755K(4160256K), 0.0223141 secs] [Times: user=0.07 sys=0.01, real=0.02 secs] 
2021-03-29T00:42:08.860+0800: [GC (Allocation Failure) 2021-03-29T00:42:08.861+0800: [ParNew: 273904K->1893K(306688K), 0.0198992 secs] 341395K->69475K(4160256K), 0.0201118 secs] [Times: user=0.07 sys=0.00, real=0.02 secs] 
2021-03-29T00:42:09.276+0800: [GC (Allocation Failure) 2021-03-29T00:42:09.276+0800: [ParNew: 274533K->1365K(306688K), 0.0229431 secs] 342115K->69009K(4160256K), 0.0232690 secs] [Times: user=0.08 sys=0.01, real=0.02 secs] 
2021-03-29T00:42:09.655+0800: [GC (Allocation Failure) 2021-03-29T00:42:09.657+0800: [ParNew: 274005K->1514K(306688K), 0.0161121 secs] 341649K->69220K(4160256K), 0.0180477 secs] [Times: user=0.04 sys=0.01, real=0.02 secs] 
2021-03-29T00:42:10.056+0800: [GC (Allocation Failure) 2021-03-29T00:42:10.057+0800: [ParNew: 274154K->1372K(306688K), 0.0180820 secs] 341860K->69129K(4160256K), 0.0183951 secs] [Times: user=0.05 sys=0.00, real=0.02 secs] 
2021-03-29T00:42:10.467+0800: [GC (Allocation Failure) 2021-03-29T00:42:10.467+0800: [ParNew: 274012K->950K(306688K), 0.0234925 secs] 341769K->68737K(4160256K), 0.0237533 secs] [Times: user=0.08 sys=0.00, real=0.02 secs] 
2021-03-29T00:42:10.885+0800: [GC (Allocation Failure) 2021-03-29T00:42:10.885+0800: [ParNew: 273590K->1375K(306688K), 0.0156616 secs] 341377K->69190K(4160256K), 0.0158230 secs] [Times: user=0.05 sys=0.00, real=0.01 secs] 
2021-03-29T00:42:11.309+0800: [GC (Allocation Failure) 2021-03-29T00:42:11.309+0800: [ParNew: 274015K->1042K(306688K), 0.0207002 secs] 341830K->68884K(4160256K), 0.0208626 secs] [Times: user=0.05 sys=0.02, real=0.02 secs] 
2021-03-29T00:42:11.728+0800: [GC (Allocation Failure) 2021-03-29T00:42:11.728+0800: [ParNew: 273682K->1460K(306688K), 0.0211901 secs] 341524K->69326K(4160256K), 0.0213913 secs] [Times: user=0.07 sys=0.01, real=0.02 secs] 
2021-03-29T00:42:12.134+0800: [GC (Allocation Failure) 2021-03-29T00:42:12.134+0800: [ParNew: 274100K->3018K(306688K), 0.0179921 secs] 341966K->70911K(4160256K), 0.0181625 secs] [Times: user=0.06 sys=0.01, real=0.02 secs] 
2021-03-29T00:42:12.500+0800: [GC (Allocation Failure) 2021-03-29T00:42:12.501+0800: [ParNew: 275658K->2088K(306688K), 0.0159828 secs] 343551K->70013K(4160256K), 0.0163482 secs] [Times: user=0.06 sys=0.00, real=0.02 secs] 
2021-03-29T00:42:12.862+0800: [GC (Allocation Failure) 2021-03-29T00:42:12.862+0800: [ParNew: 274728K->1243K(306688K), 0.0186207 secs] 342653K->69208K(4160256K), 0.0188569 secs] [Times: user=0.06 sys=0.00, real=0.02 secs] 
2021-03-29T00:42:13.227+0800: [GC (Allocation Failure) 2021-03-29T00:42:13.227+0800: [ParNew: 273883K->1207K(306688K), 0.0192179 secs] 341848K->69229K(4160256K), 0.0195178 secs] [Times: user=0.04 sys=0.02, real=0.02 secs] 
2021-03-29T00:42:13.596+0800: [GC (Allocation Failure) 2021-03-29T00:42:13.596+0800: [ParNew: 273847K->1367K(306688K), 0.0161919 secs] 341869K->69442K(4160256K), 0.0165523 secs] [Times: user=0.06 sys=0.00, real=0.02 secs] 
2021-03-29T00:42:13.959+0800: [GC (Allocation Failure) 2021-03-29T00:42:13.959+0800: [ParNew: 274007K->1625K(306688K), 0.0157257 secs] 342082K->69772K(4160256K), 0.0158797 secs] [Times: user=0.05 sys=0.01, real=0.02 secs] 
2021-03-29T00:42:14.298+0800: [GC (Allocation Failure) 2021-03-29T00:42:14.298+0800: [ParNew: 274265K->1419K(306688K), 0.0182054 secs] 342412K->69639K(4160256K), 0.0184153 secs] [Times: user=0.06 sys=0.00, real=0.02 secs] 
2021-03-29T00:42:14.675+0800: [GC (Allocation Failure) 2021-03-29T00:42:14.676+0800: [ParNew: 274059K->1444K(306688K), 0.0187325 secs] 342279K->69750K(4160256K), 0.0189145 secs] [Times: user=0.06 sys=0.00, real=0.02 secs] 
2021-03-29T00:42:15.054+0800: [GC (Allocation Failure) 2021-03-29T00:42:15.054+0800: [ParNew: 274084K->833K(306688K), 0.0140661 secs] 342390K->69233K(4160256K), 0.0143964 secs] [Times: user=0.04 sys=0.00, real=0.01 secs] 
2021-03-29T00:42:15.439+0800: [GC (Allocation Failure) 2021-03-29T00:42:15.439+0800: [ParNew: 273473K->851K(306688K), 0.0146169 secs] 341873K->69357K(4160256K), 0.0148651 secs] [Times: user=0.05 sys=0.01, real=0.02 secs] 
2021-03-29T00:42:15.811+0800: [GC (Allocation Failure) 2021-03-29T00:42:15.811+0800: [ParNew: 273491K->1445K(306688K), 0.0175403 secs] 341997K->70050K(4160256K), 0.0177016 secs] [Times: user=0.05 sys=0.02, real=0.02 secs] 
2021-03-29T00:42:16.204+0800: [GC (Allocation Failure) 2021-03-29T00:42:16.204+0800: [ParNew: 274085K->1464K(306688K), 0.0179700 secs] 342690K->70145K(4160256K), 0.0181393 secs] [Times: user=0.06 sys=0.00, real=0.01 secs] 
2021-03-29T00:42:16.627+0800: [GC (Allocation Failure) 2021-03-29T00:42:16.627+0800: [ParNew: 274104K->1027K(306688K), 0.0145689 secs] 342785K->69807K(4160256K), 0.0147377 secs] [Times: user=0.04 sys=0.01, real=0.01 secs]

# wrk -c 2000
2021-03-29T00:43:30.170+0800: [GC (Allocation Failure) 2021-03-29T00:43:30.170+0800: [ParNew: 273667K->9279K(306688K), 0.0137205 secs] 342447K->78081K(4160256K), 0.0140284 secs] [Times: user=0.04 sys=0.01, real=0.02 secs] 
2021-03-29T00:43:30.658+0800: [GC (Allocation Failure) 2021-03-29T00:43:30.658+0800: [ParNew: 281919K->11923K(306688K), 0.0179703 secs] 350721K->80757K(4160256K), 0.0181325 secs] [Times: user=0.06 sys=0.00, real=0.02 secs] 
2021-03-29T00:43:31.199+0800: [GC (Allocation Failure) 2021-03-29T00:43:31.199+0800: [ParNew: 284563K->16582K(306688K), 0.0332140 secs] 353397K->85456K(4160256K), 0.0333516 secs] [Times: user=0.09 sys=0.01, real=0.04 secs] 
2021-03-29T00:43:31.747+0800: [GC (Allocation Failure) 2021-03-29T00:43:31.747+0800: [ParNew: 289222K->20624K(306688K), 0.0249938 secs] 358096K->89525K(4160256K), 0.0251560 secs] [Times: user=0.08 sys=0.00, real=0.03 secs] 
2021-03-29T00:43:32.168+0800: [GC (Allocation Failure) 2021-03-29T00:43:32.168+0800: [ParNew: 293264K->19359K(306688K), 0.0150005 secs] 362165K->88280K(4160256K), 0.0152488 secs] [Times: user=0.05 sys=0.00, real=0.01 secs] 
2021-03-29T00:43:32.516+0800: [GC (Allocation Failure) 2021-03-29T00:43:32.516+0800: [ParNew: 291999K->21222K(306688K), 0.0189686 secs] 360920K->90159K(4160256K), 0.0191622 secs] [Times: user=0.06 sys=0.00, real=0.02 secs] 
2021-03-29T00:43:32.886+0800: [GC (Allocation Failure) 2021-03-29T00:43:32.886+0800: [ParNew: 293862K->13653K(306688K), 0.0275253 secs] 362799K->90961K(4160256K), 0.0277665 secs] [Times: user=0.07 sys=0.01, real=0.03 secs] 
2021-03-29T00:43:33.276+0800: [GC (Allocation Failure) 2021-03-29T00:43:33.276+0800: [ParNew: 286293K->8344K(306688K), 0.0176345 secs] 363601K->85919K(4160256K), 0.0178014 secs] [Times: user=0.06 sys=0.00, real=0.02 secs] 
2021-03-29T00:43:33.656+0800: [GC (Allocation Failure) 2021-03-29T00:43:33.656+0800: [ParNew: 280984K->5357K(306688K), 0.0203563 secs] 358559K->87148K(4160256K), 0.0206666 secs] [Times: user=0.05 sys=0.01, real=0.02 secs] 
2021-03-29T00:43:34.039+0800: [GC (Allocation Failure) 2021-03-29T00:43:34.039+0800: [ParNew: 277994K->1509K(306688K), 0.0146027 secs] 359786K->83674K(4160256K), 0.0147516 secs] [Times: user=0.05 sys=0.01, real=0.02 secs] 
2021-03-29T00:43:34.382+0800: [GC (Allocation Failure) 2021-03-29T00:43:34.382+0800: [ParNew: 274149K->613K(306688K), 0.0191994 secs] 356314K->82855K(4160256K), 0.0194345 secs] [Times: user=0.06 sys=0.01, real=0.02 secs] 
2021-03-29T00:43:34.730+0800: [GC (Allocation Failure) 2021-03-29T00:43:34.730+0800: [ParNew: 273253K->531K(306688K), 0.0152397 secs] 355495K->82787K(4160256K), 0.0153785 secs] [Times: user=0.05 sys=0.00, real=0.02 secs] 
2021-03-29T00:43:35.081+0800: [GC (Allocation Failure) 2021-03-29T00:43:35.081+0800: [ParNew: 273171K->616K(306688K), 0.0324021 secs] 355427K->82879K(4160256K), 0.0327218 secs] [Times: user=0.08 sys=0.00, real=0.04 secs] 
2021-03-29T00:43:35.461+0800: [GC (Allocation Failure) 2021-03-29T00:43:35.461+0800: [ParNew: 273256K->1378K(306688K), 0.0254084 secs] 355519K->83658K(4160256K), 0.0256374 secs] [Times: user=0.07 sys=0.00, real=0.03 secs] 
2021-03-29T00:43:35.840+0800: [GC (Allocation Failure) 2021-03-29T00:43:35.841+0800: [ParNew: 274018K->1027K(306688K), 0.0197765 secs] 356298K->83325K(4160256K), 0.0200430 secs] [Times: user=0.06 sys=0.00, real=0.02 secs] 
2021-03-29T00:43:36.211+0800: [GC (Allocation Failure) 2021-03-29T00:43:36.211+0800: [ParNew: 273667K->663K(306688K), 0.0153906 secs] 355965K->82970K(4160256K), 0.0155349 secs] [Times: user=0.05 sys=0.01, real=0.02 secs] 
2021-03-29T00:43:36.562+0800: [GC (Allocation Failure) 2021-03-29T00:43:36.562+0800: [ParNew: 273303K->934K(306688K), 0.0142013 secs] 355610K->83260K(4160256K), 0.0143493 secs] [Times: user=0.06 sys=0.00, real=0.02 secs] 
2021-03-29T00:43:36.904+0800: [GC (Allocation Failure) 2021-03-29T00:43:36.904+0800: [ParNew: 273574K->1086K(306688K), 0.0200079 secs] 355900K->83434K(4160256K), 0.0202605 secs] [Times: user=0.07 sys=0.00, real=0.02 secs] 
2021-03-29T00:43:37.260+0800: [GC (Allocation Failure) 2021-03-29T00:43:37.260+0800: [ParNew: 273726K->1015K(306688K), 0.0163502 secs] 356074K->83382K(4160256K), 0.0165254 secs] [Times: user=0.04 sys=0.01, real=0.02 secs] 
2021-03-29T00:43:37.602+0800: [GC (Allocation Failure) 2021-03-29T00:43:37.602+0800: [ParNew: 273655K->870K(306688K), 0.0268051 secs] 356022K->83255K(4160256K), 0.0270635 secs] [Times: user=0.09 sys=0.01, real=0.03 secs] 
2021-03-29T00:43:37.965+0800: [GC (Allocation Failure) 2021-03-29T00:43:37.965+0800: [ParNew: 273510K->1006K(306688K), 0.0250121 secs] 355895K->83435K(4160256K), 0.0252002 secs] [Times: user=0.08 sys=0.00, real=0.02 secs] 
2021-03-29T00:43:38.329+0800: [GC (Allocation Failure) 2021-03-29T00:43:38.329+0800: [ParNew: 273646K->1212K(306688K), 0.0227477 secs] 356075K->83689K(4160256K), 0.0229925 secs] [Times: user=0.06 sys=0.01, real=0.03 secs] 
2021-03-29T00:43:38.695+0800: [GC (Allocation Failure) 2021-03-29T00:43:38.696+0800: [ParNew: 273852K->1246K(306688K), 0.0240856 secs] 356329K->83762K(4160256K), 0.0243294 secs] [Times: user=0.08 sys=0.01, real=0.02 secs] 
2021-03-29T00:43:39.067+0800: [GC (Allocation Failure) 2021-03-29T00:43:39.067+0800: [ParNew: 273886K->1027K(306688K), 0.0142245 secs] 356402K->83578K(4160256K), 0.0144002 secs] [Times: user=0.03 sys=0.02, real=0.01 secs] 
2021-03-29T00:43:39.412+0800: [GC (Allocation Failure) 2021-03-29T00:43:39.412+0800: [ParNew: 273667K->1369K(306688K), 0.0141962 secs] 356218K->83967K(4160256K), 0.0143332 secs] [Times: user=0.04 sys=0.01, real=0.01 secs] 
2021-03-29T00:43:39.766+0800: [GC (Allocation Failure) 2021-03-29T00:43:39.766+0800: [ParNew: 274009K->1196K(306688K), 0.0132479 secs] 356607K->83857K(4160256K), 0.0135491 secs] [Times: user=0.04 sys=0.00, real=0.01 secs] 
2021-03-29T00:43:40.131+0800: [GC (Allocation Failure) 2021-03-29T00:43:40.132+0800: [ParNew: 273836K->897K(306688K), 0.0168045 secs] 356497K->83601K(4160256K), 0.0175938 secs] [Times: user=0.04 sys=0.01, real=0.02 secs] 
2021-03-29T00:43:40.477+0800: [GC (Allocation Failure) 2021-03-29T00:43:40.477+0800: [ParNew: 273537K->1584K(306688K), 0.0247357 secs] 356241K->84419K(4160256K), 0.0250620 secs] [Times: user=0.07 sys=0.01, real=0.02 secs] 
2021-03-29T00:43:40.818+0800: [GC (Allocation Failure) 2021-03-29T00:43:40.819+0800: [ParNew: 274224K->1503K(306688K), 0.0189865 secs] 357059K->84374K(4160256K), 0.0192172 secs] [Times: user=0.06 sys=0.00, real=0.02 secs] 
2021-03-29T00:43:41.166+0800: [GC (Allocation Failure) 2021-03-29T00:43:41.166+0800: [ParNew: 274143K->1633K(306688K), 0.0175443 secs] 357014K->84558K(4160256K), 0.0177127 secs] [Times: user=0.05 sys=0.00, real=0.02 secs] 
2021-03-29T00:43:41.527+0800: [GC (Allocation Failure) 2021-03-29T00:43:41.527+0800: [ParNew: 274273K->1509K(306688K), 0.0172832 secs] 357198K->84505K(4160256K), 0.0174463 secs] [Times: user=0.07 sys=0.00, real=0.02 secs] 
2021-03-29T00:43:41.872+0800: [GC (Allocation Failure) 2021-03-29T00:43:41.872+0800: [ParNew: 274149K->1482K(306688K), 0.0191120 secs] 357145K->84550K(4160256K), 0.0192968 secs] [Times: user=0.06 sys=0.00, real=0.02 secs] 
2021-03-29T00:43:42.222+0800: [GC (Allocation Failure) 2021-03-29T00:43:42.222+0800: [ParNew: 274122K->1946K(306688K), 0.0226324 secs] 357190K->85112K(4160256K), 0.0228252 secs] [Times: user=0.09 sys=0.00, real=0.03 secs] 
2021-03-29T00:43:42.569+0800: [GC (Allocation Failure) 2021-03-29T00:43:42.569+0800: [ParNew: 274586K->1714K(306688K), 0.0163595 secs] 357752K->84999K(4160256K), 0.0165547 secs] [Times: user=0.07 sys=0.00, real=0.02 secs] 
2021-03-29T00:43:42.901+0800: [GC (Allocation Failure) 2021-03-29T00:43:42.901+0800: [ParNew: 274354K->1724K(306688K), 0.0136170 secs] 357639K->85128K(4160256K), 0.0137774 secs] [Times: user=0.04 sys=0.00, real=0.02 secs] 
2021-03-29T00:43:43.240+0800: [GC (Allocation Failure) 2021-03-29T00:43:43.240+0800: [ParNew: 274364K->1396K(306688K), 0.0187460 secs] 357768K->84940K(4160256K), 0.0189500 secs] [Times: user=0.06 sys=0.00, real=0.02 secs] 
2021-03-29T00:43:43.569+0800: [GC (Allocation Failure) 2021-03-29T00:43:43.569+0800: [ParNew: 274036K->790K(306688K), 0.0148004 secs] 357580K->84454K(4160256K), 0.0150918 secs] [Times: user=0.05 sys=0.00, real=0.02 secs] 
2021-03-29T00:43:43.914+0800: [GC (Allocation Failure) 2021-03-29T00:43:43.914+0800: [ParNew: 273430K->1233K(306688K), 0.0186971 secs] 357094K->84965K(4160256K), 0.0190261 secs] [Times: user=0.06 sys=0.00, real=0.02 secs] 
2021-03-29T00:43:44.269+0800: [GC (Allocation Failure) 2021-03-29T00:43:44.270+0800: [ParNew: 273873K->870K(306688K), 0.0150498 secs] 357605K->84712K(4160256K), 0.0154160 secs] [Times: user=0.05 sys=0.01, real=0.02 secs] 
2021-03-29T00:43:44.609+0800: [GC (Allocation Failure) 2021-03-29T00:43:44.609+0800: [ParNew: 273510K->799K(306688K), 0.0134048 secs] 357352K->84687K(4160256K), 0.0136709 secs] [Times: user=0.05 sys=0.00, real=0.01 secs] 
2021-03-29T00:43:44.978+0800: [GC (Allocation Failure) 2021-03-29T00:43:44.979+0800: [ParNew: 273439K->714K(306688K), 0.0223071 secs] 357327K->84637K(4160256K), 0.0228482 secs] [Times: user=0.07 sys=0.01, real=0.02 secs] 
2021-03-29T00:43:45.286+0800: [GC (Allocation Failure) 2021-03-29T00:43:45.286+0800: [ParNew: 273348K->610K(306688K), 0.0134359 secs] 357271K->84569K(4160256K), 0.0136989 secs] [Times: user=0.05 sys=0.00, real=0.01 secs] 
2021-03-29T00:43:45.636+0800: [GC (Allocation Failure) 2021-03-29T00:43:45.636+0800: [ParNew: 273250K->724K(306688K), 0.0178640 secs] 357209K->84722K(4160256K), 0.0181483 secs] [Times: user=0.06 sys=0.00, real=0.02 secs] 
2021-03-29T00:43:45.966+0800: [GC (Allocation Failure) 2021-03-29T00:43:45.966+0800: [ParNew: 273364K->663K(306688K), 0.0119698 secs] 357362K->84685K(4160256K), 0.0123129 secs] [Times: user=0.04 sys=0.00, real=0.01 secs] 
2021-03-29T00:43:46.279+0800: [GC (Allocation Failure) 2021-03-29T00:43:46.279+0800: [ParNew: 273303K->862K(306688K), 0.0170777 secs] 357325K->84915K(4160256K), 0.0173473 secs] [Times: user=0.06 sys=0.00, real=0.02 secs] 
2021-03-29T00:43:46.581+0800: [GC (Allocation Failure) 2021-03-29T00:43:46.581+0800: [ParNew: 273502K->719K(306688K), 0.0121256 secs] 357555K->84808K(4160256K), 0.0123114 secs] [Times: user=0.05 sys=0.00, real=0.02 secs] 
2021-03-29T00:43:46.873+0800: [GC (Allocation Failure) 2021-03-29T00:43:46.873+0800: [ParNew: 273359K->615K(306688K), 0.0123180 secs] 357448K->84733K(4160256K), 0.0124773 secs] [Times: user=0.05 sys=0.00, real=0.01 secs] 
2021-03-29T00:43:47.185+0800: [GC (Allocation Failure) 2021-03-29T00:43:47.185+0800: [ParNew: 273255K->815K(306688K), 0.0181220 secs] 357373K->84956K(4160256K), 0.0182540 secs] [Times: user=0.05 sys=0.00, real=0.02 secs] 
2021-03-29T00:43:47.511+0800: [GC (Allocation Failure) 2021-03-29T00:43:47.511+0800: [ParNew: 273455K->775K(306688K), 0.0154790 secs] 357596K->84959K(4160256K), 0.0156586 secs] [Times: user=0.05 sys=0.01, real=0.02 secs] 
2021-03-29T00:43:47.827+0800: [GC (Allocation Failure) 2021-03-29T00:43:47.827+0800: [ParNew: 273415K->846K(306688K), 0.0224991 secs] 357599K->85054K(4160256K), 0.0228791 secs] [Times: user=0.06 sys=0.01, real=0.02 secs] 
2021-03-29T00:43:48.142+0800: [GC (Allocation Failure) 2021-03-29T00:43:48.143+0800: [ParNew: 273486K->857K(306688K), 0.0220185 secs] 357694K->85097K(4160256K), 0.0223961 secs] [Times: user=0.06 sys=0.00, real=0.03 secs] 
2021-03-29T00:43:48.452+0800: [GC (Allocation Failure) 2021-03-29T00:43:48.453+0800: [ParNew: 273497K->966K(306688K), 0.0332384 secs] 357737K->85248K(4160256K), 0.0336019 secs] [Times: user=0.07 sys=0.00, real=0.03 secs] 
2021-03-29T00:43:48.786+0800: [GC (Allocation Failure) 2021-03-29T00:43:48.786+0800: [ParNew: 273606K->1329K(306688K), 0.0307428 secs] 357888K->85662K(4160256K), 0.0309448 secs] [Times: user=0.08 sys=0.00, real=0.03 secs] 
2021-03-29T00:43:49.148+0800: [GC (Allocation Failure) 2021-03-29T00:43:49.148+0800: [ParNew: 273969K->1330K(306688K), 0.0205826 secs] 358302K->85719K(4160256K), 0.0207251 secs] [Times: user=0.04 sys=0.00, real=0.02 secs] 
2021-03-29T00:43:49.483+0800: [GC (Allocation Failure) 2021-03-29T00:43:49.483+0800: [ParNew: 273970K->1483K(306688K), 0.0224063 secs] 358359K->85942K(4160256K), 0.0226427 secs] [Times: user=0.06 sys=0.00, real=0.03 secs] 
2021-03-29T00:43:49.830+0800: [GC (Allocation Failure) 2021-03-29T00:43:49.831+0800: [ParNew: 274123K->1281K(306688K), 0.0171757 secs] 358582K->85830K(4160256K), 0.0174268 secs] [Times: user=0.06 sys=0.00, real=0.02 secs] 
2021-03-29T00:43:50.164+0800: [GC (Allocation Failure) 2021-03-29T00:43:50.164+0800: [ParNew: 273921K->1473K(306688K), 0.0174575 secs] 358470K->86119K(4160256K), 0.0176199 secs] [Times: user=0.06 sys=0.00, real=0.01 secs] 
2021-03-29T00:43:50.477+0800: [GC (Allocation Failure) 2021-03-29T00:43:50.478+0800: [ParNew: 274113K->1412K(306688K), 0.0150630 secs] 358759K->86146K(4160256K), 0.0153288 secs] [Times: user=0.04 sys=0.01, real=0.02 secs] 
2021-03-29T00:43:50.795+0800: [GC (Allocation Failure) 2021-03-29T00:43:50.796+0800: [ParNew: 274052K->1350K(306688K), 0.0189251 secs] 358786K->86182K(4160256K), 0.0196944 secs] [Times: user=0.05 sys=0.01, real=0.02 secs] 
2021-03-29T00:43:51.094+0800: [GC (Allocation Failure) 2021-03-29T00:43:51.094+0800: [ParNew: 273990K->1240K(306688K), 0.0140471 secs] 358822K->86159K(4160256K), 0.0142440 secs] [Times: user=0.04 sys=0.00, real=0.01 secs] 
2021-03-29T00:43:51.390+0800: [GC (Allocation Failure) 2021-03-29T00:43:51.390+0800: [ParNew: 273880K->1054K(306688K), 0.0173266 secs] 358799K->86047K(4160256K), 0.0175868 secs] [Times: user=0.05 sys=0.01, real=0.02 secs] 
2021-03-29T00:43:51.692+0800: [GC (Allocation Failure) 2021-03-29T00:43:51.693+0800: [ParNew: 273694K->1362K(306688K), 0.0172876 secs] 358687K->86440K(4160256K), 0.0175541 secs] [Times: user=0.05 sys=0.00, real=0.01 secs] 
2021-03-29T00:43:51.980+0800: [GC (Allocation Failure) 2021-03-29T00:43:51.981+0800: [ParNew: 274002K->1227K(306688K), 0.0143088 secs] 359080K->86379K(4160256K), 0.0145593 secs] [Times: user=0.05 sys=0.00, real=0.02 secs] 
2021-03-29T00:43:52.266+0800: [GC (Allocation Failure) 2021-03-29T00:43:52.266+0800: [ParNew: 273867K->1751K(306688K), 0.0143722 secs] 359019K->86976K(4160256K), 0.0146526 secs] [Times: user=0.04 sys=0.01, real=0.01 secs] 
2021-03-29T00:43:52.546+0800: [GC (Allocation Failure) 2021-03-29T00:43:52.546+0800: [ParNew: 274391K->1406K(306688K), 0.0116198 secs] 359616K->86689K(4160256K), 0.0118426 secs] [Times: user=0.03 sys=0.01, real=0.01 secs] 
2021-03-29T00:43:52.864+0800: [GC (Allocation Failure) 2021-03-29T00:43:52.864+0800: [ParNew: 274046K->1846K(306688K), 0.0160333 secs] 359329K->87188K(4160256K), 0.0161652 secs] [Times: user=0.05 sys=0.01, real=0.01 secs] 
2021-03-29T00:43:53.172+0800: [GC (Allocation Failure) 2021-03-29T00:43:53.172+0800: [ParNew: 274486K->1257K(306688K), 0.0158359 secs] 359828K->86665K(4160256K), 0.0159913 secs] [Times: user=0.05 sys=0.00, real=0.01 secs] 
2021-03-29T00:43:53.474+0800: [GC (Allocation Failure) 2021-03-29T00:43:53.474+0800: [ParNew: 273897K->642K(306688K), 0.0153668 secs] 359305K->86106K(4160256K), 0.0156058 secs] [Times: user=0.06 sys=0.00, real=0.01 secs] 
2021-03-29T00:43:53.762+0800: [GC (Allocation Failure) 2021-03-29T00:43:53.762+0800: [ParNew: 273282K->844K(306688K), 0.0148503 secs] 358746K->86354K(4160256K), 0.0150644 secs] [Times: user=0.05 sys=0.00, real=0.02 secs] 
2021-03-29T00:43:54.065+0800: [GC (Allocation Failure) 2021-03-29T00:43:54.065+0800: [ParNew: 273484K->881K(306688K), 0.0178069 secs] 358994K->86423K(4160256K), 0.0179712 secs] [Times: user=0.04 sys=0.01, real=0.01 secs] 
2021-03-29T00:43:54.357+0800: [GC (Allocation Failure) 2021-03-29T00:43:54.357+0800: [ParNew: 273521K->920K(306688K), 0.0294319 secs] 359063K->86499K(4160256K), 0.0297873 secs] [Times: user=0.07 sys=0.01, real=0.03 secs] 
2021-03-29T00:43:54.679+0800: [GC (Allocation Failure) 2021-03-29T00:43:54.679+0800: [ParNew: 273560K->924K(306688K), 0.0204742 secs] 359139K->86549K(4160256K), 0.0206380 secs] [Times: user=0.05 sys=0.01, real=0.02 secs] 
2021-03-29T00:43:54.983+0800: [GC (Allocation Failure) 2021-03-29T00:43:54.983+0800: [ParNew: 273564K->1144K(306688K), 0.0197532 secs] 359189K->86808K(4160256K), 0.0199162 secs] [Times: user=0.04 sys=0.01, real=0.02 secs] 
2021-03-29T00:43:55.297+0800: [GC (Allocation Failure) 2021-03-29T00:43:55.297+0800: [ParNew: 273784K->834K(306688K), 0.0377683 secs] 359448K->86545K(4160256K), 0.0379469 secs] [Times: user=0.07 sys=0.01, real=0.04 secs] 
2021-03-29T00:43:55.644+0800: [GC (Allocation Failure) 2021-03-29T00:43:55.644+0800: [ParNew: 273474K->1076K(306688K), 0.0560440 secs] 359185K->86827K(4160256K), 0.0563652 secs] [Times: user=0.08 sys=0.01, real=0.05 secs] 
2021-03-29T00:43:56.011+0800: [GC (Allocation Failure) 2021-03-29T00:43:56.011+0800: [ParNew: 273716K->1262K(306688K), 0.0155963 secs] 359467K->87042K(4160256K), 0.0157526 secs] [Times: user=0.04 sys=0.00, real=0.02 secs] 
2021-03-29T00:43:56.296+0800: [GC (Allocation Failure) 2021-03-29T00:43:56.297+0800: [ParNew: 273902K->1183K(306688K), 0.0172087 secs] 359682K->87010K(4160256K), 0.0173644 secs] [Times: user=0.05 sys=0.00, real=0.02 secs] 
2021-03-29T00:43:56.589+0800: [GC (Allocation Failure) 2021-03-29T00:43:56.590+0800: [ParNew: 273823K->1007K(306688K), 0.0121503 secs] 359650K->86883K(4160256K), 0.0123855 secs] [Times: user=0.05 sys=0.00, real=0.01 secs] 
2021-03-29T00:43:56.864+0800: [GC (Allocation Failure) 2021-03-29T00:43:56.864+0800: [ParNew: 273647K->1298K(306688K), 0.0137379 secs] 359523K->87232K(4160256K), 0.0138855 secs] [Times: user=0.05 sys=0.00, real=0.01 secs] 
2021-03-29T00:43:57.157+0800: [GC (Allocation Failure) 2021-03-29T00:43:57.157+0800: [ParNew: 273938K->1207K(306688K), 0.0119859 secs] 359872K->87197K(4160256K), 0.0121623 secs] [Times: user=0.05 sys=0.00, real=0.01 secs] 
2021-03-29T00:43:57.421+0800: [GC (Allocation Failure) 2021-03-29T00:43:57.421+0800: [ParNew: 273847K->1041K(306688K), 0.0131781 secs] 359837K->87098K(4160256K), 0.0133744 secs] [Times: user=0.04 sys=0.01, real=0.02 secs] 
2021-03-29T00:43:57.723+0800: [GC (Allocation Failure) 2021-03-29T00:43:57.723+0800: [ParNew: 273681K->1118K(306688K), 0.0133898 secs] 359738K->87264K(4160256K), 0.0135615 secs] [Times: user=0.04 sys=0.01, real=0.01 secs] 
2021-03-29T00:43:58.019+0800: [GC (Allocation Failure) 2021-03-29T00:43:58.019+0800: [ParNew: 273758K->1211K(306688K), 0.0154435 secs] 359904K->87449K(4160256K), 0.0156433 secs] [Times: user=0.04 sys=0.01, real=0.02 secs] 
2021-03-29T00:43:58.310+0800: [GC (Allocation Failure) 2021-03-29T00:43:58.310+0800: [ParNew: 273851K->989K(306688K), 0.0156769 secs] 360089K->87312K(4160256K), 0.0158620 secs] [Times: user=0.04 sys=0.01, real=0.02 secs] 
2021-03-29T00:43:58.593+0800: [GC (Allocation Failure) 2021-03-29T00:43:58.593+0800: [ParNew: 273629K->884K(306688K), 0.0118234 secs] 359952K->87297K(4160256K), 0.0119529 secs] [Times: user=0.04 sys=0.00, real=0.01 secs] 
2021-03-29T00:43:58.887+0800: [GC (Allocation Failure) 2021-03-29T00:43:58.887+0800: [ParNew: 273524K->885K(306688K), 0.0177328 secs] 359937K->87378K(4160256K), 0.0179357 secs] [Times: user=0.06 sys=0.02, real=0.02 secs] 
2021-03-29T00:43:59.200+0800: [GC (Allocation Failure) 2021-03-29T00:43:59.201+0800: [ParNew: 273525K->917K(306688K), 0.0206437 secs] 360018K->87466K(4160256K), 0.0209648 secs] [Times: user=0.06 sys=0.00, real=0.02 secs] 
2021-03-29T00:43:59.504+0800: [GC (Allocation Failure) 2021-03-29T00:43:59.504+0800: [ParNew: 273557K->1116K(306688K), 0.0191585 secs] 360106K->87740K(4160256K), 0.0193214 secs] [Times: user=0.06 sys=0.00, real=0.02 secs] 
```

##### CMSGC -Xmx4g -Xms4g wrk压力测试
```Bash
huyang@ubuntu:/home/huyang$ wrk -d30s -c 1000 -t 8 'http://127.0.0.1:8088'
Running 30s test @ http://127.0.0.1:8088
  8 threads and 1000 connections
  Thread Stats   Avg      Stdev     Max   +/- Stdev
    Latency    86.67ms   60.14ms 679.81ms   72.19%
    Req/Sec     1.51k   468.65     7.16k    74.14%
  357151 requests in 30.09s, 88.62MB read
  Non-2xx or 3xx responses: 357151
Requests/sec:  11867.95
Transfer/sec:      2.94MB

huyang@ubuntu:/home/huyang$ wrk -d30s -c 2000 -t 8 'http://127.0.0.1:8088'
Running 30s test @ http://127.0.0.1:8088
  8 threads and 2000 connections
  Thread Stats   Avg      Stdev     Max   +/- Stdev
    Latency    66.82ms   79.08ms   1.50s    92.94%
    Req/Sec     1.88k     1.14k    6.94k    69.16%
  457058 requests in 30.10s, 113.41MB read
  Socket errors: connect 987, read 0, write 0, timeout 0
  Non-2xx or 3xx responses: 457058
Requests/sec:  15183.99
Transfer/sec:      3.77MB
```
