### 1.使用 GCLogAnalysis.java 自己演练一遍串行 / 并行 /CMS/G1 的案例

#### SerialGC
```Bash
huyang@ubuntu:/home/huyang$ java -XX:+PrintGCDetails -Xmx1g -Xms1g  -XX:+UseSerialGC GCLogAnalysis
正在执行...
[GC (Allocation Failure) [DefNew: 279616K->34943K(314560K), 0.0562844 secs] 279616K->95849K(1013632K), 0.0563276 secs] [Times: user=0.03 sys=0.02, real=0.06 secs] 
[GC (Allocation Failure) [DefNew: 314559K->34943K(314560K), 0.0619873 secs] 375465K->173358K(1013632K), 0.0620542 secs] [Times: user=0.03 sys=0.04, real=0.06 secs] 
[GC (Allocation Failure) [DefNew: 314559K->34943K(314560K), 0.0490992 secs] 452974K->253258K(1013632K), 0.0491451 secs] [Times: user=0.02 sys=0.02, real=0.04 secs] 
[GC (Allocation Failure) [DefNew: 314559K->34942K(314560K), 0.0497131 secs] 532874K->332910K(1013632K), 0.0497567 secs] [Times: user=0.04 sys=0.01, real=0.05 secs] 
[GC (Allocation Failure) [DefNew: 314558K->34943K(314560K), 0.0487553 secs] 612526K->409391K(1013632K), 0.0487986 secs] [Times: user=0.01 sys=0.04, real=0.05 secs] 
[GC (Allocation Failure) [DefNew: 314559K->34943K(314560K), 0.0489972 secs] 689007K->480691K(1013632K), 0.0490633 secs] [Times: user=0.02 sys=0.03, real=0.05 secs] 
[GC (Allocation Failure) [DefNew: 314559K->34943K(314560K), 0.0463294 secs] 760307K->555822K(1013632K), 0.0464034 secs] [Times: user=0.04 sys=0.01, real=0.05 secs] 
[GC (Allocation Failure) [DefNew: 314559K->34943K(314560K), 0.0567715 secs] 835438K->643869K(1013632K), 0.0568840 secs] [Times: user=0.02 sys=0.04, real=0.05 secs] 
[GC (Allocation Failure) [DefNew: 314559K->314559K(314560K), 0.0000131 secs][Tenured: 608925K->374706K(699072K), 0.0381462 secs] 923485K->374706K(1013632K), [Metaspace: 2528K->2528K(1056768K)], 0.0382141 secs] [Times: user=0.04 sys=0.00, real=0.04 secs] 
执行结束!共生成对象次数:9894
Heap
 def new generation   total 314560K, used 91947K [0x00000000c0000000, 0x00000000d5550000, 0x00000000d5550000)
  eden space 279616K,  32% used [0x00000000c0000000, 0x00000000c59caec0, 0x00000000d1110000)
  from space 34944K,   0% used [0x00000000d1110000, 0x00000000d1110000, 0x00000000d3330000)
  to   space 34944K,   0% used [0x00000000d3330000, 0x00000000d3330000, 0x00000000d5550000)
 tenured generation   total 699072K, used 374706K [0x00000000d5550000, 0x0000000100000000, 0x0000000100000000)
   the space 699072K,  53% used [0x00000000d5550000, 0x00000000ec33c838, 0x00000000ec33ca00, 0x0000000100000000)
 Metaspace       used 2535K, capacity 4486K, committed 4864K, reserved 1056768K
  class space    used 273K, capacity 386K, committed 512K, reserved 1048576K
```  
  
#### ParallelGC
```Bash
huyang@ubuntu:/home/huyang$ java -XX:+PrintGCDetails -Xmx1g -Xms1g  -XX:+UseParallelGC GCLogAnalysis
正在执行...
[GC (Allocation Failure) [PSYoungGen: 262144K->43513K(305664K)] 262144K->80290K(1005056K), 0.0190983 secs] [Times: user=0.01 sys=0.03, real=0.02 secs] 
[GC (Allocation Failure) [PSYoungGen: 305657K->43510K(305664K)] 342434K->155338K(1005056K), 0.0259207 secs] [Times: user=0.02 sys=0.05, real=0.02 secs] 
[GC (Allocation Failure) [PSYoungGen: 305654K->43519K(305664K)] 417482K->233252K(1005056K), 0.0219300 secs] [Times: user=0.03 sys=0.04, real=0.02 secs] 
[GC (Allocation Failure) [PSYoungGen: 305663K->43516K(305664K)] 495396K->315260K(1005056K), 0.0284503 secs] [Times: user=0.04 sys=0.05, real=0.03 secs] 
[GC (Allocation Failure) [PSYoungGen: 305660K->43505K(305664K)] 577404K->379522K(1005056K), 0.0157356 secs] [Times: user=0.04 sys=0.02, real=0.01 secs] 
[GC (Allocation Failure) [PSYoungGen: 305649K->43518K(160256K)] 641666K->453212K(859648K), 0.0203538 secs] [Times: user=0.04 sys=0.03, real=0.02 secs] 
[GC (Allocation Failure) [PSYoungGen: 160254K->78680K(232960K)] 569948K->494917K(932352K), 0.0101722 secs] [Times: user=0.02 sys=0.01, real=0.01 secs] 
[GC (Allocation Failure) [PSYoungGen: 195416K->97509K(232960K)] 611653K->527937K(932352K), 0.0129734 secs] [Times: user=0.02 sys=0.02, real=0.01 secs] 
[GC (Allocation Failure) [PSYoungGen: 213640K->106833K(232960K)] 644068K->551702K(932352K), 0.0230705 secs] [Times: user=0.06 sys=0.00, real=0.02 secs] 
[GC (Allocation Failure) [PSYoungGen: 223569K->67436K(232960K)] 668438K->574266K(932352K), 0.0216529 secs] [Times: user=0.03 sys=0.04, real=0.02 secs] 
[GC (Allocation Failure) [PSYoungGen: 184099K->41756K(232960K)] 690930K->609485K(932352K), 0.0195796 secs] [Times: user=0.04 sys=0.02, real=0.02 secs] 
[GC (Allocation Failure) [PSYoungGen: 158492K->37827K(232960K)] 726221K->642926K(932352K), 0.0131328 secs] [Times: user=0.01 sys=0.03, real=0.01 secs] 
[Full GC (Ergonomics) [PSYoungGen: 37827K->0K(232960K)] [ParOldGen: 605098K->336472K(699392K)] 642926K->336472K(932352K), [Metaspace: 2528K->2528K(1056768K)], 0.1074554 secs] [Times: user=0.26 sys=0.12, real=0.11 secs] 
[GC (Allocation Failure) [PSYoungGen: 116508K->37761K(232960K)] 452981K->374234K(932352K), 0.0042019 secs] [Times: user=0.00 sys=0.01, real=0.00 secs] 
[GC (Allocation Failure) [PSYoungGen: 154497K->36576K(232960K)] 490970K->405914K(932352K), 0.0065443 secs] [Times: user=0.02 sys=0.01, real=0.01 secs] 
[GC (Allocation Failure) [PSYoungGen: 153312K->39326K(232960K)] 522650K->442289K(932352K), 0.0077609 secs] [Times: user=0.01 sys=0.00, real=0.01 secs] 
[GC (Allocation Failure) [PSYoungGen: 156062K->33739K(232960K)] 559025K->470377K(932352K), 0.0132065 secs] [Times: user=0.01 sys=0.01, real=0.02 secs] 
[GC (Allocation Failure) [PSYoungGen: 150475K->35981K(232960K)] 587113K->503674K(932352K), 0.0114902 secs] [Times: user=0.02 sys=0.00, real=0.01 secs] 
[GC (Allocation Failure) [PSYoungGen: 152717K->37469K(232960K)] 620410K->535581K(932352K), 0.0096075 secs] [Times: user=0.02 sys=0.00, real=0.01 secs] 
执行结束!共生成对象次数:11309
Heap
 PSYoungGen      total 232960K, used 60723K [0x00000000eab00000, 0x0000000100000000, 0x0000000100000000)
  eden space 116736K, 19% used [0x00000000eab00000,0x00000000ec1b5950,0x00000000f1d00000)
  from space 116224K, 32% used [0x00000000f8e80000,0x00000000fb317468,0x0000000100000000)
  to   space 116224K, 0% used [0x00000000f1d00000,0x00000000f1d00000,0x00000000f8e80000)
 ParOldGen       total 699392K, used 498112K [0x00000000c0000000, 0x00000000eab00000, 0x00000000eab00000)
  object space 699392K, 71% used [0x00000000c0000000,0x00000000de670308,0x00000000eab00000)
 Metaspace       used 2535K, capacity 4486K, committed 4864K, reserved 1056768K
  class space    used 273K, capacity 386K, committed 512K, reserved 1048576K
``` 

#### CMSGC
```Bash
huyang@ubuntu:/home/huyang$ java -XX:+PrintGCDetails -Xmx1g -Xms1g  -XX:+UseConcMarkSweepGC GCLogAnalysis
正在执行...
[GC (Allocation Failure) [ParNew: 272640K->34048K(306688K), 0.0240825 secs] 272640K->90169K(1014528K), 0.0241771 secs] [Times: user=0.02 sys=0.07, real=0.02 secs] 
[GC (Allocation Failure) [ParNew: 306688K->34046K(306688K), 0.0275362 secs] 362809K->166612K(1014528K), 0.0275880 secs] [Times: user=0.05 sys=0.05, real=0.03 secs] 
[GC (Allocation Failure) [ParNew: 306686K->34048K(306688K), 0.0569245 secs] 439252K->244933K(1014528K), 0.0569703 secs] [Times: user=0.16 sys=0.05, real=0.05 secs] 
[GC (Allocation Failure) [ParNew: 306688K->34047K(306688K), 0.0575484 secs] 517573K->325531K(1014528K), 0.0575986 secs] [Times: user=0.16 sys=0.05, real=0.06 secs] 
[GC (Allocation Failure) [ParNew: 306687K->34048K(306688K), 0.0429764 secs] 598171K->392391K(1014528K), 0.0430201 secs] [Times: user=0.10 sys=0.04, real=0.04 secs] 
[GC (CMS Initial Mark) [1 CMS-initial-mark: 358343K(707840K)] 398261K(1014528K), 0.0012597 secs] [Times: user=0.00 sys=0.00, real=0.00 secs] 
[CMS-concurrent-mark-start]
[CMS-concurrent-mark: 0.026/0.026 secs] [Times: user=0.03 sys=0.02, real=0.02 secs] 
[CMS-concurrent-preclean-start]
[CMS-concurrent-preclean: 0.001/0.001 secs] [Times: user=0.00 sys=0.01, real=0.00 secs] 
[CMS-concurrent-abortable-preclean-start]
[GC (Allocation Failure) [ParNew: 306688K->34048K(306688K), 0.0604955 secs] 665031K->469352K(1014528K), 0.0605481 secs] [Times: user=0.16 sys=0.07, real=0.06 secs] 
[GC (Allocation Failure) [ParNew[CMS-concurrent-abortable-preclean: 0.003/0.189 secs] [Times: user=0.39 sys=0.13, real=0.19 secs] 
: 306578K->34048K(306688K), 0.0641866 secs] 741882K->545120K(1014528K), 0.0642347 secs] [Times: user=0.17 sys=0.07, real=0.07 secs] 
[GC (CMS Final Remark) [YG occupancy: 39583 K (306688 K)][Rescan (parallel) , 0.0005153 secs][weak refs processing, 0.0000067 secs][class unloading, 0.0001803 secs][scrub symbol table, 0.0002228 secs][scrub string table, 0.0001206 secs][1 CMS-remark: 511072K(707840K)] 550655K(1014528K), 0.0012371 secs] [Times: user=0.00 sys=0.00, real=0.00 secs] 
[CMS-concurrent-sweep-start]
[CMS-concurrent-sweep: 0.001/0.001 secs] [Times: user=0.00 sys=0.00, real=0.00 secs] 
[CMS-concurrent-reset-start]
[CMS-concurrent-reset: 0.033/0.033 secs] [Times: user=0.03 sys=0.04, real=0.03 secs] 
[GC (Allocation Failure) [ParNew: 306688K->34048K(306688K), 0.0172389 secs] 691357K->496958K(1014528K), 0.0173102 secs] [Times: user=0.04 sys=0.00, real=0.02 secs] 
[GC (CMS Initial Mark) [1 CMS-initial-mark: 462910K(707840K)] 502587K(1014528K), 0.0002915 secs] [Times: user=0.00 sys=0.00, real=0.00 secs] 
[CMS-concurrent-mark-start]
[CMS-concurrent-mark: 0.007/0.007 secs] [Times: user=0.01 sys=0.01, real=0.00 secs] 
[CMS-concurrent-preclean-start]
[CMS-concurrent-preclean: 0.001/0.001 secs] [Times: user=0.00 sys=0.00, real=0.00 secs] 
[CMS-concurrent-abortable-preclean-start]
[GC (Allocation Failure) [ParNew: 306688K->34048K(306688K), 0.0371219 secs] 769598K->575120K(1014528K), 0.0373813 secs] [Times: user=0.05 sys=0.04, real=0.03 secs] 
[GC (Allocation Failure) [ParNew: 306688K->34048K(306688K), 0.0591160 secs] 847760K->651032K(1014528K), 0.0593242 secs] [Times: user=0.13 sys=0.06, real=0.06 secs] 
执行结束!共生成对象次数:10148
Heap
 par new generation   total 306688K, used 45037K [0x00000000c0000000, 0x00000000d4cc0000, 0x00000000d4cc0000)
  eden space 272640K,   4% used [0x00000000c0000000, 0x00000000c0abb510, 0x00000000d0a40000)
  from space 34048K, 100% used [0x00000000d0a40000, 0x00000000d2b80000, 0x00000000d2b80000)
  to   space 34048K,   0% used [0x00000000d2b80000, 0x00000000d2b80000, 0x00000000d4cc0000)
 concurrent mark-sweep generation total 707840K, used 616984K [0x00000000d4cc0000, 0x0000000100000000, 0x0000000100000000)
 Metaspace       used 2535K, capacity 4486K, committed 4864K, reserved 1056768K
  class space    used 273K, capacity 386K, committed 512K, reserved 1048576K
``` 

#### G1GC
```Bash
huyang@ubuntu:/home/huyang$ java -XX:+PrintGCDetails -Xmx1g -Xms1g  -XX:+UseG1GC GCLogAnalysis
正在执行...
[GC pause (G1 Evacuation Pause) (young), 0.0055694 secs]
   [Parallel Time: 2.9 ms, GC Workers: 4]
      [GC Worker Start (ms): Min: 147.6, Avg: 147.7, Max: 147.8, Diff: 0.2]
      [Ext Root Scanning (ms): Min: 0.1, Avg: 0.2, Max: 0.4, Diff: 0.2, Sum: 0.9]
      [Update RS (ms): Min: 0.0, Avg: 0.0, Max: 0.0, Diff: 0.0, Sum: 0.0]
         [Processed Buffers: Min: 0, Avg: 0.0, Max: 0, Diff: 0, Sum: 0]
      [Scan RS (ms): Min: 0.0, Avg: 0.0, Max: 0.0, Diff: 0.0, Sum: 0.1]
      [Code Root Scanning (ms): Min: 0.0, Avg: 0.0, Max: 0.0, Diff: 0.0, Sum: 0.0]
      [Object Copy (ms): Min: 2.2, Avg: 2.3, Max: 2.4, Diff: 0.1, Sum: 9.2]
      [Termination (ms): Min: 0.0, Avg: 0.1, Max: 0.2, Diff: 0.2, Sum: 0.4]
         [Termination Attempts: Min: 1, Avg: 1.0, Max: 1, Diff: 0, Sum: 4]
      [GC Worker Other (ms): Min: 0.0, Avg: 0.0, Max: 0.0, Diff: 0.0, Sum: 0.1]
      [GC Worker Total (ms): Min: 2.6, Avg: 2.7, Max: 2.8, Diff: 0.2, Sum: 10.7]
      [GC Worker End (ms): Min: 150.4, Avg: 150.4, Max: 150.4, Diff: 0.0]
   [Code Root Fixup: 0.0 ms]
   [Code Root Purge: 0.0 ms]
   [Clear CT: 0.9 ms]
   [Other: 1.8 ms]
      [Choose CSet: 0.0 ms]
      [Ref Proc: 0.3 ms]
      [Ref Enq: 0.0 ms]
      [Redirty Cards: 1.0 ms]
      [Humongous Register: 0.0 ms]
      [Humongous Reclaim: 0.1 ms]
      [Free CSet: 0.0 ms]
   [Eden: 51.0M(51.0M)->0.0B(44.0M) Survivors: 0.0B->7168.0K Heap: 64.3M(1024.0M)->23.4M(1024.0M)]
 [Times: user=0.00 sys=0.00, real=0.00 secs] 
[GC pause (G1 Evacuation Pause) (young), 0.0066016 secs]
   [Parallel Time: 3.5 ms, GC Workers: 4]
      [GC Worker Start (ms): Min: 166.0, Avg: 166.9, Max: 169.3, Diff: 3.4]
      [Ext Root Scanning (ms): Min: 0.0, Avg: 0.1, Max: 0.3, Diff: 0.3, Sum: 0.6]
      [Update RS (ms): Min: 0.0, Avg: 0.0, Max: 0.0, Diff: 0.0, Sum: 0.0]
         [Processed Buffers: Min: 0, Avg: 1.0, Max: 4, Diff: 4, Sum: 4]
      [Scan RS (ms): Min: 0.0, Avg: 0.0, Max: 0.0, Diff: 0.0, Sum: 0.0]
      [Code Root Scanning (ms): Min: 0.0, Avg: 0.0, Max: 0.0, Diff: 0.0, Sum: 0.0]
      [Object Copy (ms): Min: 0.0, Avg: 2.2, Max: 3.0, Diff: 3.0, Sum: 9.0]
      [Termination (ms): Min: 0.0, Avg: 0.0, Max: 0.1, Diff: 0.1, Sum: 0.2]
         [Termination Attempts: Min: 1, Avg: 1.0, Max: 1, Diff: 0, Sum: 4]
      [GC Worker Other (ms): Min: 0.0, Avg: 0.0, Max: 0.0, Diff: 0.0, Sum: 0.0]
      [GC Worker Total (ms): Min: 0.0, Avg: 2.5, Max: 3.4, Diff: 3.4, Sum: 9.8]
      [GC Worker End (ms): Min: 169.3, Avg: 169.4, Max: 169.4, Diff: 0.0]
   [Code Root Fixup: 0.0 ms]
   [Code Root Purge: 0.0 ms]
   [Clear CT: 0.8 ms]
   [Other: 2.3 ms]
      [Choose CSet: 0.0 ms]
      [Ref Proc: 0.8 ms]
      [Ref Enq: 0.0 ms]
      [Redirty Cards: 1.1 ms]
      [Humongous Register: 0.1 ms]
      [Humongous Reclaim: 0.0 ms]
      [Free CSet: 0.0 ms]
   [Eden: 44.0M(44.0M)->0.0B(44.0M) Survivors: 7168.0K->7168.0K Heap: 74.9M(1024.0M)->38.3M(1024.0M)]
 [Times: user=0.01 sys=0.00, real=0.01 secs] 
[GC pause (G1 Evacuation Pause) (young), 0.0065583 secs]
   [Parallel Time: 5.1 ms, GC Workers: 4]
      [GC Worker Start (ms): Min: 188.7, Avg: 188.8, Max: 188.9, Diff: 0.2]
      [Ext Root Scanning (ms): Min: 0.1, Avg: 1.3, Max: 4.7, Diff: 4.6, Sum: 5.1]
      [Update RS (ms): Min: 0.0, Avg: 0.3, Max: 0.4, Diff: 0.4, Sum: 1.2]
         [Processed Buffers: Min: 0, Avg: 6.5, Max: 11, Diff: 11, Sum: 26]
      [Scan RS (ms): Min: 0.0, Avg: 0.0, Max: 0.0, Diff: 0.0, Sum: 0.0]
      [Code Root Scanning (ms): Min: 0.0, Avg: 0.0, Max: 0.0, Diff: 0.0, Sum: 0.0]
      [Object Copy (ms): Min: 0.1, Avg: 3.2, Max: 4.2, Diff: 4.2, Sum: 12.7]
      [Termination (ms): Min: 0.0, Avg: 0.1, Max: 0.1, Diff: 0.1, Sum: 0.2]
         [Termination Attempts: Min: 1, Avg: 1.0, Max: 1, Diff: 0, Sum: 4]
      [GC Worker Other (ms): Min: 0.0, Avg: 0.0, Max: 0.0, Diff: 0.0, Sum: 0.0]
      [GC Worker Total (ms): Min: 4.7, Avg: 4.8, Max: 4.9, Diff: 0.2, Sum: 19.3]
      [GC Worker End (ms): Min: 193.6, Avg: 193.6, Max: 193.6, Diff: 0.0]
   [Code Root Fixup: 0.0 ms]
   [Code Root Purge: 0.0 ms]
   [Clear CT: 0.3 ms]
   [Other: 1.2 ms]
      [Choose CSet: 0.0 ms]
      [Ref Proc: 0.3 ms]
      [Ref Enq: 0.0 ms]
      [Redirty Cards: 0.4 ms]
      [Humongous Register: 0.1 ms]
      [Humongous Reclaim: 0.1 ms]
      [Free CSet: 0.0 ms]
   [Eden: 44.0M(44.0M)->0.0B(44.0M) Survivors: 7168.0K->7168.0K Heap: 95.6M(1024.0M)->57.0M(1024.0M)]
 [Times: user=0.01 sys=0.01, real=0.01 secs] 
[GC pause (G1 Evacuation Pause) (young), 0.0106435 secs]
   [Parallel Time: 4.6 ms, GC Workers: 4]
      [GC Worker Start (ms): Min: 213.9, Avg: 214.0, Max: 214.1, Diff: 0.3]
      [Ext Root Scanning (ms): Min: 0.0, Avg: 0.1, Max: 0.2, Diff: 0.2, Sum: 0.3]
      [Update RS (ms): Min: 0.4, Avg: 0.5, Max: 0.7, Diff: 0.3, Sum: 2.1]
         [Processed Buffers: Min: 1, Avg: 8.0, Max: 11, Diff: 10, Sum: 32]
      [Scan RS (ms): Min: 0.0, Avg: 0.0, Max: 0.0, Diff: 0.0, Sum: 0.0]
      [Code Root Scanning (ms): Min: 0.0, Avg: 0.0, Max: 0.0, Diff: 0.0, Sum: 0.0]
      [Object Copy (ms): Min: 3.2, Avg: 3.4, Max: 3.6, Diff: 0.4, Sum: 13.5]
      [Termination (ms): Min: 0.0, Avg: 0.2, Max: 0.2, Diff: 0.2, Sum: 0.7]
         [Termination Attempts: Min: 1, Avg: 1.0, Max: 1, Diff: 0, Sum: 4]
      [GC Worker Other (ms): Min: 0.0, Avg: 0.0, Max: 0.0, Diff: 0.0, Sum: 0.0]
      [GC Worker Total (ms): Min: 4.0, Avg: 4.2, Max: 4.3, Diff: 0.3, Sum: 16.7]
      [GC Worker End (ms): Min: 218.1, Avg: 218.1, Max: 218.1, Diff: 0.0]
   [Code Root Fixup: 0.0 ms]
   [Code Root Purge: 0.0 ms]
   [Clear CT: 4.1 ms]
   [Other: 1.9 ms]
      [Choose CSet: 0.0 ms]
      [Ref Proc: 0.7 ms]
      [Ref Enq: 0.0 ms]
      [Redirty Cards: 0.8 ms]
      [Humongous Register: 0.1 ms]
      [Humongous Reclaim: 0.1 ms]
      [Free CSet: 0.0 ms]
   [Eden: 44.0M(44.0M)->0.0B(52.0M) Survivors: 7168.0K->7168.0K Heap: 118.5M(1024.0M)->77.8M(1024.0M)]
 [Times: user=0.01 sys=0.00, real=0.01 secs] 
[GC pause (G1 Evacuation Pause) (young), 0.0079894 secs]
   [Parallel Time: 6.7 ms, GC Workers: 4]
      [GC Worker Start (ms): Min: 240.4, Avg: 242.1, Max: 243.9, Diff: 3.5]
      [Ext Root Scanning (ms): Min: 0.0, Avg: 0.1, Max: 0.3, Diff: 0.3, Sum: 0.5]
      [Update RS (ms): Min: 0.0, Avg: 0.1, Max: 0.3, Diff: 0.3, Sum: 0.5]
         [Processed Buffers: Min: 0, Avg: 2.2, Max: 5, Diff: 5, Sum: 9]
      [Scan RS (ms): Min: 0.0, Avg: 0.0, Max: 0.1, Diff: 0.1, Sum: 0.2]
      [Code Root Scanning (ms): Min: 0.0, Avg: 0.0, Max: 0.0, Diff: 0.0, Sum: 0.0]
      [Object Copy (ms): Min: 3.0, Avg: 4.5, Max: 5.9, Diff: 2.9, Sum: 17.9]
      [Termination (ms): Min: 0.0, Avg: 0.1, Max: 0.2, Diff: 0.2, Sum: 0.4]
         [Termination Attempts: Min: 1, Avg: 1.0, Max: 1, Diff: 0, Sum: 4]
      [GC Worker Other (ms): Min: 0.0, Avg: 0.0, Max: 0.0, Diff: 0.0, Sum: 0.0]
      [GC Worker Total (ms): Min: 3.1, Avg: 4.9, Max: 6.6, Diff: 3.5, Sum: 19.6]
      [GC Worker End (ms): Min: 247.0, Avg: 247.0, Max: 247.0, Diff: 0.0]
   [Code Root Fixup: 0.0 ms]
   [Code Root Purge: 0.0 ms]
   [Clear CT: 0.3 ms]
   [Other: 1.0 ms]
      [Choose CSet: 0.0 ms]
      [Ref Proc: 0.3 ms]
      [Ref Enq: 0.0 ms]
      [Redirty Cards: 0.4 ms]
      [Humongous Register: 0.1 ms]
      [Humongous Reclaim: 0.0 ms]
      [Free CSet: 0.0 ms]
   [Eden: 52.0M(52.0M)->0.0B(69.0M) Survivors: 7168.0K->8192.0K Heap: 147.0M(1024.0M)->99.9M(1024.0M)]
 [Times: user=0.00 sys=0.02, real=0.01 secs] 
[GC pause (G1 Evacuation Pause) (young), 0.0079240 secs]
   [Parallel Time: 5.8 ms, GC Workers: 4]
      [GC Worker Start (ms): Min: 268.0, Avg: 268.2, Max: 268.4, Diff: 0.4]
      [Ext Root Scanning (ms): Min: 0.0, Avg: 0.1, Max: 0.2, Diff: 0.2, Sum: 0.5]
      [Update RS (ms): Min: 0.0, Avg: 0.1, Max: 0.2, Diff: 0.2, Sum: 0.5]
         [Processed Buffers: Min: 1, Avg: 2.2, Max: 4, Diff: 3, Sum: 9]
      [Scan RS (ms): Min: 0.0, Avg: 0.0, Max: 0.0, Diff: 0.0, Sum: 0.0]
      [Code Root Scanning (ms): Min: 0.0, Avg: 0.0, Max: 0.0, Diff: 0.0, Sum: 0.0]
      [Object Copy (ms): Min: 4.9, Avg: 5.1, Max: 5.4, Diff: 0.4, Sum: 20.3]
      [Termination (ms): Min: 0.0, Avg: 0.3, Max: 0.4, Diff: 0.4, Sum: 1.1]
         [Termination Attempts: Min: 1, Avg: 1.0, Max: 1, Diff: 0, Sum: 4]
      [GC Worker Other (ms): Min: 0.0, Avg: 0.0, Max: 0.0, Diff: 0.0, Sum: 0.1]
      [GC Worker Total (ms): Min: 5.4, Avg: 5.6, Max: 5.8, Diff: 0.4, Sum: 22.5]
      [GC Worker End (ms): Min: 273.8, Avg: 273.8, Max: 273.8, Diff: 0.0]
   [Code Root Fixup: 0.0 ms]
   [Code Root Purge: 0.0 ms]
   [Clear CT: 0.6 ms]
   [Other: 1.5 ms]
      [Choose CSet: 0.0 ms]
      [Ref Proc: 0.4 ms]
      [Ref Enq: 0.0 ms]
      [Redirty Cards: 0.5 ms]
      [Humongous Register: 0.1 ms]
      [Humongous Reclaim: 0.1 ms]
      [Free CSet: 0.0 ms]
   [Eden: 69.0M(69.0M)->0.0B(94.0M) Survivors: 8192.0K->10.0M Heap: 185.2M(1024.0M)->128.6M(1024.0M)]
 [Times: user=0.00 sys=0.02, real=0.01 secs] 
[GC pause (G1 Evacuation Pause) (young), 0.0243130 secs]
   [Parallel Time: 17.5 ms, GC Workers: 4]
      [GC Worker Start (ms): Min: 314.2, Avg: 319.3, Max: 321.0, Diff: 6.8]
      [Ext Root Scanning (ms): Min: 0.0, Avg: 0.0, Max: 0.2, Diff: 0.2, Sum: 0.2]
      [Update RS (ms): Min: 0.0, Avg: 0.2, Max: 0.6, Diff: 0.6, Sum: 0.6]
         [Processed Buffers: Min: 0, Avg: 2.5, Max: 10, Diff: 10, Sum: 10]
      [Scan RS (ms): Min: 0.0, Avg: 0.0, Max: 0.0, Diff: 0.0, Sum: 0.1]
      [Code Root Scanning (ms): Min: 0.0, Avg: 0.0, Max: 0.0, Diff: 0.0, Sum: 0.0]
      [Object Copy (ms): Min: 10.4, Avg: 11.9, Max: 16.4, Diff: 6.0, Sum: 47.8]
      [Termination (ms): Min: 0.0, Avg: 0.1, Max: 0.2, Diff: 0.2, Sum: 0.5]
         [Termination Attempts: Min: 1, Avg: 1.0, Max: 1, Diff: 0, Sum: 4]
      [GC Worker Other (ms): Min: 0.0, Avg: 0.0, Max: 0.0, Diff: 0.0, Sum: 0.1]
      [GC Worker Total (ms): Min: 10.6, Avg: 12.3, Max: 17.4, Diff: 6.8, Sum: 49.2]
      [GC Worker End (ms): Min: 331.6, Avg: 331.6, Max: 331.6, Diff: 0.0]
   [Code Root Fixup: 0.0 ms]
   [Code Root Purge: 0.0 ms]
   [Clear CT: 0.6 ms]
   [Other: 6.2 ms]
      [Choose CSet: 0.0 ms]
      [Ref Proc: 5.2 ms]
      [Ref Enq: 0.0 ms]
      [Redirty Cards: 0.5 ms]
      [Humongous Register: 0.1 ms]
      [Humongous Reclaim: 0.1 ms]
      [Free CSet: 0.1 ms]
   [Eden: 94.0M(94.0M)->0.0B(98.0M) Survivors: 10.0M->13.0M Heap: 250.7M(1024.0M)->169.2M(1024.0M)]
 [Times: user=0.01 sys=0.02, real=0.03 secs] 
[GC pause (G1 Evacuation Pause) (young), 0.0135730 secs]
   [Parallel Time: 10.1 ms, GC Workers: 4]
      [GC Worker Start (ms): Min: 366.4, Avg: 367.2, Max: 367.6, Diff: 1.2]
      [Ext Root Scanning (ms): Min: 0.0, Avg: 0.1, Max: 0.2, Diff: 0.2, Sum: 0.2]
      [Update RS (ms): Min: 0.0, Avg: 0.1, Max: 0.5, Diff: 0.5, Sum: 0.5]
         [Processed Buffers: Min: 0, Avg: 2.8, Max: 11, Diff: 11, Sum: 11]
      [Scan RS (ms): Min: 0.0, Avg: 0.0, Max: 0.0, Diff: 0.0, Sum: 0.1]
      [Code Root Scanning (ms): Min: 0.0, Avg: 0.0, Max: 0.0, Diff: 0.0, Sum: 0.0]
      [Object Copy (ms): Min: 6.6, Avg: 7.3, Max: 8.9, Diff: 2.4, Sum: 29.0]
      [Termination (ms): Min: 0.0, Avg: 1.7, Max: 2.4, Diff: 2.4, Sum: 6.9]
         [Termination Attempts: Min: 1, Avg: 1.0, Max: 1, Diff: 0, Sum: 4]
      [GC Worker Other (ms): Min: 0.0, Avg: 0.0, Max: 0.0, Diff: 0.0, Sum: 0.0]
      [GC Worker Total (ms): Min: 8.8, Avg: 9.2, Max: 10.0, Diff: 1.2, Sum: 36.8]
      [GC Worker End (ms): Min: 376.4, Avg: 376.4, Max: 376.4, Diff: 0.0]
   [Code Root Fixup: 0.0 ms]
   [Code Root Purge: 0.0 ms]
   [Clear CT: 0.4 ms]
   [Other: 3.0 ms]
      [Choose CSet: 0.0 ms]
      [Ref Proc: 0.4 ms]
      [Ref Enq: 0.0 ms]
      [Redirty Cards: 2.2 ms]
      [Humongous Register: 0.1 ms]
      [Humongous Reclaim: 0.1 ms]
      [Free CSet: 0.0 ms]
   [Eden: 98.0M(98.0M)->0.0B(146.0M) Survivors: 13.0M->14.0M Heap: 292.4M(1024.0M)->207.6M(1024.0M)]
 [Times: user=0.01 sys=0.02, real=0.02 secs] 
[GC pause (G1 Evacuation Pause) (young), 0.0159541 secs]
   [Parallel Time: 11.0 ms, GC Workers: 4]
      [GC Worker Start (ms): Min: 430.7, Avg: 431.2, Max: 431.4, Diff: 0.7]
      [Ext Root Scanning (ms): Min: 0.0, Avg: 0.0, Max: 0.2, Diff: 0.2, Sum: 0.2]
      [Update RS (ms): Min: 0.0, Avg: 0.2, Max: 0.5, Diff: 0.5, Sum: 0.7]
         [Processed Buffers: Min: 0, Avg: 3.0, Max: 7, Diff: 7, Sum: 12]
      [Scan RS (ms): Min: 0.0, Avg: 0.0, Max: 0.0, Diff: 0.0, Sum: 0.1]
      [Code Root Scanning (ms): Min: 0.0, Avg: 0.0, Max: 0.0, Diff: 0.0, Sum: 0.0]
      [Object Copy (ms): Min: 7.6, Avg: 8.3, Max: 10.2, Diff: 2.6, Sum: 33.3]
      [Termination (ms): Min: 0.0, Avg: 1.9, Max: 2.6, Diff: 2.6, Sum: 7.6]
         [Termination Attempts: Min: 1, Avg: 1.0, Max: 1, Diff: 0, Sum: 4]
      [GC Worker Other (ms): Min: 0.0, Avg: 0.0, Max: 0.0, Diff: 0.0, Sum: 0.1]
      [GC Worker Total (ms): Min: 10.3, Avg: 10.5, Max: 10.9, Diff: 0.7, Sum: 42.0]
      [GC Worker End (ms): Min: 441.7, Avg: 441.7, Max: 441.7, Diff: 0.0]
   [Code Root Fixup: 0.0 ms]
   [Code Root Purge: 0.0 ms]
   [Clear CT: 2.9 ms]
   [Other: 2.0 ms]
      [Choose CSet: 0.0 ms]
      [Ref Proc: 0.8 ms]
      [Ref Enq: 0.0 ms]
      [Redirty Cards: 0.5 ms]
      [Humongous Register: 0.1 ms]
      [Humongous Reclaim: 0.1 ms]
      [Free CSet: 0.1 ms]
   [Eden: 146.0M(146.0M)->0.0B(242.0M) Survivors: 14.0M->20.0M Heap: 390.1M(1024.0M)->256.3M(1024.0M)]
 [Times: user=0.01 sys=0.03, real=0.02 secs] 
[GC pause (G1 Evacuation Pause) (young), 0.0191185 secs]
   [Parallel Time: 16.5 ms, GC Workers: 4]
      [GC Worker Start (ms): Min: 540.9, Avg: 541.0, Max: 541.1, Diff: 0.2]
      [Ext Root Scanning (ms): Min: 0.1, Avg: 0.1, Max: 0.2, Diff: 0.1, Sum: 0.5]
      [Update RS (ms): Min: 0.2, Avg: 0.3, Max: 0.4, Diff: 0.2, Sum: 1.1]
         [Processed Buffers: Min: 0, Avg: 3.2, Max: 5, Diff: 5, Sum: 13]
      [Scan RS (ms): Min: 0.0, Avg: 0.0, Max: 0.1, Diff: 0.1, Sum: 0.2]
      [Code Root Scanning (ms): Min: 0.0, Avg: 0.0, Max: 0.0, Diff: 0.0, Sum: 0.0]
      [Object Copy (ms): Min: 15.3, Avg: 15.3, Max: 15.4, Diff: 0.1, Sum: 61.4]
      [Termination (ms): Min: 0.0, Avg: 0.1, Max: 0.2, Diff: 0.2, Sum: 0.4]
         [Termination Attempts: Min: 1, Avg: 1.0, Max: 1, Diff: 0, Sum: 4]
      [GC Worker Other (ms): Min: 0.0, Avg: 0.0, Max: 0.0, Diff: 0.0, Sum: 0.1]
      [GC Worker Total (ms): Min: 15.8, Avg: 15.9, Max: 16.1, Diff: 0.3, Sum: 63.7]
      [GC Worker End (ms): Min: 556.9, Avg: 556.9, Max: 557.0, Diff: 0.1]
   [Code Root Fixup: 0.0 ms]
   [Code Root Purge: 0.0 ms]
   [Clear CT: 0.5 ms]
   [Other: 2.1 ms]
      [Choose CSet: 0.0 ms]
      [Ref Proc: 0.6 ms]
      [Ref Enq: 0.0 ms]
      [Redirty Cards: 0.8 ms]
      [Humongous Register: 0.2 ms]
      [Humongous Reclaim: 0.2 ms]
      [Free CSet: 0.2 ms]
   [Eden: 242.0M(242.0M)->0.0B(202.0M) Survivors: 20.0M->33.0M Heap: 556.5M(1024.0M)->331.2M(1024.0M)]
 [Times: user=0.03 sys=0.03, real=0.02 secs] 
[GC pause (G1 Evacuation Pause) (young), 0.0149449 secs]
   [Parallel Time: 12.8 ms, GC Workers: 4]
      [GC Worker Start (ms): Min: 603.0, Avg: 603.1, Max: 603.2, Diff: 0.2]
      [Ext Root Scanning (ms): Min: 0.0, Avg: 0.1, Max: 0.2, Diff: 0.2, Sum: 0.5]
      [Update RS (ms): Min: 0.2, Avg: 0.2, Max: 0.3, Diff: 0.0, Sum: 1.0]
         [Processed Buffers: Min: 0, Avg: 4.5, Max: 6, Diff: 6, Sum: 18]
      [Scan RS (ms): Min: 0.0, Avg: 0.0, Max: 0.0, Diff: 0.0, Sum: 0.1]
      [Code Root Scanning (ms): Min: 0.0, Avg: 0.0, Max: 0.0, Diff: 0.0, Sum: 0.0]
      [Object Copy (ms): Min: 11.9, Avg: 12.0, Max: 12.1, Diff: 0.2, Sum: 48.1]
      [Termination (ms): Min: 0.0, Avg: 0.1, Max: 0.2, Diff: 0.2, Sum: 0.4]
         [Termination Attempts: Min: 1, Avg: 1.2, Max: 2, Diff: 1, Sum: 5]
      [GC Worker Other (ms): Min: 0.0, Avg: 0.0, Max: 0.0, Diff: 0.0, Sum: 0.1]
      [GC Worker Total (ms): Min: 12.4, Avg: 12.5, Max: 12.7, Diff: 0.2, Sum: 50.2]
      [GC Worker End (ms): Min: 615.6, Avg: 615.6, Max: 615.6, Diff: 0.0]
   [Code Root Fixup: 0.0 ms]
   [Code Root Purge: 0.0 ms]
   [Clear CT: 0.5 ms]
   [Other: 1.6 ms]
      [Choose CSet: 0.0 ms]
      [Ref Proc: 0.5 ms]
      [Ref Enq: 0.0 ms]
      [Redirty Cards: 0.6 ms]
      [Humongous Register: 0.1 ms]
      [Humongous Reclaim: 0.1 ms]
      [Free CSet: 0.1 ms]
   [Eden: 202.0M(202.0M)->0.0B(245.0M) Survivors: 33.0M->30.0M Heap: 592.0M(1024.0M)->402.6M(1024.0M)]
 [Times: user=0.00 sys=0.04, real=0.02 secs] 
[GC pause (G1 Humongous Allocation) (young) (initial-mark), 0.0099626 secs]
   [Parallel Time: 7.7 ms, GC Workers: 4]
      [GC Worker Start (ms): Min: 636.2, Avg: 636.4, Max: 636.6, Diff: 0.3]
      [Ext Root Scanning (ms): Min: 0.0, Avg: 1.0, Max: 3.1, Diff: 3.1, Sum: 4.0]
      [Update RS (ms): Min: 0.0, Avg: 0.2, Max: 0.4, Diff: 0.4, Sum: 0.9]
         [Processed Buffers: Min: 0, Avg: 4.0, Max: 6, Diff: 6, Sum: 16]
      [Scan RS (ms): Min: 0.0, Avg: 0.0, Max: 0.0, Diff: 0.0, Sum: 0.1]
      [Code Root Scanning (ms): Min: 0.0, Avg: 0.0, Max: 0.0, Diff: 0.0, Sum: 0.0]
      [Object Copy (ms): Min: 3.9, Avg: 5.9, Max: 6.7, Diff: 2.7, Sum: 23.7]
      [Termination (ms): Min: 0.0, Avg: 0.1, Max: 0.2, Diff: 0.2, Sum: 0.4]
         [Termination Attempts: Min: 1, Avg: 1.2, Max: 2, Diff: 1, Sum: 5]
      [GC Worker Other (ms): Min: 0.0, Avg: 0.0, Max: 0.0, Diff: 0.0, Sum: 0.1]
      [GC Worker Total (ms): Min: 7.1, Avg: 7.3, Max: 7.5, Diff: 0.4, Sum: 29.1]
      [GC Worker End (ms): Min: 643.6, Avg: 643.7, Max: 643.7, Diff: 0.1]
   [Code Root Fixup: 0.0 ms]
   [Code Root Purge: 0.0 ms]
   [Clear CT: 0.5 ms]
   [Other: 1.7 ms]
      [Choose CSet: 0.0 ms]
      [Ref Proc: 0.3 ms]
      [Ref Enq: 0.0 ms]
      [Redirty Cards: 0.9 ms]
      [Humongous Register: 0.1 ms]
      [Humongous Reclaim: 0.1 ms]
      [Free CSet: 0.0 ms]
   [Eden: 92.0M(245.0M)->0.0B(247.0M) Survivors: 30.0M->33.0M Heap: 517.3M(1024.0M)->434.5M(1024.0M)]
 [Times: user=0.01 sys=0.01, real=0.00 secs] 
[GC concurrent-root-region-scan-start]
[GC concurrent-root-region-scan-end, 0.0003385 secs]
[GC concurrent-mark-start]
[GC concurrent-mark-end, 0.0068176 secs]
[GC remark [Finalize Marking, 0.0004093 secs] [GC ref-proc, 0.0001216 secs] [Unloading, 0.0006501 secs], 0.0023993 secs]
 [Times: user=0.01 sys=0.00, real=0.01 secs] 
[GC cleanup 451M->437M(1024M), 0.0026621 secs]
 [Times: user=0.00 sys=0.00, real=0.00 secs] 
[GC concurrent-cleanup-start]
[GC concurrent-cleanup-end, 0.0000809 secs]
[GC pause (G1 Evacuation Pause) (young), 0.0171263 secs]
   [Parallel Time: 14.8 ms, GC Workers: 4]
      [GC Worker Start (ms): Min: 731.6, Avg: 731.7, Max: 731.8, Diff: 0.2]
      [Ext Root Scanning (ms): Min: 0.0, Avg: 0.1, Max: 0.2, Diff: 0.2, Sum: 0.4]
      [Update RS (ms): Min: 0.2, Avg: 0.3, Max: 0.3, Diff: 0.1, Sum: 1.0]
         [Processed Buffers: Min: 0, Avg: 4.0, Max: 6, Diff: 6, Sum: 16]
      [Scan RS (ms): Min: 0.0, Avg: 0.0, Max: 0.1, Diff: 0.0, Sum: 0.1]
      [Code Root Scanning (ms): Min: 0.0, Avg: 0.0, Max: 0.0, Diff: 0.0, Sum: 0.0]
      [Object Copy (ms): Min: 14.0, Avg: 14.1, Max: 14.1, Diff: 0.0, Sum: 56.2]
      [Termination (ms): Min: 0.0, Avg: 0.1, Max: 0.1, Diff: 0.1, Sum: 0.3]
         [Termination Attempts: Min: 1, Avg: 1.0, Max: 1, Diff: 0, Sum: 4]
      [GC Worker Other (ms): Min: 0.0, Avg: 0.0, Max: 0.0, Diff: 0.0, Sum: 0.0]
      [GC Worker Total (ms): Min: 14.4, Avg: 14.5, Max: 14.6, Diff: 0.2, Sum: 58.1]
      [GC Worker End (ms): Min: 746.2, Avg: 746.2, Max: 746.2, Diff: 0.0]
   [Code Root Fixup: 0.0 ms]
   [Code Root Purge: 0.0 ms]
   [Clear CT: 0.5 ms]
   [Other: 1.8 ms]
      [Choose CSet: 0.0 ms]
      [Ref Proc: 0.6 ms]
      [Ref Enq: 0.0 ms]
      [Redirty Cards: 0.6 ms]
      [Humongous Register: 0.2 ms]
      [Humongous Reclaim: 0.1 ms]
      [Free CSet: 0.1 ms]
   [Eden: 247.0M(247.0M)->0.0B(16.0M) Survivors: 33.0M->35.0M Heap: 731.1M(1024.0M)->485.2M(1024.0M)]
 [Times: user=0.00 sys=0.05, real=0.02 secs] 
[GC pause (G1 Evacuation Pause) (mixed), 0.0159587 secs]
   [Parallel Time: 6.3 ms, GC Workers: 4]
      [GC Worker Start (ms): Min: 751.7, Avg: 751.8, Max: 751.9, Diff: 0.2]
      [Ext Root Scanning (ms): Min: 0.0, Avg: 0.1, Max: 0.2, Diff: 0.2, Sum: 0.5]
      [Update RS (ms): Min: 0.2, Avg: 0.3, Max: 0.4, Diff: 0.1, Sum: 1.1]
         [Processed Buffers: Min: 0, Avg: 4.2, Max: 6, Diff: 6, Sum: 17]
      [Scan RS (ms): Min: 0.0, Avg: 0.0, Max: 0.1, Diff: 0.1, Sum: 0.2]
      [Code Root Scanning (ms): Min: 0.0, Avg: 0.0, Max: 0.0, Diff: 0.0, Sum: 0.0]
      [Object Copy (ms): Min: 5.5, Avg: 5.6, Max: 5.6, Diff: 0.1, Sum: 22.2]
      [Termination (ms): Min: 0.0, Avg: 0.0, Max: 0.1, Diff: 0.1, Sum: 0.1]
         [Termination Attempts: Min: 1, Avg: 1.0, Max: 1, Diff: 0, Sum: 4]
      [GC Worker Other (ms): Min: 0.0, Avg: 0.0, Max: 0.0, Diff: 0.0, Sum: 0.0]
      [GC Worker Total (ms): Min: 6.0, Avg: 6.1, Max: 6.2, Diff: 0.2, Sum: 24.2]
      [GC Worker End (ms): Min: 757.9, Avg: 757.9, Max: 757.9, Diff: 0.0]
   [Code Root Fixup: 0.0 ms]
   [Code Root Purge: 0.0 ms]
   [Clear CT: 0.4 ms]
   [Other: 9.2 ms]
      [Choose CSet: 0.1 ms]
      [Ref Proc: 8.1 ms]
      [Ref Enq: 0.0 ms]
      [Redirty Cards: 0.5 ms]
      [Humongous Register: 0.2 ms]
      [Humongous Reclaim: 0.1 ms]
      [Free CSet: 0.1 ms]
   [Eden: 16.0M(16.0M)->0.0B(44.0M) Survivors: 35.0M->7168.0K Heap: 506.2M(1024.0M)->410.8M(1024.0M)]
 [Times: user=0.04 sys=0.01, real=0.02 secs] 
[GC pause (G1 Evacuation Pause) (mixed), 0.0041672 secs]
   [Parallel Time: 2.4 ms, GC Workers: 4]
      [GC Worker Start (ms): Min: 776.5, Avg: 776.8, Max: 777.6, Diff: 1.1]
      [Ext Root Scanning (ms): Min: 0.0, Avg: 0.1, Max: 0.2, Diff: 0.2, Sum: 0.5]
      [Update RS (ms): Min: 0.0, Avg: 0.3, Max: 0.4, Diff: 0.4, Sum: 1.2]
         [Processed Buffers: Min: 0, Avg: 5.2, Max: 11, Diff: 11, Sum: 21]
      [Scan RS (ms): Min: 0.0, Avg: 0.0, Max: 0.0, Diff: 0.0, Sum: 0.1]
      [Code Root Scanning (ms): Min: 0.0, Avg: 0.0, Max: 0.0, Diff: 0.0, Sum: 0.0]
      [Object Copy (ms): Min: 1.0, Avg: 1.3, Max: 1.4, Diff: 0.5, Sum: 5.2]
      [Termination (ms): Min: 0.0, Avg: 0.0, Max: 0.1, Diff: 0.1, Sum: 0.1]
         [Termination Attempts: Min: 1, Avg: 1.0, Max: 1, Diff: 0, Sum: 4]
      [GC Worker Other (ms): Min: 0.0, Avg: 0.0, Max: 0.0, Diff: 0.0, Sum: 0.0]
      [GC Worker Total (ms): Min: 1.0, Avg: 1.8, Max: 2.2, Diff: 1.2, Sum: 7.2]
      [GC Worker End (ms): Min: 778.6, Avg: 778.6, Max: 778.7, Diff: 0.1]
   [Code Root Fixup: 0.0 ms]
   [Code Root Purge: 0.0 ms]
   [Clear CT: 0.4 ms]
   [Other: 1.3 ms]
      [Choose CSet: 0.0 ms]
      [Ref Proc: 0.5 ms]
      [Ref Enq: 0.0 ms]
      [Redirty Cards: 0.5 ms]
      [Humongous Register: 0.1 ms]
      [Humongous Reclaim: 0.0 ms]
      [Free CSet: 0.0 ms]
   [Eden: 44.0M(44.0M)->0.0B(320.0M) Survivors: 7168.0K->7168.0K Heap: 463.4M(1024.0M)->422.4M(1024.0M)]
 [Times: user=0.00 sys=0.01, real=0.00 secs] 
[GC pause (G1 Humongous Allocation) (young) (initial-mark), 0.0031903 secs]
   [Parallel Time: 1.7 ms, GC Workers: 4]
      [GC Worker Start (ms): Min: 781.1, Avg: 781.5, Max: 782.0, Diff: 0.9]
      [Ext Root Scanning (ms): Min: 0.0, Avg: 0.6, Max: 0.9, Diff: 0.9, Sum: 2.4]
      [Update RS (ms): Min: 0.0, Avg: 0.1, Max: 0.2, Diff: 0.2, Sum: 0.4]
         [Processed Buffers: Min: 0, Avg: 1.2, Max: 3, Diff: 3, Sum: 5]
      [Scan RS (ms): Min: 0.0, Avg: 0.0, Max: 0.0, Diff: 0.0, Sum: 0.0]
      [Code Root Scanning (ms): Min: 0.0, Avg: 0.0, Max: 0.0, Diff: 0.0, Sum: 0.0]
      [Object Copy (ms): Min: 0.4, Avg: 0.5, Max: 0.5, Diff: 0.1, Sum: 1.9]
      [Termination (ms): Min: 0.0, Avg: 0.0, Max: 0.0, Diff: 0.0, Sum: 0.1]
         [Termination Attempts: Min: 1, Avg: 1.0, Max: 1, Diff: 0, Sum: 4]
      [GC Worker Other (ms): Min: 0.0, Avg: 0.0, Max: 0.0, Diff: 0.0, Sum: 0.0]
      [GC Worker Total (ms): Min: 0.7, Avg: 1.2, Max: 1.6, Diff: 0.9, Sum: 4.8]
      [GC Worker End (ms): Min: 782.7, Avg: 782.7, Max: 782.7, Diff: 0.0]
   [Code Root Fixup: 0.0 ms]
   [Code Root Purge: 0.0 ms]
   [Clear CT: 0.4 ms]
   [Other: 1.1 ms]
      [Choose CSet: 0.0 ms]
      [Ref Proc: 0.5 ms]
      [Ref Enq: 0.0 ms]
      [Redirty Cards: 0.4 ms]
      [Humongous Register: 0.1 ms]
      [Humongous Reclaim: 0.0 ms]
      [Free CSet: 0.0 ms]
   [Eden: 2048.0K(320.0M)->0.0B(332.0M) Survivors: 7168.0K->8192.0K Heap: 424.2M(1024.0M)->423.2M(1024.0M)]
 [Times: user=0.00 sys=0.00, real=0.00 secs] 
[GC concurrent-root-region-scan-start]
[GC concurrent-root-region-scan-end, 0.0001980 secs]
[GC concurrent-mark-start]
[GC concurrent-mark-end, 0.0033146 secs]
[GC remark [Finalize Marking, 0.0004324 secs] [GC ref-proc, 0.0001118 secs] [Unloading, 0.0027321 secs], 0.0053889 secs]
 [Times: user=0.00 sys=0.00, real=0.00 secs] 
[GC cleanup 452M->448M(1024M), 0.0025358 secs]
 [Times: user=0.00 sys=0.00, real=0.01 secs] 
[GC concurrent-cleanup-start]
[GC concurrent-cleanup-end, 0.0000257 secs]
[GC pause (G1 Evacuation Pause) (young) (to-space exhausted), 0.0169214 secs]
   [Parallel Time: 13.8 ms, GC Workers: 4]
      [GC Worker Start (ms): Min: 878.0, Avg: 879.3, Max: 883.0, Diff: 5.0]
      [Ext Root Scanning (ms): Min: 0.0, Avg: 0.1, Max: 0.2, Diff: 0.2, Sum: 0.4]
      [Update RS (ms): Min: 0.0, Avg: 0.2, Max: 0.4, Diff: 0.4, Sum: 1.0]
         [Processed Buffers: Min: 0, Avg: 4.8, Max: 10, Diff: 10, Sum: 19]
      [Scan RS (ms): Min: 0.0, Avg: 0.0, Max: 0.1, Diff: 0.0, Sum: 0.2]
      [Code Root Scanning (ms): Min: 0.0, Avg: 0.0, Max: 0.0, Diff: 0.0, Sum: 0.0]
      [Object Copy (ms): Min: 8.4, Avg: 11.7, Max: 12.8, Diff: 4.5, Sum: 46.7]
      [Termination (ms): Min: 0.0, Avg: 0.1, Max: 0.1, Diff: 0.1, Sum: 0.3]
         [Termination Attempts: Min: 1, Avg: 1.0, Max: 1, Diff: 0, Sum: 4]
      [GC Worker Other (ms): Min: 0.0, Avg: 0.0, Max: 0.0, Diff: 0.0, Sum: 0.1]
      [GC Worker Total (ms): Min: 8.5, Avg: 12.2, Max: 13.4, Diff: 4.9, Sum: 48.6]
      [GC Worker End (ms): Min: 891.4, Avg: 891.4, Max: 891.5, Diff: 0.0]
   [Code Root Fixup: 0.0 ms]
   [Code Root Purge: 0.0 ms]
   [Clear CT: 0.3 ms]
   [Other: 2.8 ms]
      [Evacuation Failure: 1.2 ms]
      [Choose CSet: 0.0 ms]
      [Ref Proc: 0.4 ms]
      [Ref Enq: 0.0 ms]
      [Redirty Cards: 0.4 ms]
      [Humongous Register: 0.2 ms]
      [Humongous Reclaim: 0.3 ms]
      [Free CSet: 0.2 ms]
   [Eden: 332.0M(332.0M)->0.0B(8192.0K) Survivors: 8192.0K->43.0M Heap: 845.5M(1024.0M)->582.0M(1024.0M)]
 [Times: user=0.01 sys=0.03, real=0.02 secs] 
[GC pause (G1 Evacuation Pause) (mixed), 0.0142533 secs]
   [Parallel Time: 6.0 ms, GC Workers: 4]
      [GC Worker Start (ms): Min: 897.3, Avg: 897.4, Max: 897.5, Diff: 0.2]
      [Ext Root Scanning (ms): Min: 0.0, Avg: 0.6, Max: 2.3, Diff: 2.2, Sum: 2.5]
      [Update RS (ms): Min: 0.0, Avg: 0.3, Max: 0.4, Diff: 0.4, Sum: 1.1]
         [Processed Buffers: Min: 0, Avg: 6.0, Max: 9, Diff: 9, Sum: 24]
      [Scan RS (ms): Min: 0.0, Avg: 0.0, Max: 0.1, Diff: 0.1, Sum: 0.2]
      [Code Root Scanning (ms): Min: 0.0, Avg: 0.0, Max: 0.0, Diff: 0.0, Sum: 0.0]
      [Object Copy (ms): Min: 3.6, Avg: 4.8, Max: 5.2, Diff: 1.6, Sum: 19.3]
      [Termination (ms): Min: 0.0, Avg: 0.0, Max: 0.0, Diff: 0.0, Sum: 0.1]
         [Termination Attempts: Min: 1, Avg: 1.0, Max: 1, Diff: 0, Sum: 4]
      [GC Worker Other (ms): Min: 0.0, Avg: 0.0, Max: 0.0, Diff: 0.0, Sum: 0.0]
      [GC Worker Total (ms): Min: 5.7, Avg: 5.8, Max: 5.9, Diff: 0.2, Sum: 23.2]
      [GC Worker End (ms): Min: 903.2, Avg: 903.2, Max: 903.2, Diff: 0.0]
   [Code Root Fixup: 0.0 ms]
   [Code Root Purge: 0.0 ms]
   [Clear CT: 0.4 ms]
   [Other: 7.8 ms]
      [Choose CSet: 0.1 ms]
      [Ref Proc: 0.6 ms]
      [Ref Enq: 0.0 ms]
      [Redirty Cards: 6.6 ms]
      [Humongous Register: 0.2 ms]
      [Humongous Reclaim: 0.1 ms]
      [Free CSet: 0.1 ms]
   [Eden: 8192.0K(8192.0K)->0.0B(252.0M) Survivors: 43.0M->4096.0K Heap: 592.1M(1024.0M)->524.1M(1024.0M)]
 [Times: user=0.01 sys=0.01, real=0.01 secs] 
[GC pause (G1 Humongous Allocation) (young) (initial-mark), 0.0020106 secs]
   [Parallel Time: 0.9 ms, GC Workers: 4]
      [GC Worker Start (ms): Min: 911.9, Avg: 912.0, Max: 912.2, Diff: 0.3]
      [Ext Root Scanning (ms): Min: 0.0, Avg: 0.4, Max: 0.9, Diff: 0.8, Sum: 1.6]
      [Update RS (ms): Min: 0.0, Avg: 0.1, Max: 0.3, Diff: 0.3, Sum: 0.5]
         [Processed Buffers: Min: 0, Avg: 1.2, Max: 3, Diff: 3, Sum: 5]
      [Scan RS (ms): Min: 0.0, Avg: 0.0, Max: 0.0, Diff: 0.0, Sum: 0.0]
      [Code Root Scanning (ms): Min: 0.0, Avg: 0.0, Max: 0.0, Diff: 0.0, Sum: 0.0]
      [Object Copy (ms): Min: 0.0, Avg: 0.2, Max: 0.3, Diff: 0.3, Sum: 0.7]
      [Termination (ms): Min: 0.0, Avg: 0.1, Max: 0.1, Diff: 0.1, Sum: 0.2]
         [Termination Attempts: Min: 1, Avg: 1.0, Max: 1, Diff: 0, Sum: 4]
      [GC Worker Other (ms): Min: 0.0, Avg: 0.0, Max: 0.0, Diff: 0.0, Sum: 0.0]
      [GC Worker Total (ms): Min: 0.6, Avg: 0.8, Max: 0.9, Diff: 0.3, Sum: 3.0]
      [GC Worker End (ms): Min: 912.7, Avg: 912.8, Max: 912.8, Diff: 0.0]
   [Code Root Fixup: 0.0 ms]
   [Code Root Purge: 0.0 ms]
   [Clear CT: 0.3 ms]
   [Other: 0.8 ms]
      [Choose CSet: 0.0 ms]
      [Ref Proc: 0.2 ms]
      [Ref Enq: 0.0 ms]
      [Redirty Cards: 0.3 ms]
      [Humongous Register: 0.1 ms]
      [Humongous Reclaim: 0.0 ms]
      [Free CSet: 0.0 ms]
   [Eden: 1024.0K(252.0M)->0.0B(266.0M) Survivors: 4096.0K->3072.0K Heap: 524.7M(1024.0M)->523.6M(1024.0M)]
 [Times: user=0.00 sys=0.00, real=0.00 secs] 
[GC concurrent-root-region-scan-start]
[GC concurrent-root-region-scan-end, 0.0001624 secs]
[GC concurrent-mark-start]
[GC concurrent-mark-end, 0.0040157 secs]
[GC remark [Finalize Marking, 0.0003024 secs] [GC ref-proc, 0.0001181 secs] [Unloading, 0.0012494 secs], 0.0052672 secs]
 [Times: user=0.00 sys=0.00, real=0.00 secs] 
[GC cleanup 561M->558M(1024M), 0.0024962 secs]
 [Times: user=0.00 sys=0.01, real=0.01 secs] 
[GC concurrent-cleanup-start]
[GC concurrent-cleanup-end, 0.0000254 secs]
[GC pause (G1 Evacuation Pause) (young) (to-space exhausted), 0.0095097 secs]
   [Parallel Time: 7.0 ms, GC Workers: 4]
      [GC Worker Start (ms): Min: 971.8, Avg: 972.5, Max: 974.4, Diff: 2.6]
      [Ext Root Scanning (ms): Min: 0.0, Avg: 0.1, Max: 0.2, Diff: 0.2, Sum: 0.5]
      [Update RS (ms): Min: 0.0, Avg: 0.3, Max: 0.4, Diff: 0.4, Sum: 1.1]
         [Processed Buffers: Min: 0, Avg: 5.2, Max: 10, Diff: 10, Sum: 21]
      [Scan RS (ms): Min: 0.0, Avg: 0.0, Max: 0.0, Diff: 0.0, Sum: 0.1]
      [Code Root Scanning (ms): Min: 0.0, Avg: 0.0, Max: 0.0, Diff: 0.0, Sum: 0.0]
      [Object Copy (ms): Min: 4.2, Avg: 5.7, Max: 6.3, Diff: 2.1, Sum: 22.7]
      [Termination (ms): Min: 0.0, Avg: 0.1, Max: 0.1, Diff: 0.1, Sum: 0.4]
         [Termination Attempts: Min: 1, Avg: 1.0, Max: 1, Diff: 0, Sum: 4]
      [GC Worker Other (ms): Min: 0.0, Avg: 0.0, Max: 0.0, Diff: 0.0, Sum: 0.0]
      [GC Worker Total (ms): Min: 4.3, Avg: 6.2, Max: 6.9, Diff: 2.6, Sum: 24.8]
      [GC Worker End (ms): Min: 978.7, Avg: 978.7, Max: 978.7, Diff: 0.0]
   [Code Root Fixup: 0.0 ms]
   [Code Root Purge: 0.0 ms]
   [Clear CT: 0.5 ms]
   [Other: 1.9 ms]
      [Evacuation Failure: 0.5 ms]
      [Choose CSet: 0.0 ms]
      [Ref Proc: 0.2 ms]
      [Ref Enq: 0.0 ms]
      [Redirty Cards: 0.7 ms]
      [Humongous Register: 0.2 ms]
      [Humongous Reclaim: 0.1 ms]
      [Free CSet: 0.1 ms]
   [Eden: 266.0M(266.0M)->0.0B(17.0M) Survivors: 3072.0K->34.0M Heap: 861.8M(1024.0M)->662.6M(1024.0M)]
 [Times: user=0.02 sys=0.01, real=0.01 secs] 
[GC pause (G1 Evacuation Pause) (mixed), 0.0074319 secs]
   [Parallel Time: 5.1 ms, GC Workers: 4]
      [GC Worker Start (ms): Min: 984.4, Avg: 984.5, Max: 984.6, Diff: 0.1]
      [Ext Root Scanning (ms): Min: 0.1, Avg: 0.2, Max: 0.4, Diff: 0.3, Sum: 0.9]
      [Update RS (ms): Min: 0.3, Avg: 0.4, Max: 0.5, Diff: 0.2, Sum: 1.7]
         [Processed Buffers: Min: 5, Avg: 7.8, Max: 10, Diff: 5, Sum: 31]
      [Scan RS (ms): Min: 0.0, Avg: 0.0, Max: 0.1, Diff: 0.0, Sum: 0.2]
      [Code Root Scanning (ms): Min: 0.0, Avg: 0.0, Max: 0.0, Diff: 0.0, Sum: 0.0]
      [Object Copy (ms): Min: 3.9, Avg: 3.9, Max: 4.0, Diff: 0.0, Sum: 15.7]
      [Termination (ms): Min: 0.0, Avg: 0.0, Max: 0.1, Diff: 0.1, Sum: 0.2]
         [Termination Attempts: Min: 1, Avg: 1.0, Max: 1, Diff: 0, Sum: 4]
      [GC Worker Other (ms): Min: 0.0, Avg: 0.0, Max: 0.0, Diff: 0.0, Sum: 0.0]
      [GC Worker Total (ms): Min: 4.6, Avg: 4.7, Max: 4.7, Diff: 0.1, Sum: 18.7]
      [GC Worker End (ms): Min: 989.1, Avg: 989.2, Max: 989.2, Diff: 0.1]
   [Code Root Fixup: 0.0 ms]
   [Code Root Purge: 0.0 ms]
   [Clear CT: 0.5 ms]
   [Other: 1.9 ms]
      [Choose CSet: 0.0 ms]
      [Ref Proc: 0.4 ms]
      [Ref Enq: 0.0 ms]
      [Redirty Cards: 0.9 ms]
      [Humongous Register: 0.1 ms]
      [Humongous Reclaim: 0.1 ms]
      [Free CSet: 0.2 ms]
   [Eden: 17.0M(17.0M)->0.0B(45.0M) Survivors: 34.0M->6144.0K Heap: 683.4M(1024.0M)->573.9M(1024.0M)]
 [Times: user=0.01 sys=0.01, real=0.01 secs] 
[GC pause (G1 Evacuation Pause) (mixed), 0.0097294 secs]
   [Parallel Time: 6.6 ms, GC Workers: 4]
      [GC Worker Start (ms): Min: 1001.7, Avg: 1003.3, Max: 1007.7, Diff: 6.0]
      [Ext Root Scanning (ms): Min: 0.0, Avg: 0.1, Max: 0.2, Diff: 0.2, Sum: 0.5]
      [Update RS (ms): Min: 0.0, Avg: 0.4, Max: 0.5, Diff: 0.5, Sum: 1.5]
         [Processed Buffers: Min: 0, Avg: 7.0, Max: 12, Diff: 12, Sum: 28]
      [Scan RS (ms): Min: 0.0, Avg: 0.1, Max: 0.1, Diff: 0.0, Sum: 0.2]
      [Code Root Scanning (ms): Min: 0.0, Avg: 0.0, Max: 0.0, Diff: 0.0, Sum: 0.0]
      [Object Copy (ms): Min: 0.3, Avg: 4.3, Max: 5.6, Diff: 5.3, Sum: 17.0]
      [Termination (ms): Min: 0.0, Avg: 0.0, Max: 0.1, Diff: 0.1, Sum: 0.1]
         [Termination Attempts: Min: 1, Avg: 1.0, Max: 1, Diff: 0, Sum: 4]
      [GC Worker Other (ms): Min: 0.0, Avg: 0.0, Max: 0.0, Diff: 0.0, Sum: 0.0]
      [GC Worker Total (ms): Min: 0.4, Avg: 4.9, Max: 6.4, Diff: 6.0, Sum: 19.4]
      [GC Worker End (ms): Min: 1008.1, Avg: 1008.1, Max: 1008.1, Diff: 0.0]
   [Code Root Fixup: 0.0 ms]
   [Code Root Purge: 0.0 ms]
   [Clear CT: 0.7 ms]
   [Other: 2.4 ms]
      [Choose CSet: 0.0 ms]
      [Ref Proc: 1.4 ms]
      [Ref Enq: 0.0 ms]
      [Redirty Cards: 0.5 ms]
      [Humongous Register: 0.2 ms]
      [Humongous Reclaim: 0.1 ms]
      [Free CSet: 0.1 ms]
   [Eden: 45.0M(45.0M)->0.0B(269.0M) Survivors: 6144.0K->7168.0K Heap: 632.1M(1024.0M)->523.3M(1024.0M)]
 [Times: user=0.01 sys=0.01, real=0.01 secs] 
[GC pause (G1 Humongous Allocation) (young) (initial-mark), 0.0040878 secs]
   [Parallel Time: 1.5 ms, GC Workers: 4]
      [GC Worker Start (ms): Min: 1012.5, Avg: 1012.6, Max: 1012.7, Diff: 0.3]
      [Ext Root Scanning (ms): Min: 0.0, Avg: 0.6, Max: 1.1, Diff: 1.1, Sum: 2.2]
      [Update RS (ms): Min: 0.0, Avg: 0.1, Max: 0.2, Diff: 0.2, Sum: 0.3]
         [Processed Buffers: Min: 0, Avg: 1.2, Max: 3, Diff: 3, Sum: 5]
      [Scan RS (ms): Min: 0.0, Avg: 0.0, Max: 0.0, Diff: 0.0, Sum: 0.0]
      [Code Root Scanning (ms): Min: 0.0, Avg: 0.0, Max: 0.0, Diff: 0.0, Sum: 0.0]
      [Object Copy (ms): Min: 0.0, Avg: 0.3, Max: 0.6, Diff: 0.5, Sum: 1.1]
      [Termination (ms): Min: 0.0, Avg: 0.1, Max: 0.2, Diff: 0.2, Sum: 0.4]
         [Termination Attempts: Min: 1, Avg: 1.0, Max: 1, Diff: 0, Sum: 4]
      [GC Worker Other (ms): Min: 0.0, Avg: 0.0, Max: 0.0, Diff: 0.0, Sum: 0.0]
      [GC Worker Total (ms): Min: 0.9, Avg: 1.0, Max: 1.1, Diff: 0.2, Sum: 4.0]
      [GC Worker End (ms): Min: 1013.6, Avg: 1013.6, Max: 1013.6, Diff: 0.0]
   [Code Root Fixup: 0.0 ms]
   [Code Root Purge: 0.0 ms]
   [Clear CT: 0.5 ms]
   [Other: 2.1 ms]
      [Choose CSet: 0.0 ms]
      [Ref Proc: 0.4 ms]
      [Ref Enq: 0.0 ms]
      [Redirty Cards: 1.3 ms]
      [Humongous Register: 0.1 ms]
      [Humongous Reclaim: 0.0 ms]
      [Free CSet: 0.0 ms]
   [Eden: 6144.0K(269.0M)->0.0B(273.0M) Survivors: 7168.0K->9216.0K Heap: 528.7M(1024.0M)->524.9M(1024.0M)]
 [Times: user=0.00 sys=0.00, real=0.01 secs] 
[GC concurrent-root-region-scan-start]
[GC concurrent-root-region-scan-end, 0.0002079 secs]
[GC concurrent-mark-start]
[GC concurrent-mark-end, 0.0038435 secs]
[GC remark [Finalize Marking, 0.0005703 secs] [GC ref-proc, 0.0001686 secs] [Unloading, 0.0005211 secs], 0.0029780 secs]
 [Times: user=0.01 sys=0.01, real=0.00 secs] 
[GC cleanup 557M->554M(1024M), 0.0022170 secs]
 [Times: user=0.00 sys=0.00, real=0.00 secs] 
[GC concurrent-cleanup-start]
[GC concurrent-cleanup-end, 0.0000327 secs]
[GC pause (G1 Evacuation Pause) (young) (to-space exhausted), 0.0096040 secs]
   [Parallel Time: 7.3 ms, GC Workers: 4]
      [GC Worker Start (ms): Min: 1071.3, Avg: 1071.4, Max: 1071.5, Diff: 0.2]
      [Ext Root Scanning (ms): Min: 0.0, Avg: 0.1, Max: 0.3, Diff: 0.2, Sum: 0.6]
      [Update RS (ms): Min: 0.5, Avg: 0.6, Max: 0.6, Diff: 0.0, Sum: 2.2]
         [Processed Buffers: Min: 2, Avg: 9.0, Max: 12, Diff: 10, Sum: 36]
      [Scan RS (ms): Min: 0.0, Avg: 0.0, Max: 0.0, Diff: 0.0, Sum: 0.2]
      [Code Root Scanning (ms): Min: 0.0, Avg: 0.0, Max: 0.0, Diff: 0.0, Sum: 0.0]
      [Object Copy (ms): Min: 6.0, Avg: 6.0, Max: 6.0, Diff: 0.0, Sum: 24.1]
      [Termination (ms): Min: 0.0, Avg: 0.0, Max: 0.0, Diff: 0.0, Sum: 0.1]
         [Termination Attempts: Min: 1, Avg: 1.2, Max: 2, Diff: 1, Sum: 5]
      [GC Worker Other (ms): Min: 0.0, Avg: 0.0, Max: 0.1, Diff: 0.1, Sum: 0.1]
      [GC Worker Total (ms): Min: 6.7, Avg: 6.8, Max: 6.9, Diff: 0.2, Sum: 27.2]
      [GC Worker End (ms): Min: 1078.2, Avg: 1078.2, Max: 1078.2, Diff: 0.1]
   [Code Root Fixup: 0.0 ms]
   [Code Root Purge: 0.0 ms]
   [Clear CT: 0.4 ms]
   [Other: 1.9 ms]
      [Evacuation Failure: 0.6 ms]
      [Choose CSet: 0.0 ms]
      [Ref Proc: 0.4 ms]
      [Ref Enq: 0.0 ms]
      [Redirty Cards: 0.3 ms]
      [Humongous Register: 0.2 ms]
      [Humongous Reclaim: 0.2 ms]
      [Free CSet: 0.1 ms]
   [Eden: 273.0M(273.0M)->0.0B(15.0M) Survivors: 9216.0K->36.0M Heap: 866.3M(1024.0M)->680.5M(1024.0M)]
 [Times: user=0.01 sys=0.03, real=0.01 secs] 
[GC pause (G1 Evacuation Pause) (mixed), 0.0125376 secs]
   [Parallel Time: 9.7 ms, GC Workers: 4]
      [GC Worker Start (ms): Min: 1083.8, Avg: 1085.2, Max: 1086.6, Diff: 2.7]
      [Ext Root Scanning (ms): Min: 0.0, Avg: 0.1, Max: 0.2, Diff: 0.2, Sum: 0.3]
      [Update RS (ms): Min: 0.0, Avg: 0.4, Max: 0.9, Diff: 0.9, Sum: 1.7]
         [Processed Buffers: Min: 0, Avg: 7.8, Max: 20, Diff: 20, Sum: 31]
      [Scan RS (ms): Min: 0.0, Avg: 0.1, Max: 0.2, Diff: 0.1, Sum: 0.3]
      [Code Root Scanning (ms): Min: 0.0, Avg: 0.0, Max: 0.0, Diff: 0.0, Sum: 0.0]
      [Object Copy (ms): Min: 6.8, Avg: 7.5, Max: 8.3, Diff: 1.6, Sum: 30.2]
      [Termination (ms): Min: 0.0, Avg: 0.0, Max: 0.1, Diff: 0.1, Sum: 0.2]
         [Termination Attempts: Min: 1, Avg: 1.0, Max: 1, Diff: 0, Sum: 4]
      [GC Worker Other (ms): Min: 0.0, Avg: 0.0, Max: 0.0, Diff: 0.0, Sum: 0.0]
      [GC Worker Total (ms): Min: 6.8, Avg: 8.2, Max: 9.6, Diff: 2.7, Sum: 32.7]
      [GC Worker End (ms): Min: 1093.4, Avg: 1093.4, Max: 1093.4, Diff: 0.0]
   [Code Root Fixup: 0.0 ms]
   [Code Root Purge: 0.0 ms]
   [Clear CT: 0.9 ms]
   [Other: 2.0 ms]
      [Choose CSet: 0.0 ms]
      [Ref Proc: 1.1 ms]
      [Ref Enq: 0.0 ms]
      [Redirty Cards: 0.4 ms]
      [Humongous Register: 0.1 ms]
      [Humongous Reclaim: 0.1 ms]
      [Free CSet: 0.1 ms]
   [Eden: 15.0M(15.0M)->0.0B(46.0M) Survivors: 36.0M->5120.0K Heap: 700.3M(1024.0M)->592.7M(1024.0M)]
 [Times: user=0.00 sys=0.02, real=0.02 secs] 
执行结束!共生成对象次数:11416
Heap
 garbage-first heap   total 1048576K, used 606974K [0x00000000c0000000, 0x00000000c0102000, 0x0000000100000000)
  region size 1024K, 6 young (6144K), 5 survivors (5120K)
 Metaspace       used 2535K, capacity 4486K, committed 4864K, reserved 1056768K
  class space    used 273K, capacity 386K, committed 512K, reserved 1048576K
``` 
